[2J[01;01H[=3h[2J[01;01H[2J[01;01H[=3h[2J[01;01H[2J[01;01H[=3h[2J[01;01HBdsDxe: loading Boot0001 "UEFI QEMU HARDDISK QM00001 " from PciRoot(0x0)/Pci(0x1F,0x2)/Sata(0x0,0xFFFF,0x0)
BdsDxe: starting Boot0001 "UEFI QEMU HARDDISK QM00001 " from PciRoot(0x0)/Pci(0x1F,0x2)/Sata(0x0,0xFFFF,0x0)
NXASID: ENTRY host=x86_64 authored=true profile=immutable-asid8-el1
NXASID: ENTRY host=x86_64 authored=true profile=immutable-asid8-el1
NXASID: CASE granule=4096 profile=1 upper=false a1=false tag0=0 tag1=255 status=1 retired=9 fetch=9 data=2 completed=2 provider=0 mmfr0=0xf100005 tcr=0x580100010 ttbr0=0x30000000 ttbr1=0xff000030001000 pass=true
NXASID: CASE granule=4096 profile=1 upper=false a1=false tag0=1 tag1=254 status=1 retired=9 fetch=9 data=2 completed=2 provider=0 mmfr0=0xf100005 tcr=0x580100010 ttbr0=0x1000030000000 ttbr1=0xfe000030001000 pass=true
NXASID: CASE granule=4096 profile=1 upper=false a1=false tag0=127 tag1=128 status=1 retired=9 fetch=9 data=2 completed=2 provider=0 mmfr0=0xf100005 tcr=0x580100010 ttbr0=0x7f000030000000 ttbr1=0x80000030001000 pass=true
NXASID: CASE granule=4096 profile=1 upper=false a1=false tag0=255 tag1=0 status=1 retired=9 fetch=9 data=2 completed=2 provider=0 mmfr0=0xf100005 tcr=0x580100010 ttbr0=0xff000030000000 ttbr1=0x30001000 pass=true
NXASID: CASE granule=4096 profile=1 upper=false a1=true tag0=0 tag1=255 status=1 retired=9 fetch=9 data=2 completed=2 provider=0 mmfr0=0xf100005 tcr=0x580500010 ttbr0=0x30000000 ttbr1=0xff000030001000 pass=true
NXASID: CASE granule=4096 profile=1 upper=false a1=true tag0=1 tag1=254 status=1 retired=9 fetch=9 data=2 completed=2 provider=0 mmfr0=0xf100005 tcr=0x580500010 ttbr0=0x1000030000000 ttbr1=0xfe000030001000 pass=true
NXASID: CASE granule=4096 profile=1 upper=false a1=true tag0=127 tag1=128 status=1 retired=9 fetch=9 data=2 completed=2 provider=0 mmfr0=0xf100005 tcr=0x580500010 ttbr0=0x7f000030000000 ttbr1=0x80000030001000 pass=true
NXASID: CASE granule=4096 profile=1 upper=false a1=true tag0=255 tag1=0 status=1 retired=9 fetch=9 data=2 completed=2 provider=0 mmfr0=0xf100005 tcr=0x580500010 ttbr0=0xff000030000000 ttbr1=0x30001000 pass=true
NXASID: CASE granule=4096 profile=1 upper=true a1=false tag0=0 tag1=255 status=1 retired=9 fetch=9 data=2 completed=2 provider=0 mmfr0=0xf100005 tcr=0x580100010 ttbr0=0x30000000 ttbr1=0xff000030001000 pass=true
NXASID: CASE granule=4096 profile=1 upper=true a1=false tag0=1 tag1=254 status=1 retired=9 fetch=9 data=2 completed=2 provider=0 mmfr0=0xf100005 tcr=0x580100010 ttbr0=0x1000030000000 ttbr1=0xfe000030001000 pass=true
NXASID: CASE granule=4096 profile=1 upper=true a1=false tag0=127 tag1=128 status=1 retired=9 fetch=9 data=2 completed=2 provider=0 mmfr0=0xf100005 tcr=0x580100010 ttbr0=0x7f000030000000 ttbr1=0x80000030001000 pass=true
NXASID: CASE granule=4096 profile=1 upper=true a1=false tag0=255 tag1=0 status=1 retired=9 fetch=9 data=2 completed=2 provider=0 mmfr0=0xf100005 tcr=0x580100010 ttbr0=0xff000030000000 ttbr1=0x30001000 pass=true
NXASID: CASE granule=4096 profile=1 upper=true a1=true tag0=0 tag1=255 status=1 retired=9 fetch=9 data=2 completed=2 provider=0 mmfr0=0xf100005 tcr=0x580500010 ttbr0=0x30000000 ttbr1=0xff000030001000 pass=true
NXASID: CASE granule=4096 profile=1 upper=true a1=true tag0=1 tag1=254 status=1 retired=9 fetch=9 data=2 completed=2 provider=0 mmfr0=0xf100005 tcr=0x580500010 ttbr0=0x1000030000000 ttbr1=0xfe000030001000 pass=true
NXASID: CASE granule=4096 profile=1 upper=true a1=true tag0=127 tag1=128 status=1 retired=9 fetch=9 data=2 completed=2 provider=0 mmfr0=0xf100005 tcr=0x580500010 ttbr0=0x7f000030000000 ttbr1=0x80000030001000 pass=true
NXASID: CASE granule=4096 profile=1 upper=true a1=true tag0=255 tag1=0 status=1 retired=9 fetch=9 data=2 completed=2 provider=0 mmfr0=0xf100005 tcr=0x580500010 ttbr0=0xff000030000000 ttbr1=0x30001000 pass=true
NXASID: CASE granule=4096 profile=3 upper=false a1=false tag0=0 tag1=255 status=1 retired=9 fetch=9 data=2 completed=2 provider=0 mmfr0=0xf100005 tcr=0x580100010 ttbr0=0x30000000 ttbr1=0xff000030001000 pass=true
NXASID: CASE granule=4096 profile=3 upper=false a1=false tag0=1 tag1=254 status=1 retired=9 fetch=9 data=2 completed=2 provider=0 mmfr0=0xf100005 tcr=0x580100010 ttbr0=0x1000030000000 ttbr1=0xfe000030001000 pass=true
NXASID: CASE granule=4096 profile=3 upper=false a1=false tag0=127 tag1=128 status=1 retired=9 fetch=9 data=2 completed=2 provider=0 mmfr0=0xf100005 tcr=0x580100010 ttbr0=0x7f000030000000 ttbr1=0x80000030001000 pass=true
NXASID: CASE granule=4096 profile=3 upper=false a1=false tag0=255 tag1=0 status=1 retired=9 fetch=9 data=2 completed=2 provider=0 mmfr0=0xf100005 tcr=0x580100010 ttbr0=0xff000030000000 ttbr1=0x30001000 pass=true
NXASID: CASE granule=4096 profile=3 upper=false a1=true tag0=0 tag1=255 status=1 retired=9 fetch=9 data=2 completed=2 provider=0 mmfr0=0xf100005 tcr=0x580500010 ttbr0=0x30000000 ttbr1=0xff000030001000 pass=true
NXASID: CASE granule=4096 profile=3 upper=false a1=true tag0=1 tag1=254 status=1 retired=9 fetch=9 data=2 completed=2 provider=0 mmfr0=0xf100005 tcr=0x580500010 ttbr0=0x1000030000000 ttbr1=0xfe000030001000 pass=true
NXASID: CASE granule=4096 profile=3 upper=false a1=true tag0=127 tag1=128 status=1 retired=9 fetch=9 data=2 completed=2 provider=0 mmfr0=0xf100005 tcr=0x580500010 ttbr0=0x7f000030000000 ttbr1=0x80000030001000 pass=true
NXASID: CASE granule=4096 profile=3 upper=false a1=true tag0=255 tag1=0 status=1 retired=9 fetch=9 data=2 completed=2 provider=0 mmfr0=0xf100005 tcr=0x580500010 ttbr0=0xff000030000000 ttbr1=0x30001000 pass=true
NXASID: CASE granule=4096 profile=3 upper=true a1=false tag0=0 tag1=255 status=1 retired=9 fetch=9 data=2 completed=2 provider=0 mmfr0=0xf100005 tcr=0x580100010 ttbr0=0x30000000 ttbr1=0xff000030001000 pass=true
NXASID: CASE granule=4096 profile=3 upper=true a1=false tag0=1 tag1=254 status=1 retired=9 fetch=9 data=2 completed=2 provider=0 mmfr0=0xf100005 tcr=0x580100010 ttbr0=0x1000030000000 ttbr1=0xfe000030001000 pass=true
NXASID: CASE granule=4096 profile=3 upper=true a1=false tag0=127 tag1=128 status=1 retired=9 fetch=9 data=2 completed=2 provider=0 mmfr0=0xf100005 tcr=0x580100010 ttbr0=0x7f000030000000 ttbr1=0x80000030001000 pass=true
NXASID: CASE granule=4096 profile=3 upper=true a1=false tag0=255 tag1=0 status=1 retired=9 fetch=9 data=2 completed=2 provider=0 mmfr0=0xf100005 tcr=0x580100010 ttbr0=0xff000030000000 ttbr1=0x30001000 pass=true
NXASID: CASE granule=4096 profile=3 upper=true a1=true tag0=0 tag1=255 status=1 retired=9 fetch=9 data=2 completed=2 provider=0 mmfr0=0xf100005 tcr=0x580500010 ttbr0=0x30000000 ttbr1=0xff000030001000 pass=true
NXASID: CASE granule=4096 profile=3 upper=true a1=true tag0=1 tag1=254 status=1 retired=9 fetch=9 data=2 completed=2 provider=0 mmfr0=0xf100005 tcr=0x580500010 ttbr0=0x1000030000000 ttbr1=0xfe000030001000 pass=true
NXASID: CASE granule=4096 profile=3 upper=true a1=true tag0=127 tag1=128 status=1 retired=9 fetch=9 data=2 completed=2 provider=0 mmfr0=0xf100005 tcr=0x580500010 ttbr0=0x7f000030000000 ttbr1=0x80000030001000 pass=true
NXASID: CASE granule=4096 profile=3 upper=true a1=true tag0=255 tag1=0 status=1 retired=9 fetch=9 data=2 completed=2 provider=0 mmfr0=0xf100005 tcr=0x580500010 ttbr0=0xff000030000000 ttbr1=0x30001000 pass=true
NXASID: CASE granule=16384 profile=1 upper=false a1=false tag0=0 tag1=255 status=1 retired=9 fetch=9 data=2 completed=2 provider=0 mmfr0=0xf100005 tcr=0x540118011 ttbr0=0x30000000 ttbr1=0xff000030004000 pass=true
NXASID: CASE granule=16384 profile=1 upper=false a1=false tag0=1 tag1=254 status=1 retired=9 fetch=9 data=2 completed=2 provider=0 mmfr0=0xf100005 tcr=0x540118011 ttbr0=0x1000030000000 ttbr1=0xfe000030004000 pass=true
NXASID: CASE granule=16384 profile=1 upper=false a1=false tag0=127 tag1=128 status=1 retired=9 fetch=9 data=2 completed=2 provider=0 mmfr0=0xf100005 tcr=0x540118011 ttbr0=0x7f000030000000 ttbr1=0x80000030004000 pass=true
NXASID: CASE granule=16384 profile=1 upper=false a1=false tag0=255 tag1=0 status=1 retired=9 fetch=9 data=2 completed=2 provider=0 mmfr0=0xf100005 tcr=0x540118011 ttbr0=0xff000030000000 ttbr1=0x30004000 pass=true
NXASID: CASE granule=16384 profile=1 upper=false a1=true tag0=0 tag1=255 status=1 retired=9 fetch=9 data=2 completed=2 provider=0 mmfr0=0xf100005 tcr=0x540518011 ttbr0=0x30000000 ttbr1=0xff000030004000 pass=true
NXASID: CASE granule=16384 profile=1 upper=false a1=true tag0=1 tag1=254 status=1 retired=9 fetch=9 data=2 completed=2 provider=0 mmfr0=0xf100005 tcr=0x540518011 ttbr0=0x1000030000000 ttbr1=0xfe000030004000 pass=true
NXASID: CASE granule=16384 profile=1 upper=false a1=true tag0=127 tag1=128 status=1 retired=9 fetch=9 data=2 completed=2 provider=0 mmfr0=0xf100005 tcr=0x540518011 ttbr0=0x7f000030000000 ttbr1=0x80000030004000 pass=true
NXASID: CASE granule=16384 profile=1 upper=false a1=true tag0=255 tag1=0 status=1 retired=9 fetch=9 data=2 completed=2 provider=0 mmfr0=0xf100005 tcr=0x540518011 ttbr0=0xff000030000000 ttbr1=0x30004000 pass=true
NXASID: CASE granule=16384 profile=1 upper=true a1=false tag0=0 tag1=255 status=1 retired=9 fetch=9 data=2 completed=2 provider=0 mmfr0=0xf100005 tcr=0x540118011 ttbr0=0x30000000 ttbr1=0xff000030004000 pass=true
NXASID: CASE granule=16384 profile=1 upper=true a1=false tag0=1 tag1=254 status=1 retired=9 fetch=9 data=2 completed=2 provider=0 mmfr0=0xf100005 tcr=0x540118011 ttbr0=0x1000030000000 ttbr1=0xfe000030004000 pass=true
NXASID: CASE granule=16384 profile=1 upper=true a1=false tag0=127 tag1=128 status=1 retired=9 fetch=9 data=2 completed=2 provider=0 mmfr0=0xf100005 tcr=0x540118011 ttbr0=0x7f000030000000 ttbr1=0x80000030004000 pass=true
NXASID: CASE granule=16384 profile=1 upper=true a1=false tag0=255 tag1=0 status=1 retired=9 fetch=9 data=2 completed=2 provider=0 mmfr0=0xf100005 tcr=0x540118011 ttbr0=0xff000030000000 ttbr1=0x30004000 pass=true
NXASID: CASE granule=16384 profile=1 upper=true a1=true tag0=0 tag1=255 status=1 retired=9 fetch=9 data=2 completed=2 provider=0 mmfr0=0xf100005 tcr=0x540518011 ttbr0=0x30000000 ttbr1=0xff000030004000 pass=true
NXASID: CASE granule=16384 profile=1 upper=true a1=true tag0=1 tag1=254 status=1 retired=9 fetch=9 data=2 completed=2 provider=0 mmfr0=0xf100005 tcr=0x540518011 ttbr0=0x1000030000000 ttbr1=0xfe000030004000 pass=true
NXASID: CASE granule=16384 profile=1 upper=true a1=true tag0=127 tag1=128 status=1 retired=9 fetch=9 data=2 completed=2 provider=0 mmfr0=0xf100005 tcr=0x540518011 ttbr0=0x7f000030000000 ttbr1=0x80000030004000 pass=true
NXASID: CASE granule=16384 profile=1 upper=true a1=true tag0=255 tag1=0 status=1 retired=9 fetch=9 data=2 completed=2 provider=0 mmfr0=0xf100005 tcr=0x540518011 ttbr0=0xff000030000000 ttbr1=0x30004000 pass=true
NXASID: CASE granule=16384 profile=3 upper=false a1=false tag0=0 tag1=255 status=1 retired=9 fetch=9 data=2 completed=2 provider=0 mmfr0=0xf100005 tcr=0x540118011 ttbr0=0x30000000 ttbr1=0xff000030004000 pass=true
NXASID: CASE granule=16384 profile=3 upper=false a1=false tag0=1 tag1=254 status=1 retired=9 fetch=9 data=2 completed=2 provider=0 mmfr0=0xf100005 tcr=0x540118011 ttbr0=0x1000030000000 ttbr1=0xfe000030004000 pass=true
NXASID: CASE granule=16384 profile=3 upper=false a1=false tag0=127 tag1=128 status=1 retired=9 fetch=9 data=2 completed=2 provider=0 mmfr0=0xf100005 tcr=0x540118011 ttbr0=0x7f000030000000 ttbr1=0x80000030004000 pass=true
NXASID: CASE granule=16384 profile=3 upper=false a1=false tag0=255 tag1=0 status=1 retired=9 fetch=9 data=2 completed=2 provider=0 mmfr0=0xf100005 tcr=0x540118011 ttbr0=0xff000030000000 ttbr1=0x30004000 pass=true
NXASID: CASE granule=16384 profile=3 upper=false a1=true tag0=0 tag1=255 status=1 retired=9 fetch=9 data=2 completed=2 provider=0 mmfr0=0xf100005 tcr=0x540518011 ttbr0=0x30000000 ttbr1=0xff000030004000 pass=true
NXASID: CASE granule=16384 profile=3 upper=false a1=true tag0=1 tag1=254 status=1 retired=9 fetch=9 data=2 completed=2 provider=0 mmfr0=0xf100005 tcr=0x540518011 ttbr0=0x1000030000000 ttbr1=0xfe000030004000 pass=true
NXASID: CASE granule=16384 profile=3 upper=false a1=true tag0=127 tag1=128 status=1 retired=9 fetch=9 data=2 completed=2 provider=0 mmfr0=0xf100005 tcr=0x540518011 ttbr0=0x7f000030000000 ttbr1=0x80000030004000 pass=true
NXASID: CASE granule=16384 profile=3 upper=false a1=true tag0=255 tag1=0 status=1 retired=9 fetch=9 data=2 completed=2 provider=0 mmfr0=0xf100005 tcr=0x540518011 ttbr0=0xff000030000000 ttbr1=0x30004000 pass=true
NXASID: CASE granule=16384 profile=3 upper=true a1=false tag0=0 tag1=255 status=1 retired=9 fetch=9 data=2 completed=2 provider=0 mmfr0=0xf100005 tcr=0x540118011 ttbr0=0x30000000 ttbr1=0xff000030004000 pass=true
NXASID: CASE granule=16384 profile=3 upper=true a1=false tag0=1 tag1=254 status=1 retired=9 fetch=9 data=2 completed=2 provider=0 mmfr0=0xf100005 tcr=0x540118011 ttbr0=0x1000030000000 ttbr1=0xfe000030004000 pass=true
NXASID: CASE granule=16384 profile=3 upper=true a1=false tag0=127 tag1=128 status=1 retired=9 fetch=9 data=2 completed=2 provider=0 mmfr0=0xf100005 tcr=0x540118011 ttbr0=0x7f000030000000 ttbr1=0x80000030004000 pass=true
NXASID: CASE granule=16384 profile=3 upper=true a1=false tag0=255 tag1=0 status=1 retired=9 fetch=9 data=2 completed=2 provider=0 mmfr0=0xf100005 tcr=0x540118011 ttbr0=0xff000030000000 ttbr1=0x30004000 pass=true
NXASID: CASE granule=16384 profile=3 upper=true a1=true tag0=0 tag1=255 status=1 retired=9 fetch=9 data=2 completed=2 provider=0 mmfr0=0xf100005 tcr=0x540518011 ttbr0=0x30000000 ttbr1=0xff000030004000 pass=true
NXASID: CASE granule=16384 profile=3 upper=true a1=true tag0=1 tag1=254 status=1 retired=9 fetch=9 data=2 completed=2 provider=0 mmfr0=0xf100005 tcr=0x540518011 ttbr0=0x1000030000000 ttbr1=0xfe000030004000 pass=true
NXASID: CASE granule=16384 profile=3 upper=true a1=true tag0=127 tag1=128 status=1 retired=9 fetch=9 data=2 completed=2 provider=0 mmfr0=0xf100005 tcr=0x540518011 ttbr0=0x7f000030000000 ttbr1=0x80000030004000 pass=true
NXASID: CASE granule=16384 profile=3 upper=true a1=true tag0=255 tag1=0 status=1 retired=9 fetch=9 data=2 completed=2 provider=0 mmfr0=0xf100005 tcr=0x540518011 ttbr0=0xff000030000000 ttbr1=0x30004000 pass=true
NXASID: PASS cases=64 physical_boot_verified=false macos_boot_verified=false
