    Updating git repository `https://github.com/26x86/Nextcore-Core.git`
From https://github.com/26x86/Nextcore-Core
 * [new ref]         40833dc29d8bcd2976d0a13c2f120533d02500c4 -> refs/commit/40833dc29d8bcd2976d0a13c2f120533d02500c4
    Updating git repository `https://github.com/26x86/Nextcore-ISE.git`
From https://github.com/26x86/Nextcore-ISE
 * [new ref]         720d7c61140e39da0f457192bd88138a52017e22 -> refs/commit/720d7c61140e39da0f457192bd88138a52017e22
    Updating crates.io index
     Locking 23 packages to latest compatible versions
 Downloading crates ...
  Downloaded bit_field v0.10.3
  Downloaded cfg-if v1.0.4
  Downloaded bitflags v2.13.1
  Downloaded proc-macro2 v1.0.107
  Downloaded quote v1.0.47
  Downloaded ucs2 v0.3.3
  Downloaded syn v3.0.5
  Downloaded log v0.4.34
  Downloaded uefi-raw v0.16.0
  Downloaded ptr_meta_derive v0.3.2
  Downloaded thiserror v2.0.20
  Downloaded uefi-macros v0.19.0
  Downloaded memchr v2.8.3
  Downloaded syn v2.0.119
  Downloaded uguid v2.2.1
  Downloaded unicode-ident v1.0.24
  Downloaded ptr_meta v0.3.2
  Downloaded uefi v0.40.0
  Downloaded thiserror-impl v2.0.20
  Downloaded roxmltree v0.21.1
   Compiling proc-macro2 v1.0.107
   Compiling quote v1.0.47
   Compiling unicode-ident v1.0.24
   Compiling thiserror v2.0.20
   Compiling log v0.4.34
   Compiling bitflags v2.13.1
   Compiling bit_field v0.10.3
   Compiling uguid v2.2.1
   Compiling memchr v2.8.3
   Compiling cfg-if v1.0.4
   Compiling ucs2 v0.3.3
   Compiling uefi-raw v0.16.0
   Compiling roxmltree v0.21.1
   Compiling nextcore-core v0.1.0 (https://github.com/26x86/Nextcore-Core.git?rev=40833dc29d8bcd2976d0a13c2f120533d02500c4#40833dc2)
   Compiling syn v3.0.5
   Compiling syn v2.0.119
   Compiling uefi-macros v0.19.0
   Compiling thiserror-impl v2.0.20
   Compiling ptr_meta_derive v0.3.2
   Compiling ptr_meta v0.3.2
   Compiling uefi v0.40.0
   Compiling nextcore-ise v0.1.0 (https://github.com/26x86/Nextcore-ISE.git?rev=720d7c61140e39da0f457192bd88138a52017e22#720d7c61)
   Compiling nextcore-efi v0.1.0 (/home/sharh/work/module-validation-bp32-efi-final-20260909/EFI)
warning: associated items `allocate`, `base`, and `bytes` are never used
  --> src/arm_pages.rs:17:12
   |
16 | impl ArmPages {
   | ------------- associated items in this implementation
17 |     pub fn allocate(bytes: usize, fixed: Option<u64>) -> Result<Self, Status> {
   |            ^^^^^^^^
...
74 |     pub fn base(&self) -> u64 {
   |            ^^^^
...
77 |     pub fn bytes(&self) -> usize {
   |            ^^^^^
   |
   = note: `#[warn(dead_code)]` (part of `#[warn(unused)]`) on by default

warning: `nextcore-efi` (bin "NXARMJIT") generated 1 warning
    Finished `release` profile [optimized] target(s) in 13.79s
