Cloning into '/home/sharh/work/integration-validation-bp33-corrected-20260909/26x86'...
Updating files:  95% (4408/4623)Updating files:  96% (4439/4623)Updating files:  97% (4485/4623)Updating files:  98% (4531/4623)Updating files:  99% (4577/4623)Updating files: 100% (4623/4623)Updating files: 100% (4623/4623), done.
Submodule 'nextcore-apls' (https://github.com/26x86/Nextcore-APLS.git) registered for path 'nextcore/crates/nextcore-apls'
Submodule 'nextcore-core' (https://github.com/26x86/Nextcore-Core.git) registered for path 'nextcore/crates/nextcore-core'
Submodule 'nextcore-efi' (https://github.com/26x86/Nextcore-EFI.git) registered for path 'nextcore/crates/nextcore-efi'
Submodule 'nextcore-gpu' (https://github.com/26x86/Nextcore-GPU.git) registered for path 'nextcore/crates/nextcore-gpu'
Submodule 'nextcore-hal' (https://github.com/26x86/Nextcore-HAL.git) registered for path 'nextcore/crates/nextcore-hal'
Submodule 'nextcore-ise' (https://github.com/26x86/Nextcore-ISE.git) registered for path 'nextcore/crates/nextcore-ise'
Submodule 'nextcore-tool' (https://github.com/26x86/Nextcore-Tool.git) registered for path 'nextcore/crates/nextcore-tool'
Cloning into '/home/sharh/work/integration-validation-bp33-corrected-20260909/26x86/nextcore/crates/nextcore-apls'...
Cloning into '/home/sharh/work/integration-validation-bp33-corrected-20260909/26x86/nextcore/crates/nextcore-core'...
Cloning into '/home/sharh/work/integration-validation-bp33-corrected-20260909/26x86/nextcore/crates/nextcore-efi'...
Cloning into '/home/sharh/work/integration-validation-bp33-corrected-20260909/26x86/nextcore/crates/nextcore-gpu'...
Cloning into '/home/sharh/work/integration-validation-bp33-corrected-20260909/26x86/nextcore/crates/nextcore-hal'...
Cloning into '/home/sharh/work/integration-validation-bp33-corrected-20260909/26x86/nextcore/crates/nextcore-ise'...
Cloning into '/home/sharh/work/integration-validation-bp33-corrected-20260909/26x86/nextcore/crates/nextcore-tool'...
Submodule path 'nextcore/crates/nextcore-apls': checked out '9b6ccaa421f668fdb212ccd14969002f6196a18f'
Submodule path 'nextcore/crates/nextcore-core': checked out '147f4c4e4969074c9dd12c63bf17c6e8c674dabb'
Submodule path 'nextcore/crates/nextcore-efi': checked out '7e7a08b2f8ac555503a95c023427c6b2fb27477c'
Submodule path 'nextcore/crates/nextcore-gpu': checked out 'eaab9fcfded3a8ee298453397790f13edace5694'
Submodule path 'nextcore/crates/nextcore-hal': checked out '9c1cd8dfff33478e32668c5cd181dd094ec2881b'
Submodule path 'nextcore/crates/nextcore-ise': checked out '720d7c61140e39da0f457192bd88138a52017e22'
Submodule path 'nextcore/crates/nextcore-tool': checked out '4bb09da1243eba98ee8fb0ed01b58b3f36484209'
