    Updating crates.io index
     Locking 8 packages to latest compatible versions
   Compiling proc-macro2 v1.0.107
   Compiling quote v1.0.47
   Compiling unicode-ident v1.0.24
   Compiling thiserror v2.0.20
   Compiling bitflags v2.13.1
   Compiling log v0.4.34
   Compiling syn v3.0.5
   Compiling thiserror-impl v2.0.20
   Compiling nextcore-ise v0.1.0 (/home/sharh/work/module-validation-bp34-ise-20260909/ISE)
warning: unused import: `OperandSize`
   --> src/emulator.rs:367:46
    |
367 |     use crate::decoder::{InstructionDecoder, OperandSize};
    |                                              ^^^^^^^^^^^
    |
    = note: `#[warn(unused_imports)]` (part of `#[warn(unused)]`) on by default

warning: unused variable: `rex_b`
   --> src/decoder.rs:126:13
    |
126 |         let rex_b = (rex & 0x01) != 0;
    |             ^^^^^ help: if this is intentional, prefix it with an underscore: `_rex_b`
    |
    = note: `#[warn(unused_variables)]` (part of `#[warn(unused)]`) on by default

warning: unused variable: `rex_r`
   --> src/decoder.rs:127:13
    |
127 |         let rex_r = (rex & 0x04) != 0;
    |             ^^^^^ help: if this is intentional, prefix it with an underscore: `_rex_r`

warning: value assigned to `v` is never read
   --> src/decoder.rs:245:29
    |
245 |                 let mut v = 0u64;
    |                             ^^^^ this value is reassigned later and never used
...
248 |                     v = data[ip] as u64 & 0x3F;
    |                     -------------------------- `v` is overwritten here before the previous value is read
    |
    = note: `#[warn(unused_assignments)]` (part of `#[warn(unused)]`) on by default

warning: variable does not need to be mutable
   --> src/decoder.rs:461:17
    |
461 |             let mut bs = (sib & 7) as u32;
    |                 ----^^
    |                 |
    |                 help: remove this `mut`
    |
    = note: `#[warn(unused_mut)]` (part of `#[warn(unused)]`) on by default

warning: `nextcore-ise` (lib test) generated 5 warnings (run `cargo fix --lib -p nextcore-ise --tests` to apply 4 suggestions)
    Finished `test` profile [unoptimized + debuginfo] target(s) in 6.40s
     Running unittests src/lib.rs (target/debug/deps/nextcore_ise-fee74d1ac25333e0)

running 26 tests
test cpu_features::tests::test_detect_runs ... ok
test cpu_features::tests::test_missing_features ... ok
test decoder::tests::test_decode_add_imm8 ... ok
test decoder::tests::test_decode_add_reg_mem ... ok
test decoder::tests::test_decode_mov ... ok
test decoder::tests::test_decode_movdqa ... ok
test decoder::tests::test_decode_nop ... ok
test decoder::tests::test_decode_popcnt ... ok
test decoder::tests::test_decode_shl ... ok
test decoder::tests::test_decode_unsupported ... ok
test decoder::tests::test_decode_vex ... ok
test decoder::tests::test_decode_xor ... ok
test emulator::tests::test_add_imm ... ok
test emulator::tests::test_add_reg ... ok
test emulator::tests::test_and_imm ... ok
test emulator::tests::test_cmp_flags ... ok
test emulator::tests::test_mov ... ok
test emulator::tests::test_popcnt_gpr ... ok
test emulator::tests::test_shl_imm ... ok
test emulator::tests::test_sub_mem_unsupported ... ok
test emulator::tests::test_vaddps_simple ... ok
test emulator::tests::test_vzeroupper ... ok
test emulator::tests::test_xor_reg ... ok
test trap::tests::test_handle_gp_fault ... ok
test trap::tests::test_handle_non_vex_passthrough ... ok
test trap::tests::test_handle_vex_invalid_opcode ... ok

test result: ok. 26 passed; 0 failed; 0 ignored; 0 measured; 0 filtered out; finished in 0.00s

