Cloning into '/home/sharh/work/integration-validation-bp35-20260909/26x86'...
Updating files:  87% (5390/6183)Updating files:  88% (5442/6183)Updating files:  89% (5503/6183)Updating files:  90% (5565/6183)Updating files:  91% (5627/6183)Updating files:  92% (5689/6183)Updating files:  93% (5751/6183)Updating files:  94% (5813/6183)Updating files:  95% (5874/6183)Updating files:  96% (5936/6183)Updating files:  97% (5998/6183)Updating files:  98% (6060/6183)Updating files:  99% (6122/6183)Updating files: 100% (6183/6183)Updating files: 100% (6183/6183), done.
Submodule 'nextcore-apls' (https://github.com/26x86/Nextcore-APLS.git) registered for path 'nextcore/crates/nextcore-apls'
Submodule 'nextcore-core' (https://github.com/26x86/Nextcore-Core.git) registered for path 'nextcore/crates/nextcore-core'
Submodule 'nextcore-efi' (https://github.com/26x86/Nextcore-EFI.git) registered for path 'nextcore/crates/nextcore-efi'
Submodule 'nextcore-gpu' (https://github.com/26x86/Nextcore-GPU.git) registered for path 'nextcore/crates/nextcore-gpu'
Submodule 'nextcore-hal' (https://github.com/26x86/Nextcore-HAL.git) registered for path 'nextcore/crates/nextcore-hal'
Submodule 'nextcore-ise' (https://github.com/26x86/Nextcore-ISE.git) registered for path 'nextcore/crates/nextcore-ise'
Submodule 'nextcore-tool' (https://github.com/26x86/Nextcore-Tool.git) registered for path 'nextcore/crates/nextcore-tool'
Cloning into '/home/sharh/work/integration-validation-bp35-20260909/26x86/nextcore/crates/nextcore-apls'...
Cloning into '/home/sharh/work/integration-validation-bp35-20260909/26x86/nextcore/crates/nextcore-core'...
Cloning into '/home/sharh/work/integration-validation-bp35-20260909/26x86/nextcore/crates/nextcore-efi'...
Cloning into '/home/sharh/work/integration-validation-bp35-20260909/26x86/nextcore/crates/nextcore-gpu'...
Cloning into '/home/sharh/work/integration-validation-bp35-20260909/26x86/nextcore/crates/nextcore-hal'...
Cloning into '/home/sharh/work/integration-validation-bp35-20260909/26x86/nextcore/crates/nextcore-ise'...
Cloning into '/home/sharh/work/integration-validation-bp35-20260909/26x86/nextcore/crates/nextcore-tool'...
Submodule path 'nextcore/crates/nextcore-apls': checked out '9b6ccaa421f668fdb212ccd14969002f6196a18f'
Submodule path 'nextcore/crates/nextcore-core': checked out 'bab7ac453a0f8ceab558eca1ad069bcfaf139776'
Submodule path 'nextcore/crates/nextcore-efi': checked out '03a376d6652fdaabe8b567c047dad9d41926dc84'
Submodule path 'nextcore/crates/nextcore-gpu': checked out 'eaab9fcfded3a8ee298453397790f13edace5694'
Submodule path 'nextcore/crates/nextcore-hal': checked out '9c1cd8dfff33478e32668c5cd181dd094ec2881b'
Submodule path 'nextcore/crates/nextcore-ise': checked out '0d722886753268ec366f068823c37ea10132fb43'
Submodule path 'nextcore/crates/nextcore-tool': checked out '8ea73c8ccda579566964cc3488844b6c52b1518f'
