    Updating crates.io index
    Blocking waiting for file lock on package cache
     Locking 8 packages to latest compatible versions
    Blocking waiting for file lock on package cache
    Blocking waiting for file lock on package cache
    Blocking waiting for file lock on package cache
   Compiling proc-macro2 v1.0.107
   Compiling unicode-ident v1.0.24
   Compiling quote v1.0.47
   Compiling thiserror v2.0.20
   Compiling log v0.4.34
   Compiling bitflags v2.13.1
   Compiling syn v3.0.5
   Compiling thiserror-impl v2.0.20
   Compiling nextcore-ise v0.1.0 (C:\Users\Admin\AppData\Local\Temp\nextcore-modules-v011-20260908-153614\Nextcore-ISE)
warning: unused import: `OperandSize`
   --> src\emulator.rs:367:46
    |
367 |     use crate::decoder::{InstructionDecoder, OperandSize};
    |                                              ^^^^^^^^^^^
    |
    = note: `#[warn(unused_imports)]` (part of `#[warn(unused)]`) on by default

warning: unused variable: `rex_b`
   --> src\decoder.rs:126:13
    |
126 |         let rex_b = (rex & 0x01) != 0;
    |             ^^^^^ help: if this is intentional, prefix it with an underscore: `_rex_b`
    |
    = note: `#[warn(unused_variables)]` (part of `#[warn(unused)]`) on by default

warning: unused variable: `rex_r`
   --> src\decoder.rs:127:13
    |
127 |         let rex_r = (rex & 0x04) != 0;
    |             ^^^^^ help: if this is intentional, prefix it with an underscore: `_rex_r`

warning: value assigned to `v` is never read
   --> src\decoder.rs:245:29
    |
245 |                 let mut v = 0u64;
    |                             ^^^^ this value is reassigned later and never used
...
248 |                     v = data[ip] as u64 & 0x3F;
    |                     -------------------------- `v` is overwritten here before the previous value is read
    |
    = note: `#[warn(unused_assignments)]` (part of `#[warn(unused)]`) on by default

warning: variable does not need to be mutable
   --> src\decoder.rs:461:17
    |
461 |             let mut bs = (sib & 7) as u32;
    |                 ----^^
    |                 |
    |                 help: remove this `mut`
    |
    = note: `#[warn(unused_mut)]` (part of `#[warn(unused)]`) on by default

warning: `nextcore-ise` (lib test) generated 5 warnings (run `cargo fix --lib -p nextcore-ise --tests` to apply 4 suggestions)
    Finished `test` profile [unoptimized + debuginfo] target(s) in 16.85s
     Running unittests src\lib.rs (target\debug\deps\nextcore_ise-d9ac6ce1553002a9.exe)
