    Updating crates.io index
     Locking 18 packages to latest compatible versions
   Compiling proc-macro2 v1.0.107
   Compiling quote v1.0.47
   Compiling unicode-ident v1.0.24
   Compiling serde_core v1.0.229
   Compiling zmij v1.0.23
   Compiling thiserror v2.0.20
   Compiling serde v1.0.229
   Compiling serde_json v1.0.151
   Compiling itoa v1.0.18
   Compiling memchr v2.8.3
   Compiling log v0.4.34
   Compiling syn v3.0.5
   Compiling thiserror-impl v2.0.20
   Compiling serde_derive v1.0.229
   Compiling nextcore-gpu v0.1.0 (C:\Users\Admin\AppData\Local\Temp\nextcore-modules-v011-20260908-153614\verification\Nextcore-GPU)
    Finished `test` profile [unoptimized + debuginfo] target(s) in 33.85s
     Running unittests src\lib.rs (target\debug\deps\nextcore_gpu-88d661b1f98fd031.exe)
     Running tests\gpu_compute.rs (target\debug\deps\gpu_compute-fc6c3fec04f0df64.exe)
     Running tests\gpu_executor.rs (target\debug\deps\gpu_executor-d94fc671d4469143.exe)
     Running tests\gpu_framebuffer.rs (target\debug\deps\gpu_framebuffer-206da963f03b50d2.exe)
     Running tests\gpu_pipeline.rs (target\debug\deps\gpu_pipeline-f5b665539736a897.exe)
     Running tests\gpu_raster.rs (target\debug\deps\gpu_raster-02902e99ce50db86.exe)
     Running tests\gpu_render_path.rs (target\debug\deps\gpu_render_path-5e376d7326afb1e4.exe)
     Running tests\gpu_sync.rs (target\debug\deps\gpu_sync-522d9273b509044c.exe)
     Running tests\gpu_texture.rs (target\debug\deps\gpu_texture-45a9e43de15c9919.exe)
     Running tests\gpu_virtual.rs (target\debug\deps\gpu_virtual-8a0138390b8a8bc2.exe)
