[2J[01;01H[=3h[2J[01;01H[2J[01;01H[=3h[2J[01;01H[2J[01;01H[=3h[2J[01;01HBdsDxe: loading Boot0001 "UEFI QEMU HARDDISK QM00001 " from PciRoot(0x0)/Pci(0x1F,0x2)/Sata(0x0,0xFFFF,0x0)
BdsDxe: starting Boot0001 "UEFI QEMU HARDDISK QM00001 " from PciRoot(0x0)/Pci(0x1F,0x2)/Sata(0x0,0xFFFF,0x0)
NXCONFIG: BEGIN case=9
NEXTCORE: WATCHDOG_DISABLED
NextCore
NEXTCORE: EFI_ENTRY
NXCONFIG: CONFIG_OPEN attempt=1 mode=FileMode(READ) attr=FileAttribute(0x0)
NEXTCORE: CONFIG_ERROR status=NOT_FOUND
NEXTCORE: CONFIG_RECOVERY_BEGIN path=\EFI\OC\config.plist reason=Cannot open configuration file: NOT_FOUND
NEXTCORE: CONFIG_RECOVERY_DISPLAY_WARNING operation=clear status=DEVICE_ERROR
NEXTCORE: CONFIG_RECOVERY_READY
NEXTCORE: CONFIG_RECOVERY_ACTION retry
NXCONFIG: CONFIG_OPEN attempt=2 mode=FileMode(READ) attr=FileAttribute(0x0)
NEXTCORE: CONFIG_READ bytes=516
NEXTCORE: CONFIG_PARSED
NEXTCORE: IMAGE_LOAD_BEGIN
NEXTCORE: IMAGE_START
NXTEST: EFI_ENTRY
NXTEST: OPTIONS_EMPTY
NEXTCORE: IMAGE_EXIT_DATA bytes=0 copied=0 pointer=null
NEXTCORE: IMAGE_RETURN status=SUCCESS
NXCONFIG: RETURN case=9 status=SUCCESS opens=2 injected=2
[2J[01;01H[=3h[2J[01;01H[2J[01;01H[=3h[2J[01;01H[2J[01;01H[=3h[2J[01;01H