[2J[01;01H[=3h[2J[01;01H[2J[01;01H[=3h[2J[01;01H[2J[01;01H[=3h[2J[01;01HBdsDxe: loading Boot0001 "UEFI QEMU HARDDISK QM00001 " from PciRoot(0x0)/Pci(0x1F,0x2)/Sata(0x0,0xFFFF,0x0)
BdsDxe: starting Boot0001 "UEFI QEMU HARDDISK QM00001 " from PciRoot(0x0)/Pci(0x1F,0x2)/Sata(0x0,0xFFFF,0x0)
NXARMJIT: WATCHDOG_DISABLED
NXARMJIT: WATCHDOG_DISABLED
NXARMJIT: EFI_ENTRY host=x86_64 guest=arm64
NXARMJIT: CONFIG_PARSED
NXARMJIT: KC_VALIDATED subtype=0x0 arena=49152
NXARMJIT: TRACE_TIERED_DIAGNOSTIC maximum=4096
NXARMJIT: TRACE_DEEP_DIAGNOSTIC_BUILD maximum=16384
NXARMJIT: TRACE_LONG_DIAGNOSTIC_BUILD maximum=65536
NXARMJIT: TRACE_INITIALIZATION_DIAGNOSTIC_BUILD maximum=67108864
NXARMJIT: TRACE_MAPPED_DIAGNOSTIC_BUILD profile=mapped-normal-nc-v1
NXARMJIT: TRACE_LONG_DIAGNOSTIC_SELECTED tier=65536
NXARMJIT: TRACE_DT_CHECKED templates=0 platform_complete=false
NXARMJIT: TRACE_STAGING_VERIFIED source_unchanged=true
NXARMJIT: TRACE_HANDOFF_UNPROVISIONED abi=unprovisioned-sptm-prefix sptm_args=false sptm_services=false platform_device_tree=false
NXARMJIT: TRACE_PLATFORM_PROFILE name=nextcore-irq-compat-v1 reset_origin=software_defined initial_override=0x0 initial_pstate=0x3c5 irq=0 fiq=0
NXARMJIT: TRACE_ENTER entry=0x42004400 x0=0 x1=0x4200c000 x2=0 x3=0 budget=65536
NXARMJIT: TRACE_MEMORY_PROVIDER abi=1 mode=m0-only
NXARMJIT: TRACE_MEMORY_OBSERVATION total=20 retained=20
NXARMJIT: TRACE_MEMORY_REQUEST sequence=1 operation=1 pc=0x42004400 address=0x42004400 width=4 count=1 result=0
NXARMJIT: TRACE_MEMORY_REQUEST sequence=2 operation=1 pc=0x42004404 address=0x42004404 width=4 count=1 result=0
NXARMJIT: TRACE_MEMORY_REQUEST sequence=3 operation=1 pc=0x42004408 address=0x42004408 width=4 count=1 result=0
NXARMJIT: TRACE_MEMORY_REQUEST sequence=4 operation=1 pc=0x4200440c address=0x4200440c width=4 count=1 result=0
NXARMJIT: TRACE_MEMORY_REQUEST sequence=5 operation=1 pc=0x42004410 address=0x42004410 width=4 count=1 result=0
NXARMJIT: TRACE_MEMORY_REQUEST sequence=6 operation=1 pc=0x42004414 address=0x42004414 width=4 count=1 result=0
NXARMJIT: TRACE_MEMORY_REQUEST sequence=7 operation=1 pc=0x42004418 address=0x42004418 width=4 count=1 result=0
NXARMJIT: TRACE_MEMORY_REQUEST sequence=8 operation=1 pc=0x4200441c address=0x4200441c width=4 count=1 result=0
NXARMJIT: TRACE_MEMORY_REQUEST sequence=9 operation=1 pc=0x42004420 address=0x42004420 width=4 count=1 result=0
NXARMJIT: TRACE_MEMORY_REQUEST sequence=10 operation=1 pc=0x42004424 address=0x42004424 width=4 count=1 result=0
NXARMJIT: TRACE_MEMORY_REQUEST sequence=11 operation=1 pc=0x42004428 address=0x42004428 width=4 count=1 result=0
NXARMJIT: TRACE_MEMORY_REQUEST sequence=12 operation=1 pc=0x4200442c address=0x4200442c width=4 count=1 result=0
NXARMJIT: TRACE_MEMORY_REQUEST sequence=13 operation=1 pc=0x42004430 address=0x42004430 width=4 count=1 result=0
NXARMJIT: TRACE_MEMORY_REQUEST sequence=14 operation=1 pc=0x42004434 address=0x42004434 width=4 count=1 result=0
NXARMJIT: TRACE_MEMORY_REQUEST sequence=15 operation=1 pc=0x42004438 address=0x42004438 width=4 count=1 result=0
NXARMJIT: TRACE_MEMORY_REQUEST sequence=16 operation=1 pc=0x4200443c address=0x4200443c width=4 count=1 result=0
NXARMJIT: TRACE_MEMORY_REQUEST sequence=17 operation=1 pc=0x42004440 address=0x42004440 width=4 count=1 result=0
NXARMJIT: TRACE_MEMORY_REQUEST sequence=18 operation=1 pc=0x42004444 address=0x42004444 width=4 count=1 result=0
NXARMJIT: TRACE_MEMORY_REQUEST sequence=19 operation=1 pc=0x42004448 address=0x42004448 width=4 count=1 result=0
NXARMJIT: TRACE_MEMORY_REQUEST sequence=20 operation=1 pc=0x4200444c address=0x4200444c width=4 count=1 result=0
NXARMJIT: TRACE_PROTECTION_CALLS writable=21 executable=20 failures=0 includes_restore=true
NXARMJIT: TRACE_RETURN status=13 retired=19 pc=0x4200444c blocks=20 instruction=0xd5033fdf
NXARMJIT: TRACE_REGISTERS x0=0x0 x1=0x4200c000 x2=0x0 x3=0x0
NXARMJIT: TRACE_PLATFORM_STATE profile=1 override=0x0 pending=0 pstate=0x3c5 sp=0x42024000
NXARMJIT: TRACE_EXCEPTION_STATE elr=0x4200444c spsr=0x3c5 vector=0x0 esr=0x61033fdf handler_executed=false
NXARMJIT: TRACE_MEMORY_RESULT abi=1 provider_status=0 guest_far=0x0 last_address=0x4200444c fetch_requests=20 data_requests=0 completed_data_operations=0
NXARMJIT: TRACE_ONLY macos_boot_verified=false metal_verified=false
NXARMJIT: ERROR status=ABORTED
