   Compiling proc-macro2 v1.0.107
   Compiling unicode-ident v1.0.24
   Compiling quote v1.0.47
   Compiling version_check v0.9.5
    Checking typenum v1.20.1
   Compiling thiserror v2.0.20
    Checking cfg-if v1.0.4
   Compiling bitflags v2.13.1
   Compiling log v0.4.34
    Checking uguid v2.2.1
    Checking bit_field v0.10.3
    Checking cpufeatures v0.2.17
    Checking memchr v2.8.3
    Checking nextcore-memory-service v0.1.0 (https://github.com/26x86/Nextcore-ISE.git?rev=0d722886753268ec366f068823c37ea10132fb43#0d722886)
    Checking ucs2 v0.3.3
    Checking uefi-raw v0.16.0
   Compiling generic-array v0.14.7
    Checking roxmltree v0.21.1
   Compiling syn v3.0.5
   Compiling syn v2.0.119
    Checking block-buffer v0.10.4
    Checking crypto-common v0.1.7
    Checking digest v0.10.7
    Checking sha2 v0.10.9
    Checking nextcore-core v0.1.0 (https://github.com/26x86/Nextcore-Core.git?rev=bab7ac453a0f8ceab558eca1ad069bcfaf139776#bab7ac45)
   Compiling uefi-macros v0.19.0
   Compiling thiserror-impl v2.0.20
   Compiling ptr_meta_derive v0.3.2
    Checking ptr_meta v0.3.2
    Checking uefi v0.40.0
   Compiling nextcore-ise v0.1.0 (https://github.com/26x86/Nextcore-ISE.git?rev=0d722886753268ec366f068823c37ea10132fb43#0d722886)
   Compiling nextcore-efi v0.1.0 (/home/sharh/work/module-validation-bp35-efi-20260909/EFI)
warning: associated items `allocate`, `base`, and `bytes` are never used
  --> src/arm_pages.rs:17:12
   |
16 | impl ArmPages {
   | ------------- associated items in this implementation
17 |     pub fn allocate(bytes: usize, fixed: Option<u64>) -> Result<Self, Status> {
   |            ^^^^^^^^
...
74 |     pub fn base(&self) -> u64 {
   |            ^^^^
...
77 |     pub fn bytes(&self) -> usize {
   |            ^^^^^
   |
   = note: `#[warn(dead_code)]` (part of `#[warn(unused)]`) on by default

warning: `nextcore-efi` (bin "BOOTAA64") generated 1 warning
    Finished `dev` profile [unoptimized + debuginfo] target(s) in 12.41s
