    Updating git repository `https://github.com/26x86/Nextcore-Core.git`
From https://github.com/26x86/Nextcore-Core
 * [new ref]         bab7ac453a0f8ceab558eca1ad069bcfaf139776 -> refs/commit/bab7ac453a0f8ceab558eca1ad069bcfaf139776
    Updating git repository `https://github.com/26x86/Nextcore-ISE.git`
From https://github.com/26x86/Nextcore-ISE
 * [new ref]         0d722886753268ec366f068823c37ea10132fb43 -> refs/commit/0d722886753268ec366f068823c37ea10132fb43
    Updating crates.io index
     Locking 32 packages to latest compatible versions
      Adding generic-array v0.14.7 (available: v0.14.9)
 Downloading crates ...
  Downloaded bit_field v0.10.3
  Downloaded block-buffer v0.10.4
  Downloaded bitflags v2.13.1
  Downloaded crypto-common v0.1.7
  Downloaded ptr_meta v0.3.2
  Downloaded log v0.4.34
  Downloaded roxmltree v0.21.1
  Downloaded typenum v1.20.1
  Downloaded uefi-macros v0.19.0
  Downloaded syn v3.0.5
  Downloaded unicode-ident v1.0.24
  Downloaded cpufeatures v0.2.17
  Downloaded quote v1.0.47
  Downloaded memchr v2.8.3
  Downloaded ucs2 v0.3.3
  Downloaded thiserror v2.0.20
  Downloaded version_check v0.9.5
  Downloaded generic-array v0.14.7
  Downloaded sha2 v0.10.9
  Downloaded cfg-if v1.0.4
  Downloaded ptr_meta_derive v0.3.2
  Downloaded uefi v0.40.0
  Downloaded uefi-raw v0.16.0
  Downloaded proc-macro2 v1.0.107
  Downloaded thiserror-impl v2.0.20
  Downloaded digest v0.10.7
  Downloaded uguid v2.2.1
  Downloaded syn v2.0.119
   Compiling proc-macro2 v1.0.107
   Compiling quote v1.0.47
   Compiling unicode-ident v1.0.24
   Compiling version_check v0.9.5
   Compiling typenum v1.20.1
   Compiling thiserror v2.0.20
   Compiling log v0.4.34
   Compiling cfg-if v1.0.4
   Compiling bitflags v2.13.1
   Compiling bit_field v0.10.3
   Compiling memchr v2.8.3
   Compiling uguid v2.2.1
   Compiling cpufeatures v0.2.17
   Compiling ucs2 v0.3.3
   Compiling uefi-raw v0.16.0
   Compiling roxmltree v0.21.1
   Compiling generic-array v0.14.7
   Compiling block-buffer v0.10.4
   Compiling crypto-common v0.1.7
   Compiling digest v0.10.7
   Compiling sha2 v0.10.9
   Compiling syn v3.0.5
   Compiling syn v2.0.119
   Compiling nextcore-core v0.1.0 (https://github.com/26x86/Nextcore-Core.git?rev=bab7ac453a0f8ceab558eca1ad069bcfaf139776#bab7ac45)
   Compiling uefi-macros v0.19.0
   Compiling thiserror-impl v2.0.20
   Compiling ptr_meta_derive v0.3.2
   Compiling ptr_meta v0.3.2
   Compiling uefi v0.40.0
   Compiling nextcore-ise v0.1.0 (https://github.com/26x86/Nextcore-ISE.git?rev=0d722886753268ec366f068823c37ea10132fb43#0d722886)
   Compiling nextcore-efi v0.1.0 (/home/sharh/work/module-validation-bp35-efi-20260909/EFI)
warning: associated items `allocate`, `base`, and `bytes` are never used
  --> src/arm_pages.rs:17:12
   |
16 | impl ArmPages {
   | ------------- associated items in this implementation
17 |     pub fn allocate(bytes: usize, fixed: Option<u64>) -> Result<Self, Status> {
   |            ^^^^^^^^
...
74 |     pub fn base(&self) -> u64 {
   |            ^^^^
...
77 |     pub fn bytes(&self) -> usize {
   |            ^^^^^
   |
   = note: `#[warn(dead_code)]` (part of `#[warn(unused)]`) on by default

warning: `nextcore-efi` (bin "NXARMJIT") generated 1 warning
    Finished `release` profile [optimized] target(s) in 37.13s
