[2J[01;01H[=3h[2J[01;01H[2J[01;01H[=3h[2J[01;01H[2J[01;01H[=3h[2J[01;01HBdsDxe: loading Boot0001 "UEFI QEMU HARDDISK QM00001 " from PciRoot(0x0)/Pci(0x1F,0x2)/Sata(0x0,0xFFFF,0x0)
BdsDxe: starting Boot0001 "UEFI QEMU HARDDISK QM00001 " from PciRoot(0x0)/Pci(0x1F,0x2)/Sata(0x0,0xFFFF,0x0)
NXDYN: ENTRY host=x86_64 authored=true profile=nextcore-stage1-enable-nc-v1
NXDYN: ENTRY host=x86_64 authored=true profile=nextcore-stage1-enable-nc-v1
NXDYN: DATA name=roundtrip granule=4096 index=0 pc=0x40000ff4 address=0x40000ff4 operation=1 width=4 count=1 sctlr=0x30d00802 epoch=1 reply=0 value0=0x91000442 value1=0x0 esr=0x0 fsc=0 far=0x0
NXDYN: DATA name=roundtrip granule=4096 index=1 pc=0x40000ff8 address=0x40000ff8 operation=1 width=4 count=1 sctlr=0x30d00802 epoch=1 reply=0 value0=0xd5181000 value1=0x0 esr=0x0 fsc=0 far=0x0
NXDYN: DATA name=roundtrip granule=4096 index=2 pc=0x40000ffc address=0x40000ffc operation=1 width=4 count=1 sctlr=0x30d00802 epoch=1 reply=0 value0=0xd5033fdf value1=0x0 esr=0x0 fsc=0 far=0x0
NXDYN: DATA name=roundtrip granule=4096 index=3 pc=0x40001000 address=0x40001000 operation=1 width=4 count=1 sctlr=0x30d00803 epoch=2 reply=0 value0=0xd5381000 value1=0x0 esr=0x0 fsc=0 far=0x0
NXDYN: DATA name=roundtrip granule=4096 index=4 pc=0x40001004 address=0x40001004 operation=1 width=4 count=1 sctlr=0x30d00803 epoch=2 reply=0 value0=0xf9400023 value1=0x0 esr=0x0 fsc=0 far=0x0
NXDYN: DATA name=roundtrip granule=4096 index=5 pc=0x40001004 address=0x40002ff8 operation=2 width=8 count=1 sctlr=0x30d00803 epoch=2 reply=0 value0=0x29 value1=0x0 esr=0x0 fsc=0 far=0x0
NXDYN: DATA name=roundtrip granule=4096 index=6 pc=0x40001008 address=0x40001008 operation=1 width=4 count=1 sctlr=0x30d00803 epoch=2 reply=0 value0=0x91000463 value1=0x0 esr=0x0 fsc=0 far=0x0
NXDYN: DATA name=roundtrip granule=4096 index=7 pc=0x4000100c address=0x4000100c operation=1 width=4 count=1 sctlr=0x30d00803 epoch=2 reply=0 value0=0xf9000023 value1=0x0 esr=0x0 fsc=0 far=0x0
NXDYN: DATA name=roundtrip granule=4096 index=8 pc=0x4000100c address=0x40002ff8 operation=3 width=8 count=1 sctlr=0x30d00803 epoch=2 reply=0 value0=0x0 value1=0x0 esr=0x0 fsc=0 far=0x0
NXDYN: DATA name=roundtrip granule=4096 index=9 pc=0x40001010 address=0x40001010 operation=1 width=4 count=1 sctlr=0x30d00803 epoch=2 reply=0 value0=0xa9000c22 value1=0x0 esr=0x0 fsc=0 far=0x0
NXDYN: DATA name=roundtrip granule=4096 index=10 pc=0x40001010 address=0x40002ff8 operation=3 width=8 count=2 sctlr=0x30d00803 epoch=2 reply=0 value0=0x0 value1=0x0 esr=0x0 fsc=0 far=0x0
NXDYN: DATA name=roundtrip granule=4096 index=11 pc=0x40001014 address=0x40001014 operation=1 width=4 count=1 sctlr=0x30d00803 epoch=2 reply=0 value0=0xa9400823 value1=0x0 esr=0x0 fsc=0 far=0x0
NXDYN: DATA name=roundtrip granule=4096 index=12 pc=0x40001014 address=0x40002ff8 operation=2 width=8 count=2 sctlr=0x30d00803 epoch=2 reply=0 value0=0x9 value1=0x2a esr=0x0 fsc=0 far=0x0
NXDYN: DATA name=roundtrip granule=4096 index=13 pc=0x40001018 address=0x40001018 operation=1 width=4 count=1 sctlr=0x30d00803 epoch=2 reply=0 value0=0xd5033f9f value1=0x0 esr=0x0 fsc=0 far=0x0
NXDYN: DATA name=roundtrip granule=4096 index=14 pc=0x4000101c address=0x4000101c operation=1 width=4 count=1 sctlr=0x30d00803 epoch=2 reply=0 value0=0xd508871f value1=0x0 esr=0x0 fsc=0 far=0x0
NXDYN: DATA name=roundtrip granule=4096 index=15 pc=0x40001020 address=0x40001020 operation=1 width=4 count=1 sctlr=0x30d00803 epoch=2 reply=0 value0=0xd5033f9f value1=0x0 esr=0x0 fsc=0 far=0x0
NXDYN: DATA name=roundtrip granule=4096 index=16 pc=0x40001024 address=0x40001024 operation=1 width=4 count=1 sctlr=0x30d00803 epoch=2 reply=0 value0=0xd5033fdf value1=0x0 esr=0x0 fsc=0 far=0x0
NXDYN: DATA name=roundtrip granule=4096 index=17 pc=0x40001028 address=0x40001028 operation=1 width=4 count=1 sctlr=0x30d00803 epoch=2 reply=0 value0=0xf9400020 value1=0x0 esr=0x0 fsc=0 far=0x0
NXDYN: DATA name=roundtrip granule=4096 index=18 pc=0x40001028 address=0x40002ff8 operation=2 width=8 count=1 sctlr=0x30d00803 epoch=2 reply=0 value0=0x9 value1=0x0 esr=0x0 fsc=0 far=0x0
NXDYN: DATA name=roundtrip granule=4096 index=19 pc=0x4000102c address=0x4000102c operation=1 width=4 count=1 sctlr=0x30d00803 epoch=2 reply=0 value0=0xd4400000 value1=0x0 esr=0x0 fsc=0 far=0x0
NXDYN: CONTROL name=roundtrip granule=4096 index=0 phase=1 operation=1 selector=1 pc=0x40000ff8 operand=0x30d00803 request_revision=1 request_epoch=1 reply=0 tag=1 token=1 revision=2 epoch=1 invalidations=0 arch=0x30d00803 effective=0x30d00802
NXDYN: CONTROL name=roundtrip granule=4096 index=1 phase=2 operation=1 selector=1 pc=0x40000ff8 operand=0x1 request_revision=1 request_epoch=1 reply=0 tag=2 token=0 revision=2 epoch=1 invalidations=0 arch=0x30d00803 effective=0x30d00802
NXDYN: CONTROL name=roundtrip granule=4096 index=2 phase=1 operation=2 selector=0 pc=0x40000ffc operand=0x0 request_revision=2 request_epoch=1 reply=0 tag=1 token=2 revision=2 epoch=2 invalidations=0 arch=0x30d00803 effective=0x30d00803
NXDYN: CONTROL name=roundtrip granule=4096 index=3 phase=2 operation=2 selector=0 pc=0x40000ffc operand=0x2 request_revision=2 request_epoch=1 reply=0 tag=2 token=0 revision=2 epoch=2 invalidations=0 arch=0x30d00803 effective=0x30d00803
NXDYN: CONTROL name=roundtrip granule=4096 index=4 phase=1 operation=3 selector=0 pc=0x40001018 operand=0x0 request_revision=2 request_epoch=2 reply=0 tag=1 token=3 revision=2 epoch=2 invalidations=0 arch=0x30d00803 effective=0x30d00803
NXDYN: CONTROL name=roundtrip granule=4096 index=5 phase=2 operation=3 selector=0 pc=0x40001018 operand=0x3 request_revision=2 request_epoch=2 reply=0 tag=2 token=0 revision=2 epoch=2 invalidations=0 arch=0x30d00803 effective=0x30d00803
NXDYN: CONTROL name=roundtrip granule=4096 index=6 phase=1 operation=4 selector=0 pc=0x4000101c operand=0x0 request_revision=2 request_epoch=2 reply=0 tag=1 token=4 revision=2 epoch=2 invalidations=1 arch=0x30d00803 effective=0x30d00803
NXDYN: CONTROL name=roundtrip granule=4096 index=7 phase=2 operation=4 selector=0 pc=0x4000101c operand=0x4 request_revision=2 request_epoch=2 reply=0 tag=2 token=0 revision=2 epoch=2 invalidations=1 arch=0x30d00803 effective=0x30d00803
NXDYN: CONTROL name=roundtrip granule=4096 index=8 phase=1 operation=3 selector=0 pc=0x40001020 operand=0x0 request_revision=2 request_epoch=2 reply=0 tag=1 token=5 revision=2 epoch=2 invalidations=1 arch=0x30d00803 effective=0x30d00803
NXDYN: CONTROL name=roundtrip granule=4096 index=9 phase=2 operation=3 selector=0 pc=0x40001020 operand=0x5 request_revision=2 request_epoch=2 reply=0 tag=2 token=0 revision=2 epoch=2 invalidations=1 arch=0x30d00803 effective=0x30d00803
NXDYN: CONTROL name=roundtrip granule=4096 index=10 phase=1 operation=2 selector=0 pc=0x40001024 operand=0x0 request_revision=2 request_epoch=2 reply=0 tag=1 token=6 revision=2 epoch=2 invalidations=1 arch=0x30d00803 effective=0x30d00803
NXDYN: CONTROL name=roundtrip granule=4096 index=11 phase=2 operation=2 selector=0 pc=0x40001024 operand=0x6 request_revision=2 request_epoch=2 reply=0 tag=2 token=0 revision=2 epoch=2 invalidations=1 arch=0x30d00803 effective=0x30d00803
NXDYN: CASE name=roundtrip granule=4096 status=1 provider=0 retired=15 blocks=15 fetch=15 data=5 completed=5 control=12 table_reads=20 tlbi_reads=12 esr=0x0 far=0x0 elr=0x0 spsr=0x0 pstate=0x3c5 pc=0x40001030 x0=0x9 x1=0x40002ff8 x2=0x2a x3=0x9 sp=0x40000400 version=3 bytes=512 tag=2 revision=2 epoch=2 invalidations=1 arch=0x30d00803 effective=0x30d00803 tcr=0x580100010 ttbr0=0x10000000 ttbr1=0x10000000 mair=0x44 transition=true protocol=true ram=true tables=true ram_host=0xe3d8000 table_host=0xe3cc000 jit_host=0xe384000 ram_sha=033ad6882147a4cff0b413ecae00a7341007aa66c3f49af8fb32950a7510cafb table_before_sha=2bbb1b0bf471449ab3857501a163942478fdfd586fb6f5c446df6a27ee13ff3e table_after_sha=2bbb1b0bf471449ab3857501a163942478fdfd586fb6f5c446df6a27ee13ff3e pass=true
NXDYN: DATA name=fetch-translation granule=4096 index=0 pc=0x40000ff4 address=0x40000ff4 operation=1 width=4 count=1 sctlr=0x30d00802 epoch=1 reply=0 value0=0x91000442 value1=0x0 esr=0x0 fsc=0 far=0x0
NXDYN: DATA name=fetch-translation granule=4096 index=1 pc=0x40000ff8 address=0x40000ff8 operation=1 width=4 count=1 sctlr=0x30d00802 epoch=1 reply=0 value0=0xd5181000 value1=0x0 esr=0x0 fsc=0 far=0x0
NXDYN: DATA name=fetch-translation granule=4096 index=2 pc=0x40000ffc address=0x40000ffc operation=1 width=4 count=1 sctlr=0x30d00802 epoch=1 reply=0 value0=0xd5033fdf value1=0x0 esr=0x0 fsc=0 far=0x0
NXDYN: DATA name=fetch-translation granule=4096 index=3 pc=0x40001000 address=0x40001000 operation=1 width=4 count=1 sctlr=0x30d00803 epoch=2 reply=1 value0=0x0 value1=0x0 esr=0x86000007 fsc=7 far=0x40001000
NXDYN: CONTROL name=fetch-translation granule=4096 index=0 phase=1 operation=1 selector=1 pc=0x40000ff8 operand=0x30d00803 request_revision=1 request_epoch=1 reply=0 tag=1 token=7 revision=2 epoch=1 invalidations=0 arch=0x30d00803 effective=0x30d00802
NXDYN: CONTROL name=fetch-translation granule=4096 index=1 phase=2 operation=1 selector=1 pc=0x40000ff8 operand=0x7 request_revision=1 request_epoch=1 reply=0 tag=2 token=0 revision=2 epoch=1 invalidations=0 arch=0x30d00803 effective=0x30d00802
NXDYN: CONTROL name=fetch-translation granule=4096 index=2 phase=1 operation=2 selector=0 pc=0x40000ffc operand=0x0 request_revision=2 request_epoch=1 reply=0 tag=1 token=8 revision=2 epoch=2 invalidations=0 arch=0x30d00803 effective=0x30d00803
NXDYN: CONTROL name=fetch-translation granule=4096 index=3 phase=2 operation=2 selector=0 pc=0x40000ffc operand=0x8 request_revision=2 request_epoch=1 reply=0 tag=2 token=0 revision=2 epoch=2 invalidations=0 arch=0x30d00803 effective=0x30d00803
NXDYN: CASE name=fetch-translation granule=4096 status=16 provider=0 retired=3 blocks=3 fetch=4 data=0 completed=0 control=4 table_reads=4 tlbi_reads=0 esr=0x86000007 far=0x40001000 elr=0x40001000 spsr=0x3c5 pstate=0x3c5 pc=0x40001000 x0=0x30d00803 x1=0x40002000 x2=0x9 x3=0x63 sp=0x40000400 version=3 bytes=512 tag=2 revision=2 epoch=2 invalidations=0 arch=0x30d00803 effective=0x30d00803 tcr=0x580100010 ttbr0=0x10000000 ttbr1=0x10000000 mair=0x44 transition=true protocol=true ram=true tables=true ram_host=0xe3d8000 table_host=0xe3cc000 jit_host=0xe384000 ram_sha=098f19415d918b78876e3572bfb2fd4b616d958c07d5934ceb42a07321a2dab3 table_before_sha=cd03cfb918e999f813d071557c730f90c6610db338229c9b226c7e01468c7633 table_after_sha=cd03cfb918e999f813d071557c730f90c6610db338229c9b226c7e01468c7633 pass=true
NXDYN: DATA name=data-translation granule=4096 index=0 pc=0x40000ff4 address=0x40000ff4 operation=1 width=4 count=1 sctlr=0x30d00802 epoch=1 reply=0 value0=0x91000442 value1=0x0 esr=0x0 fsc=0 far=0x0
NXDYN: DATA name=data-translation granule=4096 index=1 pc=0x40000ff8 address=0x40000ff8 operation=1 width=4 count=1 sctlr=0x30d00802 epoch=1 reply=0 value0=0xd5181000 value1=0x0 esr=0x0 fsc=0 far=0x0
NXDYN: DATA name=data-translation granule=4096 index=2 pc=0x40000ffc address=0x40000ffc operation=1 width=4 count=1 sctlr=0x30d00802 epoch=1 reply=0 value0=0xd5033fdf value1=0x0 esr=0x0 fsc=0 far=0x0
NXDYN: DATA name=data-translation granule=4096 index=3 pc=0x40001000 address=0x40001000 operation=1 width=4 count=1 sctlr=0x30d00803 epoch=2 reply=0 value0=0xf9400023 value1=0x0 esr=0x0 fsc=0 far=0x0
NXDYN: DATA name=data-translation granule=4096 index=4 pc=0x40001000 address=0x40002000 operation=2 width=8 count=1 sctlr=0x30d00803 epoch=2 reply=1 value0=0x0 value1=0x0 esr=0x96000007 fsc=7 far=0x40002000
NXDYN: CONTROL name=data-translation granule=4096 index=0 phase=1 operation=1 selector=1 pc=0x40000ff8 operand=0x30d00803 request_revision=1 request_epoch=1 reply=0 tag=1 token=9 revision=2 epoch=1 invalidations=0 arch=0x30d00803 effective=0x30d00802
NXDYN: CONTROL name=data-translation granule=4096 index=1 phase=2 operation=1 selector=1 pc=0x40000ff8 operand=0x9 request_revision=1 request_epoch=1 reply=0 tag=2 token=0 revision=2 epoch=1 invalidations=0 arch=0x30d00803 effective=0x30d00802
NXDYN: CONTROL name=data-translation granule=4096 index=2 phase=1 operation=2 selector=0 pc=0x40000ffc operand=0x0 request_revision=2 request_epoch=1 reply=0 tag=1 token=10 revision=2 epoch=2 invalidations=0 arch=0x30d00803 effective=0x30d00803
NXDYN: CONTROL name=data-translation granule=4096 index=3 phase=2 operation=2 selector=0 pc=0x40000ffc operand=0xa request_revision=2 request_epoch=1 reply=0 tag=2 token=0 revision=2 epoch=2 invalidations=0 arch=0x30d00803 effective=0x30d00803
NXDYN: CASE name=data-translation granule=4096 status=17 provider=0 retired=3 blocks=4 fetch=4 data=1 completed=0 control=4 table_reads=8 tlbi_reads=0 esr=0x96000007 far=0x40002000 elr=0x40001000 spsr=0x3c5 pstate=0x3c5 pc=0x40001000 x0=0x30d00803 x1=0x40002000 x2=0x9 x3=0x63 sp=0x40000400 version=3 bytes=512 tag=2 revision=2 epoch=2 invalidations=0 arch=0x30d00803 effective=0x30d00803 tcr=0x580100010 ttbr0=0x10000000 ttbr1=0x10000000 mair=0x44 transition=true protocol=true ram=true tables=true ram_host=0xe3d8000 table_host=0xe3cc000 jit_host=0xe384000 ram_sha=098f19415d918b78876e3572bfb2fd4b616d958c07d5934ceb42a07321a2dab3 table_before_sha=df9ec7d33b1589ee6988b82b515dc63d08a94c51c3c32d6ad68628a555f216e4 table_after_sha=df9ec7d33b1589ee6988b82b515dc63d08a94c51c3c32d6ad68628a555f216e4 pass=true
NXDYN: DATA name=roundtrip granule=16384 index=0 pc=0x40003ff4 address=0x40003ff4 operation=1 width=4 count=1 sctlr=0x30d00802 epoch=1 reply=0 value0=0x91000442 value1=0x0 esr=0x0 fsc=0 far=0x0
NXDYN: DATA name=roundtrip granule=16384 index=1 pc=0x40003ff8 address=0x40003ff8 operation=1 width=4 count=1 sctlr=0x30d00802 epoch=1 reply=0 value0=0xd5181000 value1=0x0 esr=0x0 fsc=0 far=0x0
NXDYN: DATA name=roundtrip granule=16384 index=2 pc=0x40003ffc address=0x40003ffc operation=1 width=4 count=1 sctlr=0x30d00802 epoch=1 reply=0 value0=0xd5033fdf value1=0x0 esr=0x0 fsc=0 far=0x0
NXDYN: DATA name=roundtrip granule=16384 index=3 pc=0x40004000 address=0x40004000 operation=1 width=4 count=1 sctlr=0x30d00803 epoch=2 reply=0 value0=0xd5381000 value1=0x0 esr=0x0 fsc=0 far=0x0
NXDYN: DATA name=roundtrip granule=16384 index=4 pc=0x40004004 address=0x40004004 operation=1 width=4 count=1 sctlr=0x30d00803 epoch=2 reply=0 value0=0xf9400023 value1=0x0 esr=0x0 fsc=0 far=0x0
NXDYN: DATA name=roundtrip granule=16384 index=5 pc=0x40004004 address=0x4000bff8 operation=2 width=8 count=1 sctlr=0x30d00803 epoch=2 reply=0 value0=0x29 value1=0x0 esr=0x0 fsc=0 far=0x0
NXDYN: DATA name=roundtrip granule=16384 index=6 pc=0x40004008 address=0x40004008 operation=1 width=4 count=1 sctlr=0x30d00803 epoch=2 reply=0 value0=0x91000463 value1=0x0 esr=0x0 fsc=0 far=0x0
NXDYN: DATA name=roundtrip granule=16384 index=7 pc=0x4000400c address=0x4000400c operation=1 width=4 count=1 sctlr=0x30d00803 epoch=2 reply=0 value0=0xf9000023 value1=0x0 esr=0x0 fsc=0 far=0x0
NXDYN: DATA name=roundtrip granule=16384 index=8 pc=0x4000400c address=0x4000bff8 operation=3 width=8 count=1 sctlr=0x30d00803 epoch=2 reply=0 value0=0x0 value1=0x0 esr=0x0 fsc=0 far=0x0
NXDYN: DATA name=roundtrip granule=16384 index=9 pc=0x40004010 address=0x40004010 operation=1 width=4 count=1 sctlr=0x30d00803 epoch=2 reply=0 value0=0xa9000c22 value1=0x0 esr=0x0 fsc=0 far=0x0
NXDYN: DATA name=roundtrip granule=16384 index=10 pc=0x40004010 address=0x4000bff8 operation=3 width=8 count=2 sctlr=0x30d00803 epoch=2 reply=0 value0=0x0 value1=0x0 esr=0x0 fsc=0 far=0x0
NXDYN: DATA name=roundtrip granule=16384 index=11 pc=0x40004014 address=0x40004014 operation=1 width=4 count=1 sctlr=0x30d00803 epoch=2 reply=0 value0=0xa9400823 value1=0x0 esr=0x0 fsc=0 far=0x0
NXDYN: DATA name=roundtrip granule=16384 index=12 pc=0x40004014 address=0x4000bff8 operation=2 width=8 count=2 sctlr=0x30d00803 epoch=2 reply=0 value0=0x9 value1=0x2a esr=0x0 fsc=0 far=0x0
NXDYN: DATA name=roundtrip granule=16384 index=13 pc=0x40004018 address=0x40004018 operation=1 width=4 count=1 sctlr=0x30d00803 epoch=2 reply=0 value0=0xd5033f9f value1=0x0 esr=0x0 fsc=0 far=0x0
NXDYN: DATA name=roundtrip granule=16384 index=14 pc=0x4000401c address=0x4000401c operation=1 width=4 count=1 sctlr=0x30d00803 epoch=2 reply=0 value0=0xd508871f value1=0x0 esr=0x0 fsc=0 far=0x0
NXDYN: DATA name=roundtrip granule=16384 index=15 pc=0x40004020 address=0x40004020 operation=1 width=4 count=1 sctlr=0x30d00803 epoch=2 reply=0 value0=0xd5033f9f value1=0x0 esr=0x0 fsc=0 far=0x0
NXDYN: DATA name=roundtrip granule=16384 index=16 pc=0x40004024 address=0x40004024 operation=1 width=4 count=1 sctlr=0x30d00803 epoch=2 reply=0 value0=0xd5033fdf value1=0x0 esr=0x0 fsc=0 far=0x0
NXDYN: DATA name=roundtrip granule=16384 index=17 pc=0x40004028 address=0x40004028 operation=1 width=4 count=1 sctlr=0x30d00803 epoch=2 reply=0 value0=0xf9400020 value1=0x0 esr=0x0 fsc=0 far=0x0
NXDYN: DATA name=roundtrip granule=16384 index=18 pc=0x40004028 address=0x4000bff8 operation=2 width=8 count=1 sctlr=0x30d00803 epoch=2 reply=0 value0=0x9 value1=0x0 esr=0x0 fsc=0 far=0x0
NXDYN: DATA name=roundtrip granule=16384 index=19 pc=0x4000402c address=0x4000402c operation=1 width=4 count=1 sctlr=0x30d00803 epoch=2 reply=0 value0=0xd4400000 value1=0x0 esr=0x0 fsc=0 far=0x0
NXDYN: CONTROL name=roundtrip granule=16384 index=0 phase=1 operation=1 selector=1 pc=0x40003ff8 operand=0x30d00803 request_revision=1 request_epoch=1 reply=0 tag=1 token=11 revision=2 epoch=1 invalidations=0 arch=0x30d00803 effective=0x30d00802
NXDYN: CONTROL name=roundtrip granule=16384 index=1 phase=2 operation=1 selector=1 pc=0x40003ff8 operand=0xb request_revision=1 request_epoch=1 reply=0 tag=2 token=0 revision=2 epoch=1 invalidations=0 arch=0x30d00803 effective=0x30d00802
NXDYN: CONTROL name=roundtrip granule=16384 index=2 phase=1 operation=2 selector=0 pc=0x40003ffc operand=0x0 request_revision=2 request_epoch=1 reply=0 tag=1 token=12 revision=2 epoch=2 invalidations=0 arch=0x30d00803 effective=0x30d00803
NXDYN: CONTROL name=roundtrip granule=16384 index=3 phase=2 operation=2 selector=0 pc=0x40003ffc operand=0xc request_revision=2 request_epoch=1 reply=0 tag=2 token=0 revision=2 epoch=2 invalidations=0 arch=0x30d00803 effective=0x30d00803
NXDYN: CONTROL name=roundtrip granule=16384 index=4 phase=1 operation=3 selector=0 pc=0x40004018 operand=0x0 request_revision=2 request_epoch=2 reply=0 tag=1 token=13 revision=2 epoch=2 invalidations=0 arch=0x30d00803 effective=0x30d00803
NXDYN: CONTROL name=roundtrip granule=16384 index=5 phase=2 operation=3 selector=0 pc=0x40004018 operand=0xd request_revision=2 request_epoch=2 reply=0 tag=2 token=0 revision=2 epoch=2 invalidations=0 arch=0x30d00803 effective=0x30d00803
NXDYN: CONTROL name=roundtrip granule=16384 index=6 phase=1 operation=4 selector=0 pc=0x4000401c operand=0x0 request_revision=2 request_epoch=2 reply=0 tag=1 token=14 revision=2 epoch=2 invalidations=1 arch=0x30d00803 effective=0x30d00803
NXDYN: CONTROL name=roundtrip granule=16384 index=7 phase=2 operation=4 selector=0 pc=0x4000401c operand=0xe request_revision=2 request_epoch=2 reply=0 tag=2 token=0 revision=2 epoch=2 invalidations=1 arch=0x30d00803 effective=0x30d00803
NXDYN: CONTROL name=roundtrip granule=16384 index=8 phase=1 operation=3 selector=0 pc=0x40004020 operand=0x0 request_revision=2 request_epoch=2 reply=0 tag=1 token=15 revision=2 epoch=2 invalidations=1 arch=0x30d00803 effective=0x30d00803
NXDYN: CONTROL name=roundtrip granule=16384 index=9 phase=2 operation=3 selector=0 pc=0x40004020 operand=0xf request_revision=2 request_epoch=2 reply=0 tag=2 token=0 revision=2 epoch=2 invalidations=1 arch=0x30d00803 effective=0x30d00803
NXDYN: CONTROL name=roundtrip granule=16384 index=10 phase=1 operation=2 selector=0 pc=0x40004024 operand=0x0 request_revision=2 request_epoch=2 reply=0 tag=1 token=16 revision=2 epoch=2 invalidations=1 arch=0x30d00803 effective=0x30d00803
NXDYN: CONTROL name=roundtrip granule=16384 index=11 phase=2 operation=2 selector=0 pc=0x40004024 operand=0x10 request_revision=2 request_epoch=2 reply=0 tag=2 token=0 revision=2 epoch=2 invalidations=1 arch=0x30d00803 effective=0x30d00803
NXDYN: CASE name=roundtrip granule=16384 status=1 provider=0 retired=15 blocks=15 fetch=15 data=5 completed=5 control=12 table_reads=15 tlbi_reads=9 esr=0x0 far=0x0 elr=0x0 spsr=0x0 pstate=0x3c5 pc=0x40004030 x0=0x9 x1=0x4000bff8 x2=0x2a x3=0x9 sp=0x40000400 version=3 bytes=512 tag=2 revision=2 epoch=2 invalidations=1 arch=0x30d00803 effective=0x30d00803 tcr=0x540118011 ttbr0=0x10000000 ttbr1=0x10000000 mair=0x44 transition=true protocol=true ram=true tables=true ram_host=0xe3c0000 table_host=0xe374000 jit_host=0xe364000 ram_sha=7fd8f92c9e85cda0fda4f4af01cacc13231084afd89fefeff176125cfe655881 table_before_sha=00dd2114a578942ad9cea234fae93f46e6a57ff5e4750275023e60f13d3a5f50 table_after_sha=00dd2114a578942ad9cea234fae93f46e6a57ff5e4750275023e60f13d3a5f50 pass=true
NXDYN: DATA name=fetch-translation granule=16384 index=0 pc=0x40003ff4 address=0x40003ff4 operation=1 width=4 count=1 sctlr=0x30d00802 epoch=1 reply=0 value0=0x91000442 value1=0x0 esr=0x0 fsc=0 far=0x0
NXDYN: DATA name=fetch-translation granule=16384 index=1 pc=0x40003ff8 address=0x40003ff8 operation=1 width=4 count=1 sctlr=0x30d00802 epoch=1 reply=0 value0=0xd5181000 value1=0x0 esr=0x0 fsc=0 far=0x0
NXDYN: DATA name=fetch-translation granule=16384 index=2 pc=0x40003ffc address=0x40003ffc operation=1 width=4 count=1 sctlr=0x30d00802 epoch=1 reply=0 value0=0xd5033fdf value1=0x0 esr=0x0 fsc=0 far=0x0
NXDYN: DATA name=fetch-translation granule=16384 index=3 pc=0x40004000 address=0x40004000 operation=1 width=4 count=1 sctlr=0x30d00803 epoch=2 reply=1 value0=0x0 value1=0x0 esr=0x86000007 fsc=7 far=0x40004000
NXDYN: CONTROL name=fetch-translation granule=16384 index=0 phase=1 operation=1 selector=1 pc=0x40003ff8 operand=0x30d00803 request_revision=1 request_epoch=1 reply=0 tag=1 token=17 revision=2 epoch=1 invalidations=0 arch=0x30d00803 effective=0x30d00802
NXDYN: CONTROL name=fetch-translation granule=16384 index=1 phase=2 operation=1 selector=1 pc=0x40003ff8 operand=0x11 request_revision=1 request_epoch=1 reply=0 tag=2 token=0 revision=2 epoch=1 invalidations=0 arch=0x30d00803 effective=0x30d00802
NXDYN: CONTROL name=fetch-translation granule=16384 index=2 phase=1 operation=2 selector=0 pc=0x40003ffc operand=0x0 request_revision=2 request_epoch=1 reply=0 tag=1 token=18 revision=2 epoch=2 invalidations=0 arch=0x30d00803 effective=0x30d00803
NXDYN: CONTROL name=fetch-translation granule=16384 index=3 phase=2 operation=2 selector=0 pc=0x40003ffc operand=0x12 request_revision=2 request_epoch=1 reply=0 tag=2 token=0 revision=2 epoch=2 invalidations=0 arch=0x30d00803 effective=0x30d00803
NXDYN: CASE name=fetch-translation granule=16384 status=16 provider=0 retired=3 blocks=3 fetch=4 data=0 completed=0 control=4 table_reads=3 tlbi_reads=0 esr=0x86000007 far=0x40004000 elr=0x40004000 spsr=0x3c5 pstate=0x3c5 pc=0x40004000 x0=0x30d00803 x1=0x40008000 x2=0x9 x3=0x63 sp=0x40000400 version=3 bytes=512 tag=2 revision=2 epoch=2 invalidations=0 arch=0x30d00803 effective=0x30d00803 tcr=0x540118011 ttbr0=0x10000000 ttbr1=0x10000000 mair=0x44 transition=true protocol=true ram=true tables=true ram_host=0xe3c0000 table_host=0xe374000 jit_host=0xe364000 ram_sha=b8d2ceb2368d0b2f3c58c52f40c103fb76f47ec556a3c4cc79c47f80ee53c3ac table_before_sha=e511841741e688a19a038069a379e638714ff23ca6a920770036eaaf78247a0b table_after_sha=e511841741e688a19a038069a379e638714ff23ca6a920770036eaaf78247a0b pass=true
NXDYN: DATA name=data-translation granule=16384 index=0 pc=0x40003ff4 address=0x40003ff4 operation=1 width=4 count=1 sctlr=0x30d00802 epoch=1 reply=0 value0=0x91000442 value1=0x0 esr=0x0 fsc=0 far=0x0
NXDYN: DATA name=data-translation granule=16384 index=1 pc=0x40003ff8 address=0x40003ff8 operation=1 width=4 count=1 sctlr=0x30d00802 epoch=1 reply=0 value0=0xd5181000 value1=0x0 esr=0x0 fsc=0 far=0x0
NXDYN: DATA name=data-translation granule=16384 index=2 pc=0x40003ffc address=0x40003ffc operation=1 width=4 count=1 sctlr=0x30d00802 epoch=1 reply=0 value0=0xd5033fdf value1=0x0 esr=0x0 fsc=0 far=0x0
NXDYN: DATA name=data-translation granule=16384 index=3 pc=0x40004000 address=0x40004000 operation=1 width=4 count=1 sctlr=0x30d00803 epoch=2 reply=0 value0=0xf9400023 value1=0x0 esr=0x0 fsc=0 far=0x0
NXDYN: DATA name=data-translation granule=16384 index=4 pc=0x40004000 address=0x40008000 operation=2 width=8 count=1 sctlr=0x30d00803 epoch=2 reply=1 value0=0x0 value1=0x0 esr=0x96000007 fsc=7 far=0x40008000
NXDYN: CONTROL name=data-translation granule=16384 index=0 phase=1 operation=1 selector=1 pc=0x40003ff8 operand=0x30d00803 request_revision=1 request_epoch=1 reply=0 tag=1 token=19 revision=2 epoch=1 invalidations=0 arch=0x30d00803 effective=0x30d00802
NXDYN: CONTROL name=data-translation granule=16384 index=1 phase=2 operation=1 selector=1 pc=0x40003ff8 operand=0x13 request_revision=1 request_epoch=1 reply=0 tag=2 token=0 revision=2 epoch=1 invalidations=0 arch=0x30d00803 effective=0x30d00802
NXDYN: CONTROL name=data-translation granule=16384 index=2 phase=1 operation=2 selector=0 pc=0x40003ffc operand=0x0 request_revision=2 request_epoch=1 reply=0 tag=1 token=20 revision=2 epoch=2 invalidations=0 arch=0x30d00803 effective=0x30d00803
NXDYN: CONTROL name=data-translation granule=16384 index=3 phase=2 operation=2 selector=0 pc=0x40003ffc operand=0x14 request_revision=2 request_epoch=1 reply=0 tag=2 token=0 revision=2 epoch=2 invalidations=0 arch=0x30d00803 effective=0x30d00803
NXDYN: CASE name=data-translation granule=16384 status=17 provider=0 retired=3 blocks=4 fetch=4 data=1 completed=0 control=4 table_reads=6 tlbi_reads=0 esr=0x96000007 far=0x40008000 elr=0x40004000 spsr=0x3c5 pstate=0x3c5 pc=0x40004000 x0=0x30d00803 x1=0x40008000 x2=0x9 x3=0x63 sp=0x40000400 version=3 bytes=512 tag=2 revision=2 epoch=2 invalidations=0 arch=0x30d00803 effective=0x30d00803 tcr=0x540118011 ttbr0=0x10000000 ttbr1=0x10000000 mair=0x44 transition=true protocol=true ram=true tables=true ram_host=0xe3c0000 table_host=0xe374000 jit_host=0xe364000 ram_sha=b8d2ceb2368d0b2f3c58c52f40c103fb76f47ec556a3c4cc79c47f80ee53c3ac table_before_sha=9d067c9e90de9c3ec4467546ac3c43f7224fc97ae803d0a1e316c6a811e752a2 table_after_sha=9d067c9e90de9c3ec4467546ac3c43f7224fc97ae803d0a1e316c6a811e752a2 pass=true
NXDYN: PASS cases=6 macos_boot_verified=false
