[2J[01;01H[=3h[2J[01;01H[2J[01;01H[=3h[2J[01;01H[2J[01;01H[=3h[2J[01;01HBdsDxe: loading Boot0001 "UEFI QEMU HARDDISK QM00001 " from PciRoot(0x0)/Pci(0x1F,0x2)/Sata(0x0,0xFFFF,0x0)
BdsDxe: starting Boot0001 "UEFI QEMU HARDDISK QM00001 " from PciRoot(0x0)/Pci(0x1F,0x2)/Sata(0x0,0xFFFF,0x0)
NXARMJIT: WATCHDOG_DISABLED
NXARMJIT: WATCHDOG_DISABLED
NXARMJIT: EFI_ENTRY host=x86_64 guest=arm64
NXARMJIT: CONFIG_PARSED
NXARMJIT: KC_VALIDATED subtype=0x0 arena=49152
NXARMJIT: TRACE_TIERED_DIAGNOSTIC maximum=4096
NXARMJIT: TRACE_DEEP_DIAGNOSTIC_BUILD maximum=16384
NXARMJIT: TRACE_LONG_DIAGNOSTIC_BUILD maximum=65536
NXARMJIT: TRACE_INITIALIZATION_DIAGNOSTIC_BUILD maximum=67108864
NXARMJIT: TRACE_MAPPED_DIAGNOSTIC_BUILD profile=mapped-normal-nc-v1
NXARMJIT: TRACE_MAPPED_DIAGNOSTIC_SELECTED profile=mapped-normal-nc-v1
NXARMJIT: TRACE_LONG_DIAGNOSTIC_SELECTED tier=65536
NXARMJIT: TRACE_DT_CHECKED templates=0 platform_complete=false
NXARMJIT: TRACE_STAGING_VERIFIED source_unchanged=true
NXARMJIT: TRACE_HANDOFF_UNPROVISIONED abi=unprovisioned-sptm-prefix sptm_args=false sptm_services=false platform_device_tree=false
NXARMJIT: TRACE_PLATFORM_PROFILE name=nextcore-irq-compat-v1 reset_origin=software_defined initial_override=0x0 initial_pstate=0x3c5 irq=0 fiq=0
NXARMJIT: TRACE_ENTER entry=0xfffffe0002004400 x0=0 x1=0x4200c000 x2=0 x3=0 budget=65536
NXARMJIT: TRACE_MAPPINGS_READY granule=16384 profile=3 physical_base=0x40000000 virtual_base=0xfffffe0000000000 memory_size=67108864 table_base=0x44000000 table_bytes=131072 ttbr0=0x44000000 ttbr1=0x44004000 tcr=0x540118011 sctlr=0x30d00801 entry=0xfffffe0002004400
NXARMJIT: TRACE_MEMORY_PROVIDER abi=2 mode=mapped-normal-nc-v1
NXARMJIT: TRACE_MEMORY_OBSERVATION total=91729 retained=64
NXARMJIT: TRACE_MEMORY_REQUEST sequence=91666 operation=2 pc=0xfffffe0002004540 address=0xfffffe000200455c width=8 count=1 result=0
NXARMJIT: TRACE_MEMORY_REQUEST sequence=91667 operation=1 pc=0xfffffe0002004544 address=0xfffffe0002004544 width=4 count=1 result=0
NXARMJIT: TRACE_MEMORY_REQUEST sequence=91668 operation=1 pc=0xfffffe0002004548 address=0xfffffe0002004548 width=4 count=1 result=0
NXARMJIT: TRACE_MEMORY_REQUEST sequence=91669 operation=1 pc=0xfffffe000200454c address=0xfffffe000200454c width=4 count=1 result=0
NXARMJIT: TRACE_MEMORY_REQUEST sequence=91670 operation=1 pc=0xfffffe000200453c address=0xfffffe000200453c width=4 count=1 result=0
NXARMJIT: TRACE_MEMORY_REQUEST sequence=91671 operation=3 pc=0xfffffe000200453c address=0xfffffe000200455c width=8 count=1 result=0
NXARMJIT: TRACE_MEMORY_REQUEST sequence=91672 operation=1 pc=0xfffffe0002004540 address=0xfffffe0002004540 width=4 count=1 result=0
NXARMJIT: TRACE_MEMORY_REQUEST sequence=91673 operation=2 pc=0xfffffe0002004540 address=0xfffffe000200455c width=8 count=1 result=0
NXARMJIT: TRACE_MEMORY_REQUEST sequence=91674 operation=1 pc=0xfffffe0002004544 address=0xfffffe0002004544 width=4 count=1 result=0
NXARMJIT: TRACE_MEMORY_REQUEST sequence=91675 operation=1 pc=0xfffffe0002004548 address=0xfffffe0002004548 width=4 count=1 result=0
NXARMJIT: TRACE_MEMORY_REQUEST sequence=91676 operation=1 pc=0xfffffe000200454c address=0xfffffe000200454c width=4 count=1 result=0
NXARMJIT: TRACE_MEMORY_REQUEST sequence=91677 operation=1 pc=0xfffffe000200453c address=0xfffffe000200453c width=4 count=1 result=0
NXARMJIT: TRACE_MEMORY_REQUEST sequence=91678 operation=3 pc=0xfffffe000200453c address=0xfffffe000200455c width=8 count=1 result=0
NXARMJIT: TRACE_MEMORY_REQUEST sequence=91679 operation=1 pc=0xfffffe0002004540 address=0xfffffe0002004540 width=4 count=1 result=0
NXARMJIT: TRACE_MEMORY_REQUEST sequence=91680 operation=2 pc=0xfffffe0002004540 address=0xfffffe000200455c width=8 count=1 result=0
NXARMJIT: TRACE_MEMORY_REQUEST sequence=91681 operation=1 pc=0xfffffe0002004544 address=0xfffffe0002004544 width=4 count=1 result=0
NXARMJIT: TRACE_MEMORY_REQUEST sequence=91682 operation=1 pc=0xfffffe0002004548 address=0xfffffe0002004548 width=4 count=1 result=0
NXARMJIT: TRACE_MEMORY_REQUEST sequence=91683 operation=1 pc=0xfffffe000200454c address=0xfffffe000200454c width=4 count=1 result=0
NXARMJIT: TRACE_MEMORY_REQUEST sequence=91684 operation=1 pc=0xfffffe000200453c address=0xfffffe000200453c width=4 count=1 result=0
NXARMJIT: TRACE_MEMORY_REQUEST sequence=91685 operation=3 pc=0xfffffe000200453c address=0xfffffe000200455c width=8 count=1 result=0
NXARMJIT: TRACE_MEMORY_REQUEST sequence=91686 operation=1 pc=0xfffffe0002004540 address=0xfffffe0002004540 width=4 count=1 result=0
NXARMJIT: TRACE_MEMORY_REQUEST sequence=91687 operation=2 pc=0xfffffe0002004540 address=0xfffffe000200455c width=8 count=1 result=0
NXARMJIT: TRACE_MEMORY_REQUEST sequence=91688 operation=1 pc=0xfffffe0002004544 address=0xfffffe0002004544 width=4 count=1 result=0
NXARMJIT: TRACE_MEMORY_REQUEST sequence=91689 operation=1 pc=0xfffffe0002004548 address=0xfffffe0002004548 width=4 count=1 result=0
NXARMJIT: TRACE_MEMORY_REQUEST sequence=91690 operation=1 pc=0xfffffe000200454c address=0xfffffe000200454c width=4 count=1 result=0
NXARMJIT: TRACE_MEMORY_REQUEST sequence=91691 operation=1 pc=0xfffffe000200453c address=0xfffffe000200453c width=4 count=1 result=0
NXARMJIT: TRACE_MEMORY_REQUEST sequence=91692 operation=3 pc=0xfffffe000200453c address=0xfffffe000200455c width=8 count=1 result=0
NXARMJIT: TRACE_MEMORY_REQUEST sequence=91693 operation=1 pc=0xfffffe0002004540 address=0xfffffe0002004540 width=4 count=1 result=0
NXARMJIT: TRACE_MEMORY_REQUEST sequence=91694 operation=2 pc=0xfffffe0002004540 address=0xfffffe000200455c width=8 count=1 result=0
NXARMJIT: TRACE_MEMORY_REQUEST sequence=91695 operation=1 pc=0xfffffe0002004544 address=0xfffffe0002004544 width=4 count=1 result=0
NXARMJIT: TRACE_MEMORY_REQUEST sequence=91696 operation=1 pc=0xfffffe0002004548 address=0xfffffe0002004548 width=4 count=1 result=0
NXARMJIT: TRACE_MEMORY_REQUEST sequence=91697 operation=1 pc=0xfffffe000200454c address=0xfffffe000200454c width=4 count=1 result=0
NXARMJIT: TRACE_MEMORY_REQUEST sequence=91698 operation=1 pc=0xfffffe000200453c address=0xfffffe000200453c width=4 count=1 result=0
NXARMJIT: TRACE_MEMORY_REQUEST sequence=91699 operation=3 pc=0xfffffe000200453c address=0xfffffe000200455c width=8 count=1 result=0
NXARMJIT: TRACE_MEMORY_REQUEST sequence=91700 operation=1 pc=0xfffffe0002004540 address=0xfffffe0002004540 width=4 count=1 result=0
NXARMJIT: TRACE_MEMORY_REQUEST sequence=91701 operation=2 pc=0xfffffe0002004540 address=0xfffffe000200455c width=8 count=1 result=0
NXARMJIT: TRACE_MEMORY_REQUEST sequence=91702 operation=1 pc=0xfffffe0002004544 address=0xfffffe0002004544 width=4 count=1 result=0
NXARMJIT: TRACE_MEMORY_REQUEST sequence=91703 operation=1 pc=0xfffffe0002004548 address=0xfffffe0002004548 width=4 count=1 result=0
NXARMJIT: TRACE_MEMORY_REQUEST sequence=91704 operation=1 pc=0xfffffe000200454c address=0xfffffe000200454c width=4 count=1 result=0
NXARMJIT: TRACE_MEMORY_REQUEST sequence=91705 operation=1 pc=0xfffffe000200453c address=0xfffffe000200453c width=4 count=1 result=0
NXARMJIT: TRACE_MEMORY_REQUEST sequence=91706 operation=3 pc=0xfffffe000200453c address=0xfffffe000200455c width=8 count=1 result=0
NXARMJIT: TRACE_MEMORY_REQUEST sequence=91707 operation=1 pc=0xfffffe0002004540 address=0xfffffe0002004540 width=4 count=1 result=0
NXARMJIT: TRACE_MEMORY_REQUEST sequence=91708 operation=2 pc=0xfffffe0002004540 address=0xfffffe000200455c width=8 count=1 result=0
NXARMJIT: TRACE_MEMORY_REQUEST sequence=91709 operation=1 pc=0xfffffe0002004544 address=0xfffffe0002004544 width=4 count=1 result=0
NXARMJIT: TRACE_MEMORY_REQUEST sequence=91710 operation=1 pc=0xfffffe0002004548 address=0xfffffe0002004548 width=4 count=1 result=0
NXARMJIT: TRACE_MEMORY_REQUEST sequence=91711 operation=1 pc=0xfffffe000200454c address=0xfffffe000200454c width=4 count=1 result=0
NXARMJIT: TRACE_MEMORY_REQUEST sequence=91712 operation=1 pc=0xfffffe000200453c address=0xfffffe000200453c width=4 count=1 result=0
NXARMJIT: TRACE_MEMORY_REQUEST sequence=91713 operation=3 pc=0xfffffe000200453c address=0xfffffe000200455c width=8 count=1 result=0
NXARMJIT: TRACE_MEMORY_REQUEST sequence=91714 operation=1 pc=0xfffffe0002004540 address=0xfffffe0002004540 width=4 count=1 result=0
NXARMJIT: TRACE_MEMORY_REQUEST sequence=91715 operation=2 pc=0xfffffe0002004540 address=0xfffffe000200455c width=8 count=1 result=0
NXARMJIT: TRACE_MEMORY_REQUEST sequence=91716 operation=1 pc=0xfffffe0002004544 address=0xfffffe0002004544 width=4 count=1 result=0
NXARMJIT: TRACE_MEMORY_REQUEST sequence=91717 operation=1 pc=0xfffffe0002004548 address=0xfffffe0002004548 width=4 count=1 result=0
NXARMJIT: TRACE_MEMORY_REQUEST sequence=91718 operation=1 pc=0xfffffe000200454c address=0xfffffe000200454c width=4 count=1 result=0
NXARMJIT: TRACE_MEMORY_REQUEST sequence=91719 operation=1 pc=0xfffffe000200453c address=0xfffffe000200453c width=4 count=1 result=0
NXARMJIT: TRACE_MEMORY_REQUEST sequence=91720 operation=3 pc=0xfffffe000200453c address=0xfffffe000200455c width=8 count=1 result=0
NXARMJIT: TRACE_MEMORY_REQUEST sequence=91721 operation=1 pc=0xfffffe0002004540 address=0xfffffe0002004540 width=4 count=1 result=0
NXARMJIT: TRACE_MEMORY_REQUEST sequence=91722 operation=2 pc=0xfffffe0002004540 address=0xfffffe000200455c width=8 count=1 result=0
NXARMJIT: TRACE_MEMORY_REQUEST sequence=91723 operation=1 pc=0xfffffe0002004544 address=0xfffffe0002004544 width=4 count=1 result=0
NXARMJIT: TRACE_MEMORY_REQUEST sequence=91724 operation=1 pc=0xfffffe0002004548 address=0xfffffe0002004548 width=4 count=1 result=0
NXARMJIT: TRACE_MEMORY_REQUEST sequence=91725 operation=1 pc=0xfffffe000200454c address=0xfffffe000200454c width=4 count=1 result=0
NXARMJIT: TRACE_MEMORY_REQUEST sequence=91726 operation=1 pc=0xfffffe000200453c address=0xfffffe000200453c width=4 count=1 result=0
NXARMJIT: TRACE_MEMORY_REQUEST sequence=91727 operation=3 pc=0xfffffe000200453c address=0xfffffe000200455c width=8 count=1 result=0
NXARMJIT: TRACE_MEMORY_REQUEST sequence=91728 operation=1 pc=0xfffffe0002004540 address=0xfffffe0002004540 width=4 count=1 result=0
NXARMJIT: TRACE_MEMORY_REQUEST sequence=91729 operation=2 pc=0xfffffe0002004540 address=0xfffffe000200455c width=8 count=1 result=0
NXARMJIT: TRACE_MAPPED_REPLY result=0 fault=0 address=0x0 output_pa=0x0 descriptor_pa=0x0 level=4294967295 context=0 metadata_flags=0 esr=0x0
NXARMJIT: TRACE_PROTECTION_CALLS writable=85 executable=84 failures=0 includes_restore=true
NXARMJIT: TRACE_RETURN status=5 retired=65536 pc=0xfffffe0002004544 blocks=65536 instruction=0x0
NXARMJIT: TRACE_REGISTERS x0=0x20002 x1=0xfffffe0002004558 x2=0x1122334455667788 x3=0xfffffe0002004558
NXARMJIT: TRACE_PLATFORM_STATE profile=1 override=0x0 pending=0 pstate=0x600003c5 sp=0x42024000
NXARMJIT: TRACE_EXCEPTION_STATE elr=0x0 spsr=0x0 vector=0x0 esr=0x0 handler_executed=false
NXARMJIT: TRACE_MEMORY_RESULT abi=2 provider_status=0 guest_far=0x0 last_address=0xfffffe000200455c fetch_requests=65536 data_requests=26193 completed_data_operations=26193
NXARMJIT: TRACE_ONLY macos_boot_verified=false metal_verified=false
NXARMJIT: ERROR status=ABORTED
