at__4K_TTBR0_invalid0_L0 Translation 0 Walk 40094000 none 1
at__4K_TTBR0_invalid1_L0 Translation 0 Walk 40094000 none 1
at__4K_TTBR1_invalid0_L0 Translation 0 Walk 40094000 none 1
at__4K_TTBR1_invalid1_L0 Translation 0 Walk 40094000 none 1
at__4K_reserved_block_L0 Translation 0 Walk 40094000 none 1
at__4K_table_PA32_L0 AddressSize 0 Walk 40094000 100000000 1
at__4K_TTBR0_invalid0_L1 Translation 1 Walk 40098000 none 2
at__4K_TTBR0_invalid1_L1 Translation 1 Walk 40098000 none 2
at__4K_TTBR1_invalid0_L1 Translation 1 Walk 40098000 none 2
at__4K_TTBR1_invalid1_L1 Translation 1 Walk 40098000 none 2
at__4K_table_PA32_L1 AddressSize 1 Walk 40098000 100000000 2
at__4K_TTBR0_invalid0_L2 Translation 2 Walk 4009c000 none 3
at__4K_TTBR0_invalid1_L2 Translation 2 Walk 4009c000 none 3
at__4K_TTBR1_invalid0_L2 Translation 2 Walk 4009c000 none 3
at__4K_TTBR1_invalid1_L2 Translation 2 Walk 4009c000 none 3
at__4K_table_PA32_L2 AddressSize 2 Walk 4009c000 100000000 3
at__4K_TTBR0_invalid0_L3 Translation 3 Walk 400a0000 none 4
at__4K_TTBR0_invalid1_L3 Translation 3 Walk 400a0000 none 4
at__4K_TTBR1_invalid0_L3 Translation 3 Walk 400a0000 none 4
at__4K_TTBR1_invalid1_L3 Translation 3 Walk 400a0000 none 4
at__4K_reserved_block_L3 Translation 3 Walk 400a0000 none 4
at__4K_leaf_kind3_L1 AccessFlag 1 Leaf 40098000 40000234 2
at__4K_leaf_kind4_L1 Permission 1 Leaf 40098000 40000234 2
at__4K_leaf_kind5_L1 AddressSize 1 Walk 40098000 100000000 2
at__4K_leaf_success_L1 OK 40000234 2
at__4K_leaf_PA36_L1 OK 100000234 2
at__4K_leaf_kind3_L2 AccessFlag 2 Leaf 4009c000 40000234 3
at__4K_leaf_kind4_L2 Permission 2 Leaf 4009c000 40000234 3
at__4K_leaf_kind5_L2 AddressSize 2 Walk 4009c000 100000000 3
at__4K_leaf_success_L2 OK 40000234 3
at__4K_leaf_PA36_L2 OK 100000234 3
at__4K_leaf_kind3_L3 AccessFlag 3 Leaf 400a0000 40000234 4
at__4K_leaf_kind4_L3 Permission 3 Leaf 400a0000 40000234 4
at__4K_leaf_kind5_L3 AddressSize 3 Walk 400a0000 100000000 4
at__4K_leaf_success_L3 OK 40000234 4
at__4K_leaf_PA36_L3 OK 100000234 4
at__4K_root_PA32_start0_tsz16_T0 AddressSize 0 Input none 100000000 0
at__4K_EPD_start0_tsz16_T0 Translation 0 Input none none 0
at__4K_invalid_start0_tsz16_T0 Translation 0 Walk 40094000 none 1
at__4K_root_PA32_start0_tsz16_T1 AddressSize 0 Input none 100000000 0
at__4K_EPD_start0_tsz16_T1 Translation 0 Input none none 0
at__4K_invalid_start0_tsz16_T1 Translation 0 Walk 40094000 none 1
at__4K_noncanonical_tsz16 Translation 0 Input none none 0
at__4K_root_PA32_start1_tsz25_T0 AddressSize 0 Input none 100000000 0
at__4K_EPD_start1_tsz25_T0 Translation 0 Input none none 0
at__4K_invalid_start1_tsz25_T0 Translation 1 Walk 40098000 none 1
at__4K_root_PA32_start1_tsz25_T1 AddressSize 0 Input none 100000000 0
at__4K_EPD_start1_tsz25_T1 Translation 0 Input none none 0
at__4K_invalid_start1_tsz25_T1 Translation 1 Walk 40098000 none 1
at__4K_noncanonical_tsz25 Translation 0 Input none none 0
at__4K_root_PA32_start2_tsz34_T0 AddressSize 0 Input none 100000000 0
at__4K_EPD_start2_tsz34_T0 Translation 0 Input none none 0
at__4K_invalid_start2_tsz34_T0 Translation 2 Walk 4009c000 none 1
at__4K_root_PA32_start2_tsz34_T1 AddressSize 0 Input none 100000000 0
at__4K_EPD_start2_tsz34_T1 Translation 0 Input none none 0
at__4K_invalid_start2_tsz34_T1 Translation 2 Walk 4009c000 none 1
at__4K_noncanonical_tsz34 Translation 0 Input none none 0
at__4K_root_PA32_start2_tsz39_T0 AddressSize 0 Input none 100000000 0
at__4K_EPD_start2_tsz39_T0 Translation 0 Input none none 0
at__4K_invalid_start2_tsz39_T0 Translation 2 Walk 4009c000 none 1
at__4K_root_PA32_start2_tsz39_T1 AddressSize 0 Input none 100000000 0
at__4K_EPD_start2_tsz39_T1 Translation 0 Input none none 0
at__4K_invalid_start2_tsz39_T1 Translation 2 Walk 4009c000 none 1
at__4K_noncanonical_tsz39 Translation 0 Input none none 0
at__16K_TTBR0_invalid0_L1 Translation 1 Walk 40098000 none 1
at__16K_TTBR0_invalid1_L1 Translation 1 Walk 40098000 none 1
at__16K_TTBR1_invalid0_L1 Translation 1 Walk 40098000 none 1
at__16K_TTBR1_invalid1_L1 Translation 1 Walk 40098000 none 1
at__16K_reserved_block_L1 Translation 1 Walk 40098000 none 1
at__16K_table_PA32_L1 AddressSize 1 Walk 40098000 100000000 1
at__16K_TTBR0_invalid0_L2 Translation 2 Walk 4009c000 none 2
at__16K_TTBR0_invalid1_L2 Translation 2 Walk 4009c000 none 2
at__16K_TTBR1_invalid0_L2 Translation 2 Walk 4009c000 none 2
at__16K_TTBR1_invalid1_L2 Translation 2 Walk 4009c000 none 2
at__16K_table_PA32_L2 AddressSize 2 Walk 4009c000 100000000 2
at__16K_TTBR0_invalid0_L3 Translation 3 Walk 400a0000 none 3
at__16K_TTBR0_invalid1_L3 Translation 3 Walk 400a0000 none 3
at__16K_TTBR1_invalid0_L3 Translation 3 Walk 400a0000 none 3
at__16K_TTBR1_invalid1_L3 Translation 3 Walk 400a0000 none 3
at__16K_reserved_block_L3 Translation 3 Walk 400a0000 none 3
at__16K_leaf_kind3_L2 AccessFlag 2 Leaf 4009c000 40000234 2
at__16K_leaf_kind4_L2 Permission 2 Leaf 4009c000 40000234 2
at__16K_leaf_kind5_L2 AddressSize 2 Walk 4009c000 100000000 2
at__16K_leaf_success_L2 OK 40000234 2
at__16K_leaf_PA36_L2 OK 100000234 2
at__16K_leaf_kind3_L3 AccessFlag 3 Leaf 400a0000 40000234 3
at__16K_leaf_kind4_L3 Permission 3 Leaf 400a0000 40000234 3
at__16K_leaf_kind5_L3 AddressSize 3 Walk 400a0000 100000000 3
at__16K_leaf_success_L3 OK 40000234 3
at__16K_leaf_PA36_L3 OK 100000234 3
at__16K_root_PA32_start1_tsz17_T0 AddressSize 0 Input none 100000000 0
at__16K_EPD_start1_tsz17_T0 Translation 0 Input none none 0
at__16K_invalid_start1_tsz17_T0 Translation 1 Walk 40098000 none 1
at__16K_root_PA32_start1_tsz17_T1 AddressSize 0 Input none 100000000 0
at__16K_EPD_start1_tsz17_T1 Translation 0 Input none none 0
at__16K_invalid_start1_tsz17_T1 Translation 1 Walk 40098000 none 1
at__16K_noncanonical_tsz17 Translation 0 Input none none 0
at__16K_root_PA32_start2_tsz28_T0 AddressSize 0 Input none 100000000 0
at__16K_EPD_start2_tsz28_T0 Translation 0 Input none none 0
at__16K_invalid_start2_tsz28_T0 Translation 2 Walk 4009c000 none 1
at__16K_root_PA32_start2_tsz28_T1 AddressSize 0 Input none 100000000 0
at__16K_EPD_start2_tsz28_T1 Translation 0 Input none none 0
at__16K_invalid_start2_tsz28_T1 Translation 2 Walk 4009c000 none 1
at__16K_noncanonical_tsz28 Translation 0 Input none none 0
at__16K_root_PA32_start3_tsz39_T0 AddressSize 0 Input none 100000000 0
at__16K_EPD_start3_tsz39_T0 Translation 0 Input none none 0
at__16K_invalid_start3_tsz39_T0 Translation 3 Walk 400a0000 none 1
at__16K_root_PA32_start3_tsz39_T1 AddressSize 0 Input none 100000000 0
at__16K_EPD_start3_tsz39_T1 Translation 0 Input none none 0
at__16K_invalid_start3_tsz39_T1 Translation 3 Walk 400a0000 none 1
at__16K_noncanonical_tsz39 Translation 0 Input none none 0
at__16K_root_PA32_start3_tsz47_T0 AddressSize 0 Input none 100000000 0
at__16K_EPD_start3_tsz47_T0 Translation 0 Input none none 0
at__16K_invalid_start3_tsz47_T0 Translation 3 Walk 400a0000 none 1
at__16K_root_PA32_start3_tsz47_T1 AddressSize 0 Input none 100000000 0
at__16K_EPD_start3_tsz47_T1 Translation 0 Input none none 0
at__16K_invalid_start3_tsz47_T1 Translation 3 Walk 400a0000 none 1
at__16K_noncanonical_tsz47 Translation 0 Input none none 0
at-negative__4K_TTBR0_invalid0_L0 Translation 3 Walk 400a0000 none 4
abort__4096_L0_kind0_access0 Translation 0 Walk 40094000 none 1
abort__4096_L0_kind6_access0 AddressSize 0 Walk 40094000 100000000 1
abort__4096_L0_kind2_access0 Translation 0 Walk 40094000 none 1
abort__4096_L1_kind0_access0 Translation 1 Walk 40098000 none 2
abort__4096_L1_kind6_access0 AddressSize 1 Walk 40098000 100000000 2
abort__4096_L2_kind0_access0 Translation 2 Walk 4009c000 none 3
abort__4096_L2_kind6_access0 AddressSize 2 Walk 4009c000 100000000 3
abort__4096_L3_kind0_access0 Translation 3 Walk 400a0000 none 4
abort__4096_L3_kind2_access0 Translation 3 Walk 400a0000 none 4
abort__4096_L1_kind3_access0 AccessFlag 1 Leaf 40098000 40000230 2
abort__4096_L1_kind4_access1 Permission 1 Leaf 40098000 40000230 2
abort__4096_L1_kind5_access0 AddressSize 1 Walk 40098000 100000000 2
abort__4096_L1_kind11_access2 Permission 1 Leaf 40098000 40000230 2
abort__4096_L2_kind3_access0 AccessFlag 2 Leaf 4009c000 40000230 3
abort__4096_L2_kind4_access1 Permission 2 Leaf 4009c000 40000230 3
abort__4096_L2_kind5_access0 AddressSize 2 Walk 4009c000 100000000 3
abort__4096_L2_kind11_access2 Permission 2 Leaf 4009c000 40000230 3
abort__4096_L3_kind3_access0 AccessFlag 3 Leaf 400a0000 40000230 4
abort__4096_L3_kind4_access1 Permission 3 Leaf 400a0000 40000230 4
abort__4096_L3_kind5_access0 AddressSize 3 Walk 400a0000 100000000 4
abort__4096_L3_kind11_access2 Permission 3 Leaf 400a0000 40000230 4
abort__4096_L3_kind7_access0 AddressSize 0 Input none 100000000 0
abort__4096_L3_kind8_access0 Translation 0 Input none none 0
abort__16384_L1_kind0_access0 Translation 1 Walk 40098000 none 1
abort__16384_L1_kind6_access0 AddressSize 1 Walk 40098000 100000000 1
abort__16384_L1_kind2_access0 Translation 1 Walk 40098000 none 1
abort__16384_L2_kind0_access0 Translation 2 Walk 4009c000 none 2
abort__16384_L2_kind6_access0 AddressSize 2 Walk 4009c000 100000000 2
abort__16384_L3_kind0_access0 Translation 3 Walk 400a0000 none 3
abort__16384_L3_kind2_access0 Translation 3 Walk 400a0000 none 3
abort__16384_L2_kind3_access0 AccessFlag 2 Leaf 4009c000 40000230 2
abort__16384_L2_kind4_access1 Permission 2 Leaf 4009c000 40000230 2
abort__16384_L2_kind5_access0 AddressSize 2 Walk 4009c000 100000000 2
abort__16384_L2_kind11_access2 Permission 2 Leaf 4009c000 40000230 2
abort__16384_L3_kind3_access0 AccessFlag 3 Leaf 400a0000 40000230 3
abort__16384_L3_kind4_access1 Permission 3 Leaf 400a0000 40000230 3
abort__16384_L3_kind5_access0 AddressSize 3 Walk 400a0000 100000000 3
abort__16384_L3_kind11_access2 Permission 3 Leaf 400a0000 40000230 3
abort__16384_L3_kind7_access0 AddressSize 0 Input none 100000000 0
abort__16384_L3_kind8_access0 Translation 0 Input none none 0
abort-negative__4096_L0_kind0_access0 Translation 3 Walk 400a0000 none 4
