[2J[01;01H[=3h[2J[01;01H[2J[01;01H[=3h[2J[01;01H[2J[01;01H[=3h[2J[01;01HBdsDxe: loading Boot0001 "UEFI QEMU HARDDISK QM00001 " from PciRoot(0x0)/Pci(0x1F,0x2)/Sata(0x0,0xFFFF,0x0)
BdsDxe: starting Boot0001 "UEFI QEMU HARDDISK QM00001 " from PciRoot(0x0)/Pci(0x1F,0x2)/Sata(0x0,0xFFFF,0x0)
NXMMU: ENTRY host=x86_64 profile=nextcore-stage1-fixed-nc-v1 authored=true
NXMMU: ENTRY host=x86_64 profile=nextcore-stage1-fixed-nc-v1 authored=true
NXMMU: CASE name=strb granule=4096 upper=false status=1 provider=0 retired=3 blocks=3 fetch=3 data=1 completed=1 esr=0x0 far=0x0 reply=0 fsc=0 pass=true
NXMMU: CASE name=ldrb granule=4096 upper=false status=1 provider=0 retired=3 blocks=3 fetch=3 data=1 completed=1 esr=0x0 far=0x0 reply=0 fsc=0 pass=true
NXMMU: CASE name=ldrsb-w granule=4096 upper=false status=1 provider=0 retired=3 blocks=3 fetch=3 data=1 completed=1 esr=0x0 far=0x0 reply=0 fsc=0 pass=true
NXMMU: CASE name=ldrsb-x granule=4096 upper=false status=1 provider=0 retired=3 blocks=3 fetch=3 data=1 completed=1 esr=0x0 far=0x0 reply=0 fsc=0 pass=true
NXMMU: CASE name=strh granule=4096 upper=false status=1 provider=0 retired=3 blocks=3 fetch=3 data=1 completed=1 esr=0x0 far=0x0 reply=0 fsc=0 pass=true
NXMMU: CASE name=ldrh granule=4096 upper=false status=1 provider=0 retired=3 blocks=3 fetch=3 data=1 completed=1 esr=0x0 far=0x0 reply=0 fsc=0 pass=true
NXMMU: CASE name=ldrsh-w granule=4096 upper=false status=1 provider=0 retired=3 blocks=3 fetch=3 data=1 completed=1 esr=0x0 far=0x0 reply=0 fsc=0 pass=true
NXMMU: CASE name=ldrsh-x granule=4096 upper=false status=1 provider=0 retired=3 blocks=3 fetch=3 data=1 completed=1 esr=0x0 far=0x0 reply=0 fsc=0 pass=true
NXMMU: CASE name=str-w granule=4096 upper=false status=1 provider=0 retired=3 blocks=3 fetch=3 data=1 completed=1 esr=0x0 far=0x0 reply=0 fsc=0 pass=true
NXMMU: CASE name=ldr-w granule=4096 upper=false status=1 provider=0 retired=3 blocks=3 fetch=3 data=1 completed=1 esr=0x0 far=0x0 reply=0 fsc=0 pass=true
NXMMU: CASE name=ldrsw granule=4096 upper=false status=1 provider=0 retired=3 blocks=3 fetch=3 data=1 completed=1 esr=0x0 far=0x0 reply=0 fsc=0 pass=true
NXMMU: CASE name=str-x granule=4096 upper=false status=1 provider=0 retired=3 blocks=3 fetch=3 data=1 completed=1 esr=0x0 far=0x0 reply=0 fsc=0 pass=true
NXMMU: CASE name=ldr-x granule=4096 upper=false status=1 provider=0 retired=3 blocks=3 fetch=3 data=1 completed=1 esr=0x0 far=0x0 reply=0 fsc=0 pass=true
NXMMU: CASE name=pair-offset granule=4096 upper=false status=1 provider=0 retired=4 blocks=4 fetch=4 data=2 completed=2 esr=0x0 far=0x0 reply=0 fsc=0 pass=true
NXMMU: CASE name=pair-pre granule=4096 upper=false status=1 provider=0 retired=4 blocks=4 fetch=4 data=2 completed=2 esr=0x0 far=0x0 reply=0 fsc=0 pass=true
NXMMU: CASE name=pair-post granule=4096 upper=false status=1 provider=0 retired=4 blocks=4 fetch=4 data=2 completed=2 esr=0x0 far=0x0 reply=0 fsc=0 pass=true
NXMMU: CASE name=pair-store-translation granule=4096 upper=false status=17 provider=0 retired=1 blocks=2 fetch=2 data=1 completed=0 esr=0x96000047 far=0x20005000 reply=1 fsc=7 pass=true
NXMMU: CASE name=pair-load-translation granule=4096 upper=false status=17 provider=0 retired=1 blocks=2 fetch=2 data=1 completed=0 esr=0x96000007 far=0x20005000 reply=1 fsc=7 pass=true
NXMMU: CASE name=pair-store-af granule=4096 upper=false status=17 provider=0 retired=1 blocks=2 fetch=2 data=1 completed=0 esr=0x9600004b far=0x20005000 reply=1 fsc=11 pass=true
NXMMU: CASE name=pair-load-af granule=4096 upper=false status=17 provider=0 retired=1 blocks=2 fetch=2 data=1 completed=0 esr=0x9600000b far=0x20005000 reply=1 fsc=11 pass=true
NXMMU: CASE name=pair-store-backing granule=4096 upper=false status=4 provider=5 retired=1 blocks=2 fetch=2 data=1 completed=0 esr=0x0 far=0x0 reply=3 fsc=0 pass=true
NXMMU: CASE name=pair-load-backing granule=4096 upper=false status=4 provider=5 retired=1 blocks=2 fetch=2 data=1 completed=0 esr=0x0 far=0x0 reply=3 fsc=0 pass=true
NXMMU: CASE name=pair-store-attribute granule=4096 upper=false status=4 provider=1 retired=1 blocks=2 fetch=2 data=1 completed=0 esr=0x0 far=0x0 reply=2 fsc=0 pass=true
NXMMU: CASE name=pair-load-attribute granule=4096 upper=false status=4 provider=1 retired=1 blocks=2 fetch=2 data=1 completed=0 esr=0x0 far=0x0 reply=2 fsc=0 pass=true
NXMMU: CASE name=pair-store-permission granule=4096 upper=false status=17 provider=0 retired=1 blocks=2 fetch=2 data=1 completed=0 esr=0x9600004f far=0x20005000 reply=1 fsc=15 pass=true
NXMMU: CASE name=fetch-translation granule=4096 upper=false status=16 provider=0 retired=0 blocks=0 fetch=1 data=0 completed=0 esr=0x86000007 far=0x20000000 reply=1 fsc=7 pass=true
NXMMU: CASE name=fetch-permission granule=4096 upper=false status=16 provider=0 retired=0 blocks=0 fetch=1 data=0 completed=0 esr=0x8600000f far=0x20000000 reply=1 fsc=15 pass=true
NXMMU: CASE name=strb granule=4096 upper=true status=1 provider=0 retired=3 blocks=3 fetch=3 data=1 completed=1 esr=0x0 far=0x0 reply=0 fsc=0 pass=true
NXMMU: CASE name=ldrb granule=4096 upper=true status=1 provider=0 retired=3 blocks=3 fetch=3 data=1 completed=1 esr=0x0 far=0x0 reply=0 fsc=0 pass=true
NXMMU: CASE name=ldrsb-w granule=4096 upper=true status=1 provider=0 retired=3 blocks=3 fetch=3 data=1 completed=1 esr=0x0 far=0x0 reply=0 fsc=0 pass=true
NXMMU: CASE name=ldrsb-x granule=4096 upper=true status=1 provider=0 retired=3 blocks=3 fetch=3 data=1 completed=1 esr=0x0 far=0x0 reply=0 fsc=0 pass=true
NXMMU: CASE name=strh granule=4096 upper=true status=1 provider=0 retired=3 blocks=3 fetch=3 data=1 completed=1 esr=0x0 far=0x0 reply=0 fsc=0 pass=true
NXMMU: CASE name=ldrh granule=4096 upper=true status=1 provider=0 retired=3 blocks=3 fetch=3 data=1 completed=1 esr=0x0 far=0x0 reply=0 fsc=0 pass=true
NXMMU: CASE name=ldrsh-w granule=4096 upper=true status=1 provider=0 retired=3 blocks=3 fetch=3 data=1 completed=1 esr=0x0 far=0x0 reply=0 fsc=0 pass=true
NXMMU: CASE name=ldrsh-x granule=4096 upper=true status=1 provider=0 retired=3 blocks=3 fetch=3 data=1 completed=1 esr=0x0 far=0x0 reply=0 fsc=0 pass=true
NXMMU: CASE name=str-w granule=4096 upper=true status=1 provider=0 retired=3 blocks=3 fetch=3 data=1 completed=1 esr=0x0 far=0x0 reply=0 fsc=0 pass=true
NXMMU: CASE name=ldr-w granule=4096 upper=true status=1 provider=0 retired=3 blocks=3 fetch=3 data=1 completed=1 esr=0x0 far=0x0 reply=0 fsc=0 pass=true
NXMMU: CASE name=ldrsw granule=4096 upper=true status=1 provider=0 retired=3 blocks=3 fetch=3 data=1 completed=1 esr=0x0 far=0x0 reply=0 fsc=0 pass=true
NXMMU: CASE name=str-x granule=4096 upper=true status=1 provider=0 retired=3 blocks=3 fetch=3 data=1 completed=1 esr=0x0 far=0x0 reply=0 fsc=0 pass=true
NXMMU: CASE name=ldr-x granule=4096 upper=true status=1 provider=0 retired=3 blocks=3 fetch=3 data=1 completed=1 esr=0x0 far=0x0 reply=0 fsc=0 pass=true
NXMMU: CASE name=pair-offset granule=4096 upper=true status=1 provider=0 retired=4 blocks=4 fetch=4 data=2 completed=2 esr=0x0 far=0x0 reply=0 fsc=0 pass=true
NXMMU: CASE name=pair-pre granule=4096 upper=true status=1 provider=0 retired=4 blocks=4 fetch=4 data=2 completed=2 esr=0x0 far=0x0 reply=0 fsc=0 pass=true
NXMMU: CASE name=pair-post granule=4096 upper=true status=1 provider=0 retired=4 blocks=4 fetch=4 data=2 completed=2 esr=0x0 far=0x0 reply=0 fsc=0 pass=true
NXMMU: CASE name=pair-store-translation granule=4096 upper=true status=17 provider=0 retired=1 blocks=2 fetch=2 data=1 completed=0 esr=0x96000047 far=0xffff800020005000 reply=1 fsc=7 pass=true
NXMMU: CASE name=pair-load-translation granule=4096 upper=true status=17 provider=0 retired=1 blocks=2 fetch=2 data=1 completed=0 esr=0x96000007 far=0xffff800020005000 reply=1 fsc=7 pass=true
NXMMU: CASE name=pair-store-af granule=4096 upper=true status=17 provider=0 retired=1 blocks=2 fetch=2 data=1 completed=0 esr=0x9600004b far=0xffff800020005000 reply=1 fsc=11 pass=true
NXMMU: CASE name=pair-load-af granule=4096 upper=true status=17 provider=0 retired=1 blocks=2 fetch=2 data=1 completed=0 esr=0x9600000b far=0xffff800020005000 reply=1 fsc=11 pass=true
NXMMU: CASE name=pair-store-backing granule=4096 upper=true status=4 provider=5 retired=1 blocks=2 fetch=2 data=1 completed=0 esr=0x0 far=0x0 reply=3 fsc=0 pass=true
NXMMU: CASE name=pair-load-backing granule=4096 upper=true status=4 provider=5 retired=1 blocks=2 fetch=2 data=1 completed=0 esr=0x0 far=0x0 reply=3 fsc=0 pass=true
NXMMU: CASE name=pair-store-attribute granule=4096 upper=true status=4 provider=1 retired=1 blocks=2 fetch=2 data=1 completed=0 esr=0x0 far=0x0 reply=2 fsc=0 pass=true
NXMMU: CASE name=pair-load-attribute granule=4096 upper=true status=4 provider=1 retired=1 blocks=2 fetch=2 data=1 completed=0 esr=0x0 far=0x0 reply=2 fsc=0 pass=true
NXMMU: CASE name=pair-store-permission granule=4096 upper=true status=17 provider=0 retired=1 blocks=2 fetch=2 data=1 completed=0 esr=0x9600004f far=0xffff800020005000 reply=1 fsc=15 pass=true
NXMMU: CASE name=fetch-translation granule=4096 upper=true status=16 provider=0 retired=0 blocks=0 fetch=1 data=0 completed=0 esr=0x86000007 far=0xffff800020000000 reply=1 fsc=7 pass=true
NXMMU: CASE name=fetch-permission granule=4096 upper=true status=16 provider=0 retired=0 blocks=0 fetch=1 data=0 completed=0 esr=0x8600000f far=0xffff800020000000 reply=1 fsc=15 pass=true
NXMMU: CASE name=strb granule=16384 upper=false status=1 provider=0 retired=3 blocks=3 fetch=3 data=1 completed=1 esr=0x0 far=0x0 reply=0 fsc=0 pass=true
NXMMU: CASE name=ldrb granule=16384 upper=false status=1 provider=0 retired=3 blocks=3 fetch=3 data=1 completed=1 esr=0x0 far=0x0 reply=0 fsc=0 pass=true
NXMMU: CASE name=ldrsb-w granule=16384 upper=false status=1 provider=0 retired=3 blocks=3 fetch=3 data=1 completed=1 esr=0x0 far=0x0 reply=0 fsc=0 pass=true
NXMMU: CASE name=ldrsb-x granule=16384 upper=false status=1 provider=0 retired=3 blocks=3 fetch=3 data=1 completed=1 esr=0x0 far=0x0 reply=0 fsc=0 pass=true
NXMMU: CASE name=strh granule=16384 upper=false status=1 provider=0 retired=3 blocks=3 fetch=3 data=1 completed=1 esr=0x0 far=0x0 reply=0 fsc=0 pass=true
NXMMU: CASE name=ldrh granule=16384 upper=false status=1 provider=0 retired=3 blocks=3 fetch=3 data=1 completed=1 esr=0x0 far=0x0 reply=0 fsc=0 pass=true
NXMMU: CASE name=ldrsh-w granule=16384 upper=false status=1 provider=0 retired=3 blocks=3 fetch=3 data=1 completed=1 esr=0x0 far=0x0 reply=0 fsc=0 pass=true
NXMMU: CASE name=ldrsh-x granule=16384 upper=false status=1 provider=0 retired=3 blocks=3 fetch=3 data=1 completed=1 esr=0x0 far=0x0 reply=0 fsc=0 pass=true
NXMMU: CASE name=str-w granule=16384 upper=false status=1 provider=0 retired=3 blocks=3 fetch=3 data=1 completed=1 esr=0x0 far=0x0 reply=0 fsc=0 pass=true
NXMMU: CASE name=ldr-w granule=16384 upper=false status=1 provider=0 retired=3 blocks=3 fetch=3 data=1 completed=1 esr=0x0 far=0x0 reply=0 fsc=0 pass=true
NXMMU: CASE name=ldrsw granule=16384 upper=false status=1 provider=0 retired=3 blocks=3 fetch=3 data=1 completed=1 esr=0x0 far=0x0 reply=0 fsc=0 pass=true
NXMMU: CASE name=str-x granule=16384 upper=false status=1 provider=0 retired=3 blocks=3 fetch=3 data=1 completed=1 esr=0x0 far=0x0 reply=0 fsc=0 pass=true
NXMMU: CASE name=ldr-x granule=16384 upper=false status=1 provider=0 retired=3 blocks=3 fetch=3 data=1 completed=1 esr=0x0 far=0x0 reply=0 fsc=0 pass=true
NXMMU: CASE name=pair-offset granule=16384 upper=false status=1 provider=0 retired=4 blocks=4 fetch=4 data=2 completed=2 esr=0x0 far=0x0 reply=0 fsc=0 pass=true
NXMMU: CASE name=pair-pre granule=16384 upper=false status=1 provider=0 retired=4 blocks=4 fetch=4 data=2 completed=2 esr=0x0 far=0x0 reply=0 fsc=0 pass=true
NXMMU: CASE name=pair-post granule=16384 upper=false status=1 provider=0 retired=4 blocks=4 fetch=4 data=2 completed=2 esr=0x0 far=0x0 reply=0 fsc=0 pass=true
NXMMU: CASE name=pair-store-translation granule=16384 upper=false status=17 provider=0 retired=1 blocks=2 fetch=2 data=1 completed=0 esr=0x96000047 far=0x20014000 reply=1 fsc=7 pass=true
NXMMU: CASE name=pair-load-translation granule=16384 upper=false status=17 provider=0 retired=1 blocks=2 fetch=2 data=1 completed=0 esr=0x96000007 far=0x20014000 reply=1 fsc=7 pass=true
NXMMU: CASE name=pair-store-af granule=16384 upper=false status=17 provider=0 retired=1 blocks=2 fetch=2 data=1 completed=0 esr=0x9600004b far=0x20014000 reply=1 fsc=11 pass=true
NXMMU: CASE name=pair-load-af granule=16384 upper=false status=17 provider=0 retired=1 blocks=2 fetch=2 data=1 completed=0 esr=0x9600000b far=0x20014000 reply=1 fsc=11 pass=true
NXMMU: CASE name=pair-store-backing granule=16384 upper=false status=4 provider=5 retired=1 blocks=2 fetch=2 data=1 completed=0 esr=0x0 far=0x0 reply=3 fsc=0 pass=true
NXMMU: CASE name=pair-load-backing granule=16384 upper=false status=4 provider=5 retired=1 blocks=2 fetch=2 data=1 completed=0 esr=0x0 far=0x0 reply=3 fsc=0 pass=true
NXMMU: CASE name=pair-store-attribute granule=16384 upper=false status=4 provider=1 retired=1 blocks=2 fetch=2 data=1 completed=0 esr=0x0 far=0x0 reply=2 fsc=0 pass=true
NXMMU: CASE name=pair-load-attribute granule=16384 upper=false status=4 provider=1 retired=1 blocks=2 fetch=2 data=1 completed=0 esr=0x0 far=0x0 reply=2 fsc=0 pass=true
NXMMU: CASE name=pair-store-permission granule=16384 upper=false status=17 provider=0 retired=1 blocks=2 fetch=2 data=1 completed=0 esr=0x9600004f far=0x20014000 reply=1 fsc=15 pass=true
NXMMU: CASE name=fetch-translation granule=16384 upper=false status=16 provider=0 retired=0 blocks=0 fetch=1 data=0 completed=0 esr=0x86000007 far=0x20000000 reply=1 fsc=7 pass=true
NXMMU: CASE name=fetch-permission granule=16384 upper=false status=16 provider=0 retired=0 blocks=0 fetch=1 data=0 completed=0 esr=0x8600000f far=0x20000000 reply=1 fsc=15 pass=true
NXMMU: CASE name=strb granule=16384 upper=true status=1 provider=0 retired=3 blocks=3 fetch=3 data=1 completed=1 esr=0x0 far=0x0 reply=0 fsc=0 pass=true
NXMMU: CASE name=ldrb granule=16384 upper=true status=1 provider=0 retired=3 blocks=3 fetch=3 data=1 completed=1 esr=0x0 far=0x0 reply=0 fsc=0 pass=true
NXMMU: CASE name=ldrsb-w granule=16384 upper=true status=1 provider=0 retired=3 blocks=3 fetch=3 data=1 completed=1 esr=0x0 far=0x0 reply=0 fsc=0 pass=true
NXMMU: CASE name=ldrsb-x granule=16384 upper=true status=1 provider=0 retired=3 blocks=3 fetch=3 data=1 completed=1 esr=0x0 far=0x0 reply=0 fsc=0 pass=true
NXMMU: CASE name=strh granule=16384 upper=true status=1 provider=0 retired=3 blocks=3 fetch=3 data=1 completed=1 esr=0x0 far=0x0 reply=0 fsc=0 pass=true
NXMMU: CASE name=ldrh granule=16384 upper=true status=1 provider=0 retired=3 blocks=3 fetch=3 data=1 completed=1 esr=0x0 far=0x0 reply=0 fsc=0 pass=true
NXMMU: CASE name=ldrsh-w granule=16384 upper=true status=1 provider=0 retired=3 blocks=3 fetch=3 data=1 completed=1 esr=0x0 far=0x0 reply=0 fsc=0 pass=true
NXMMU: CASE name=ldrsh-x granule=16384 upper=true status=1 provider=0 retired=3 blocks=3 fetch=3 data=1 completed=1 esr=0x0 far=0x0 reply=0 fsc=0 pass=true
NXMMU: CASE name=str-w granule=16384 upper=true status=1 provider=0 retired=3 blocks=3 fetch=3 data=1 completed=1 esr=0x0 far=0x0 reply=0 fsc=0 pass=true
NXMMU: CASE name=ldr-w granule=16384 upper=true status=1 provider=0 retired=3 blocks=3 fetch=3 data=1 completed=1 esr=0x0 far=0x0 reply=0 fsc=0 pass=true
NXMMU: CASE name=ldrsw granule=16384 upper=true status=1 provider=0 retired=3 blocks=3 fetch=3 data=1 completed=1 esr=0x0 far=0x0 reply=0 fsc=0 pass=true
NXMMU: CASE name=str-x granule=16384 upper=true status=1 provider=0 retired=3 blocks=3 fetch=3 data=1 completed=1 esr=0x0 far=0x0 reply=0 fsc=0 pass=true
NXMMU: CASE name=ldr-x granule=16384 upper=true status=1 provider=0 retired=3 blocks=3 fetch=3 data=1 completed=1 esr=0x0 far=0x0 reply=0 fsc=0 pass=true
NXMMU: CASE name=pair-offset granule=16384 upper=true status=1 provider=0 retired=4 blocks=4 fetch=4 data=2 completed=2 esr=0x0 far=0x0 reply=0 fsc=0 pass=true
NXMMU: CASE name=pair-pre granule=16384 upper=true status=1 provider=0 retired=4 blocks=4 fetch=4 data=2 completed=2 esr=0x0 far=0x0 reply=0 fsc=0 pass=true
NXMMU: CASE name=pair-post granule=16384 upper=true status=1 provider=0 retired=4 blocks=4 fetch=4 data=2 completed=2 esr=0x0 far=0x0 reply=0 fsc=0 pass=true
NXMMU: CASE name=pair-store-translation granule=16384 upper=true status=17 provider=0 retired=1 blocks=2 fetch=2 data=1 completed=0 esr=0x96000047 far=0xffff800020014000 reply=1 fsc=7 pass=true
NXMMU: CASE name=pair-load-translation granule=16384 upper=true status=17 provider=0 retired=1 blocks=2 fetch=2 data=1 completed=0 esr=0x96000007 far=0xffff800020014000 reply=1 fsc=7 pass=true
NXMMU: CASE name=pair-store-af granule=16384 upper=true status=17 provider=0 retired=1 blocks=2 fetch=2 data=1 completed=0 esr=0x9600004b far=0xffff800020014000 reply=1 fsc=11 pass=true
NXMMU: CASE name=pair-load-af granule=16384 upper=true status=17 provider=0 retired=1 blocks=2 fetch=2 data=1 completed=0 esr=0x9600000b far=0xffff800020014000 reply=1 fsc=11 pass=true
NXMMU: CASE name=pair-store-backing granule=16384 upper=true status=4 provider=5 retired=1 blocks=2 fetch=2 data=1 completed=0 esr=0x0 far=0x0 reply=3 fsc=0 pass=true
NXMMU: CASE name=pair-load-backing granule=16384 upper=true status=4 provider=5 retired=1 blocks=2 fetch=2 data=1 completed=0 esr=0x0 far=0x0 reply=3 fsc=0 pass=true
NXMMU: CASE name=pair-store-attribute granule=16384 upper=true status=4 provider=1 retired=1 blocks=2 fetch=2 data=1 completed=0 esr=0x0 far=0x0 reply=2 fsc=0 pass=true
NXMMU: CASE name=pair-load-attribute granule=16384 upper=true status=4 provider=1 retired=1 blocks=2 fetch=2 data=1 completed=0 esr=0x0 far=0x0 reply=2 fsc=0 pass=true
NXMMU: CASE name=pair-store-permission granule=16384 upper=true status=17 provider=0 retired=1 blocks=2 fetch=2 data=1 completed=0 esr=0x9600004f far=0xffff800020014000 reply=1 fsc=15 pass=true
NXMMU: CASE name=fetch-translation granule=16384 upper=true status=16 provider=0 retired=0 blocks=0 fetch=1 data=0 completed=0 esr=0x86000007 far=0xffff800020000000 reply=1 fsc=7 pass=true
NXMMU: CASE name=fetch-permission granule=16384 upper=true status=16 provider=0 retired=0 blocks=0 fetch=1 data=0 completed=0 esr=0x8600000f far=0xffff800020000000 reply=1 fsc=15 pass=true
NXMMU: PASS cases=108 macos_boot_verified=false
[2J[01;01H[=3h[2J[01;01H[2J[01;01H[=3h[2J[01;01H[2J[01;01H[=3h[2J[01;01H