   Compiling crypto-common v0.1.7
   Compiling serde_core v1.0.229
   Compiling memchr v2.8.3
   Compiling digest v0.10.7
   Compiling sha2 v0.10.9
   Compiling roxmltree v0.21.1
   Compiling nextcore-core v0.1.0 (/home/sharh/work/integration-validation-bp34-20260909/26x86/nextcore/crates/nextcore-core)
   Compiling serde_json v1.0.151
    Finished `test` profile [unoptimized + debuginfo] target(s) in 7.47s
     Running unittests src/lib.rs (nextcore/target/debug/deps/nextcore_core-abc28ab68335d616)

running 3 tests
test guest_memory::tests::generation_exhaustion_preserves_state_and_does_not_run_closure ... ok
test guest_memory::tests::dt_commit_generation_exhaustion_is_atomic ... ok
test guest_memory::tests::identity_exhaustion_never_reuses_or_wraps ... ok

test result: ok. 3 passed; 0 failed; 0 ignored; 0 measured; 0 filtered out; finished in 0.00s

     Running tests/apfs_boot_config.rs (nextcore/target/debug/deps/apfs_boot_config-fe1b4d42eeeb926e)

running 9 tests
test absence_preserves_own_volume_in_both_parsers ... ok
test selector_does_not_relax_existing_path_validation ... ok
test disabled_labels_do_not_leak_into_a_later_or_earlier_selected_target ... ok
test picker_keeps_per_entry_selectors_and_single_target_ambiguity ... ok
test labels_preserve_case_unicode_and_xml_decoding_exactly ... ok
test wrong_types_and_duplicate_selectors_are_not_ignored ... ok
test utf16_limit_counts_supplementary_characters_as_two_units ... ok
test unicode_edge_whitespace_and_decoded_forbidden_characters_are_rejected ... ok
test invalid_label_is_rejected_even_on_disabled_or_later_entries ... ok

test result: ok. 9 passed; 0 failed; 0 ignored; 0 measured; 0 filtered out; finished in 0.01s

     Running tests/apfs_jumpstart.rs (nextcore/target/debug/deps/apfs_jumpstart-a305132698f3d240)

running 23 tests
test aggregate_extent_capacity_overflow_is_rejected ... ok
test changed_prefix_is_rejected ... ok
test bad_checksums_stop_before_dependent_reads ... ok
test driver_payload_is_opaque_and_not_mistaken_for_checksummed_or_valid_pe ... ok
test excess_allocated_capacity_is_not_read_or_returned ... ok
test caller_limits_are_enforced ... ok
test extra_extents_are_validated_even_when_they_are_not_read ... ok
test absent_negative_and_outside_jumpstart_addresses_do_not_seek ... ok
test insufficient_capacity_does_not_return_partial_bytes ... ok
test jumpstart_reserved_and_optional_feature_bits_are_preserved_as_opaque ... ok
test container_geometry_is_checked_without_wrapping ... ok
test block_size_prefix_is_bounded_before_allocation_or_full_read ... ok
test extent_count_and_complete_table_must_fit_the_checksum_block ... ok
test device_errors_and_short_reads_are_preserved_at_each_boundary ... ok
test partition_bounds_stop_reads_before_callback ... ok
test incompatible_features_fail_closed ... ok
test all_fusion_indicators_fail_before_jumpstart_read ... ok
test physical_jumpstart_must_match_its_address_and_storage_type ... ok
test unsupported_jumpstart_version_and_zero_file_length_are_rejected ... ok
test signed_and_overflowing_extent_ranges_fail_before_data_reads ... ok
test bad_magic_and_object_headers_are_rejected_after_valid_checksum ... ok
test ordered_extents_return_exact_file_size_for_small_and_large_blocks ... ok
test fletcher_matches_independent_c_vectors_and_checksum_field_is_excluded ... ok

test result: ok. 23 passed; 0 failed; 0 ignored; 0 measured; 0 filtered out; finished in 0.01s

     Running tests/arm64_boot_config.rs (nextcore/target/debug/deps/arm64_boot_config-8668a5b9d1b9a14f)

running 3 tests
test arm_config_retains_bounds_and_path_rejection ... ok
test arm_profiles_are_explicit_and_intel_gate_remains_separate ... ok
test original_trace_requires_explicit_bounded_coordinates_and_dt ... ok

test result: ok. 3 passed; 0 failed; 0 ignored; 0 measured; 0 filtered out; finished in 0.00s

     Running tests/arm64_handoff.rs (nextcore/target/debug/deps/arm64_handoff-0496b05148ca4156)

running 3 tests
test invalid_linear_mapping_alignment_and_ram_coverage_are_rejected ... ok
test physical_layout_stage_and_wire_coordinates_agree ... ok
test modified_code_arguments_tree_padding_and_stack_are_detected ... ok

test result: ok. 3 passed; 0 failed; 0 ignored; 0 measured; 0 filtered out; finished in 0.03s

     Running tests/arm64_kernel_collection.rs (nextcore/target/debug/deps/arm64_kernel_collection-713074610e772886)

running 12 tests
test default_intel_inspection_and_staging_still_reject_arm ... ok
test format8_start_requires_full_opaque_word ... ok
test last_complete_instruction_extent_is_accepted ... ok
test explicit_plain_arm64_profiles_are_not_inferred_from_arm64e ... ok
test malformed_outer_and_member_ranges_stay_bounded ... ok
test pc_requires_alignment_and_all_four_file_backed_bytes ... ok
test raw_cpu_and_thread_provenance_survive_inspection ... ok
test thread_flavor_count_and_single_state_subset_are_checked ... ok
test member_shared_views_do_not_require_outer_page_alignment ... ok
test wrong_cpu_and_mixed_member_subtypes_are_rejected ... ok
test staging_rounds_16k_and_preserves_every_source_view ... ok
test staging_detects_corrupt_header_payload_tail_and_hole ... ok

test result: ok. 12 passed; 0 failed; 0 ignored; 0 measured; 0 filtered out; finished in 0.01s

     Running tests/arm64_platform_config.rs (nextcore/target/debug/deps/arm64_platform_config-595453c75d2f34c7)

running 9 tests
test extended_configuration_retains_handoff_memory_and_platform_validation ... ok
test unknown_types_duplicates_and_unrecognized_options_are_not_silently_ignored ... ok
test absent_profile_retains_old_bound_and_does_not_create_a_provider ... ok
test software_profile_has_explicit_defaults_and_its_own_diagnostic_bound ... ok
test vector_table_must_be_aligned_and_fully_inside_guest_ram ... ok
test unsupported_extended_budgets_never_become_arbitrary_long_runs ... ok
test extended_ceiling_does_not_provision_a_profile_or_expand_its_absent_bound ... ok
test only_defined_override_fields_pstate_modes_and_boolean_levels_are_accepted ... ok
test explicit_tiers_require_a_valid_ceiling_and_do_not_change_the_default_entry ... ok

test result: ok. 9 passed; 0 failed; 0 ignored; 0 measured; 0 filtered out; finished in 0.03s

     Running tests/boot_config.rs (nextcore/target/debug/deps/boot_config-cc3e036404782441)

running 12 tests
test disabled_fields_are_still_checked_and_error_tokens_cannot_inject_markers ... ok
test duplicate_keys_and_mixed_text_are_rejected_in_the_entire_document ... ok
test missing_or_disabled_selection_returns_none_and_arguments_default_empty ... ok
test path_rejects_non_ucs2_characters_but_arguments_keep_utf16 ... ok
test external_plist_doctype_works_without_resolving_or_accepting_entities ... ok
test multiple_active_entries_are_ambiguous_and_entry_count_is_bounded ... ok
test selects_one_target_and_decodes_xml_text_without_changing_arguments ... ok
test root_version_structure_and_known_types_are_required ... ok
test path_validation_rejects_escape_aliases_non_efi_and_control_characters ... ok
test binary_non_utf8_and_all_truncated_document_prefixes_are_rejected ... ok
test utf16_limits_count_surrogate_pairs_and_allow_exact_boundary ... ok
test input_depth_and_node_limits_are_enforced_before_unbounded_work ... ok

test result: ok. 12 passed; 0 failed; 0 ignored; 0 measured; 0 filtered out; finished in 0.02s

     Running tests/boot_menu.rs (nextcore/target/debug/deps/boot_menu-0ec7c09e23cd711c)

running 7 tests
test absent_name_has_stable_fallback_and_empty_list_stays_empty ... ok
test invalid_picker_type_and_later_unsafe_path_are_rejected ... ok
test explicit_picker_preserves_order_names_targets_and_single_parser_semantics ... ok
test display_names_are_bounded_and_checked_even_for_disabled_entries ... ok
test no_opt_in_keeps_single_target_and_rejects_ambiguity ... ok
test automatic_boot_ignores_display_names_like_the_original_parser ... ok
test total_entry_cap_applies_before_disabled_filter ... ok

test result: ok. 7 passed; 0 failed; 0 ignored; 0 measured; 0 filtered out; finished in 0.00s

     Running tests/firmware_dt.rs (nextcore/target/debug/deps/firmware_dt-ca9b7bd051fdfc46)

running 7 tests
test names_and_recursion_depth_have_independent_limits ... ok
test opaque_or_malformed_template_bodies_remain_unresolved ... ok
test every_truncation_and_trailing_byte_is_rejected ... ok
test templates_and_literal_values_preserve_the_original_wire_bytes ... ok
test unmodified_runtime_data_must_still_pass_the_existing_strict_validator ... ok
test untrusted_counts_and_flagged_lengths_are_bounded_before_payload_access ... ok
test aggregate_node_and_property_budgets_cover_wide_trees ... ok

test result: ok. 7 passed; 0 failed; 0 ignored; 0 measured; 0 filtered out; finished in 0.03s

     Running tests/flat_dt.rs (nextcore/target/debug/deps/flat_dt-c8bc6bd5384babea)

running 12 tests
test duplicate_properties_and_children_are_rejected_in_models_and_wire ... ok
test error_display_does_not_include_untrusted_names ... ok
test depth_limit_applies_to_both_encoder_and_untrusted_wire ... ok
test longest_names_and_binary_values_remain_supported ... ok
test every_truncated_prefix_and_trailing_bytes_are_rejected ... ok
test malicious_lengths_counts_and_missing_name_do_not_drive_unbounded_work ... ok
test minimal_root_matches_independently_authored_wire_fixture ... ok
test properties_precede_child_subtrees_and_payloads_are_padded_to_four_bytes ... ok
test unterminated_noncanonical_or_invalid_names_and_padding_are_rejected ... ok
test per_node_and_total_limits_precede_serialization ... ok
test aggregate_node_budget_also_applies_to_individually_valid_subtrees ... ok
test aggregate_property_budget_also_applies_to_individually_valid_subtrees ... ok

test result: ok. 12 passed; 0 failed; 0 ignored; 0 measured; 0 filtered out; finished in 0.02s

     Running tests/guest_memory.rs (nextcore/target/debug/deps/guest_memory-b46855e8cb0f0536)

running 10 tests
test dt_commit_uses_observed_snapshot_and_preserves_entire_reserved_tail ... ok
test exact_alignment_adjacency_capacity_and_error_atomicity ... ok
test foreign_released_and_reused_tokens_are_rejected ... ok
test dt_binding_checks_snapshot_target_purpose_capacity_and_alignment ... ok
test malformed_or_missing_provider_data_never_reaches_ledger_commit ... ok
test owned_and_exclusively_borrowed_backing_have_explicit_guest_extent ... ok
test scoped_service_can_read_dt_and_return_owned_state_but_errors_do_not_rollback ... ok
test stale_or_foreign_dt_commit_never_changes_ram ... ok
test fixed_slots_and_first_fit_do_not_lose_reusable_holes ... ok
test deterministic_reservations_match_independent_byte_occupancy_oracle ... ok

test result: ok. 10 passed; 0 failed; 0 ignored; 0 measured; 0 filtered out; finished in 0.09s

     Running tests/kc_classic_rebase.rs (nextcore/target/debug/deps/kc_classic_rebase-e1f86c94e97f6b86)

running 18 tests
test classic_chain_overlap_rejected_before_profile_application ... ok
test duplicate_classic_write_rejected ... ok
test empty_classic_table_is_not_success ... ok
test external_dynamic_table_is_rejected_even_with_local_flags ... ok
test no_executable_is_rejected ... ok
test header_and_load_commands_are_preserved_by_rejection ... ok
test applies_both_widths_and_preserves_every_other_byte ... ok
test non_outer_classic_table_is_rejected ... ok
test symbol_nonzero_is_outside_profile ... ok
test target_in_kext_is_not_kernel_proper ... ok
test two_executables_are_rejected ... ok
test readback_detects_target_chain_header_hole_and_tail_damage ... ok
test width4_overflow_rejected_without_wrapping ... ok
test width8_overflow_rejected_without_wrapping ... ok
test unsupported_type_pc_external_width_are_rejected ... ok
test word_crossing_kernel_file_end_is_rejected ... ok
test width4_exact_max_is_supported ... ok
test zero_slide_preserves_image_and_still_reads_back ... ok

test result: ok. 18 passed; 0 failed; 0 ignored; 0 measured; 0 filtered out; finished in 0.01s

     Running tests/kc_fixup_audit.rs (nextcore/target/debug/deps/kc_fixup_audit-c7fdabb38cdd420e)

running 21 tests
test absent_primary_base_and_unsupported_format_are_explicit ... ok
test bad_next_stops_at_page_boundary ... ok
test duplicate_multistart_visits_and_consumer_limit_are_reported ... ok
test first_and_only_chain_word_can_straddle_its_page ... ok
test later_word_cannot_enter_segment_zero_fill ... ok
test classic_write_must_fit_its_entire_file_backed_word ... ok
test classic_chain_and_classic_classic_overlaps_have_distinct_witnesses ... ok
test page_start_budget_is_independent_from_record_budget ... ok
test next_start_cannot_leave_the_page_even_in_a_larger_segment ... ok
test missing_classic_base_does_not_guess_header_address ... ok
test page_straddle_does_not_permit_crossing_a_segment_file_end ... ok
test pointer_into_hole_or_outside_collection_is_not_covered ... ok
test resource_limits_reject_partial_audits ... ok
test signed_classic_and_unaligned_byte_stride_are_audited_without_writes ... ok
test terminal_word_may_straddle_its_page_inside_one_file_backed_segment ... ok
test section_relative_record_cannot_write_outside_its_section ... ok
test truncated_or_forged_metadata_never_returns_an_audit ... ok
test unknown_cache_and_authentication_remain_issues ... ok
test unsupported_external_table_is_reported_even_if_record_flag_is_clear ... ok
test zero_size_segment_affects_declared_primary_base_without_fake_adjustment ... ok
test unsigned_classic_flags_and_widths_are_not_silently_supported ... ok

test result: ok. 21 passed; 0 failed; 0 ignored; 0 measured; 0 filtered out; finished in 0.01s

     Running tests/kc_staging.rs (nextcore/target/debug/deps/kc_staging-c12705b3b6683b9e)

running 12 tests
test exact_span_cap_is_accepted_without_allocating_arena_and_next_byte_rejected ... ok
test page_rounding_overflow_is_rejected_before_arena_allocation ... ok
test actual_copy_zero_holes_and_shared_views_match_independent_layout ... ok
test header_minimum_entry_and_original_segment_indices_stay_distinct ... ok
test sparse_virtual_span_is_bounded_independently_of_file_size ... ok
test supplied_buffer_size_rejection_leaves_every_byte_unchanged ... ok
test overlapping_outer_memory_and_file_ranges_remain_metadata_errors ... ok
test verified_immutable_staging_copies_into_an_owned_guest_reservation ... ok
test wrong_member_mapping_and_truncated_source_cannot_be_staged ... ok
test zero_sized_extreme_segment_does_not_expand_the_arena ... ok
test zero_file_backed_outer_segment_is_initialized_without_copying_source ... ok
test readback_detects_payload_zero_tail_hole_page_tail_and_member_corruption ... ok

test result: ok. 12 passed; 0 failed; 0 ignored; 0 measured; 0 filtered out; finished in 0.00s

     Running tests/kernel_collection.rs (nextcore/target/debug/deps/kernel_collection-847c784953a68bff)

running 17 tests
test collection_and_member_entries_remain_distinct_and_never_ready ... ok
test collection_entry_requires_file_backed_execute_mapping ... ok
test fixup_starts_cannot_reference_unbacked_bytes_or_other_tables ... ok
test imports_and_compressed_symbols_remain_explicit_requirements ... ok
test fixup_headers_segments_and_pages_are_strictly_bounded ... ok
test main_entry_is_member_provenance_and_not_a_collection_entry ... ok
test member_identifiers_and_references_are_checked ... ok
test multiple_page_starts_need_a_bounded_terminator ... ok
test relocation_and_linkedit_ranges_are_bounded ... ok
test page_starts_allow_a_file_backed_straddling_word_but_not_a_start_on_next_page ... ok
test segment_before_header_uses_only_metadata_modulo_displacement ... ok
test segment_overflow_overlap_protection_and_member_tail_fail ... ok
test truncation_and_command_size_mutations_fail ... ok
test section_layout_relocations_and_aggregate_budget_are_checked ... ok
test unknown_pointer_format_is_a_preparation_blocker ... ok
test unsupported_headers_and_recursive_filesets_fail ... ok
test zero_segments_and_member_shared_linkedit_are_valid_views ... ok

test result: ok. 17 passed; 0 failed; 0 ignored; 0 measured; 0 filtered out; finished in 0.00s

     Running tests/kernel_target.rs (nextcore/target/debug/deps/kernel_target-d4c33a77016eabf5)

running 2 tests
test explicit_profile_and_independent_kernel_path_are_required ... ok
test kernel_c_string_and_whole_document_validation_precede_loading ... ok

test result: ok. 2 passed; 0 failed; 0 ignored; 0 measured; 0 filtered out; finished in 0.01s

     Running tests/macho_image.rs (nextcore/target/debug/deps/macho_image-2075ac45dc8dda0d)

running 10 tests
test command_segment_section_and_image_span_limits_are_enforced ... ok
test duplicate_missing_and_outside_executable_entries_are_rejected ... ok
test metadata_ranges_and_header_mapping_are_bounded ... ok
test main_file_offset_is_mapped_through_its_executable_segment_and_zero_fill_is_exact ... ok
test pagezero_is_an_unmapped_guard_and_non_page_aligned_segments_have_page_rounded_span ... ok
test sections_follow_segment_copy_mapping_and_zero_fill_tail ... ok
test segment_virtual_and_file_overlap_overflow_and_invalid_ranges_are_rejected ... ok
test unixthread_rip_is_absolute_and_not_a_file_offset ... ok
test unsupported_format_cpu_filetypes_and_execution_mechanisms_are_explicit ... ok
test file_command_and_thread_truncations_fail_without_panics ... ok

test result: ok. 10 passed; 0 failed; 0 ignored; 0 measured; 0 filtered out; finished in 0.03s

     Running tests/picker_view.rs (nextcore/target/debug/deps/picker_view-99a9f2d629083b70)

running 4 tests
test navigation_wraps_and_boots_only_current_selection ... ok
test allocation_limits_invalid_selection_and_starting_state_are_explicit ... ok
test unsupported_glyphs_and_long_text_stay_inside_canvas ... ok
test renders_resolutions_and_scrolls_all_entries_without_changing_identity ... ok

test result: ok. 4 passed; 0 failed; 0 ignored; 0 measured; 0 filtered out; finished in 0.10s

     Running tests/runtime_dt.rs (nextcore/target/debug/deps/runtime_dt-74c5049887178891)

running 9 tests
test all_missing_providers_are_returned_without_writes ... ok
test arithmetic_output_limit_and_reservation_failures_are_atomic ... ok
test literal_tree_is_unchanged_and_zero_length_is_only_an_explicit_value ... ok
test noncanonical_names_and_duplicate_children_are_rejected_before_commit ... ok
test nested_explicit_values_preserve_literals_and_ignore_expression_bodies ... ok
test source_identity_unknown_targets_duplicate_and_missing_labels_fail_atomically ... ok
test source_truncation_counts_structural_templates_and_bad_padding_never_commit ... ok
test successful_commit_changes_only_output_span_and_reads_declared_ram_values ... ok
test current_runtime_property_ceiling_is_preserved_explicitly ... ok

test result: ok. 9 passed; 0 failed; 0 ignored; 0 measured; 0 filtered out; finished in 0.07s

     Running tests/xnu_arm64_boot_args.rs (nextcore/target/debug/deps/xnu_arm64_boot_args-7a4e887522d7e76a)

running 15 tests
test actual_dt_bytes_are_validated_not_just_their_length ... ok
test all_handoff_pairs_must_be_disjoint ... ok
test argument_alignment_overflow_and_extent_are_checked ... ok
test command_line_limit_preserves_nul_and_rejects_lossy_inputs ... ok
test disjoint_handoff_before_kernel_is_still_rejected ... ok
test dram_properties_must_exist_at_the_public_chosen_path ... ok
test dram_values_must_match_contain_and_not_wrap ... ok
test kernel_range_is_checked_before_handoff_layout ... ok
test flags_outside_public_subset_are_rejected ... ok
test managed_ram_overflow_zero_and_alignment_are_rejected ... ok
test managed_window_may_be_a_subset_of_actual_dram ... ok
test occupied_top_must_be_inside_managed_ram_and_page_aligned ... ok
test public_layout_and_pa_kva_roles_are_distinct ... ok
test touching_ranges_and_exact_occupied_end_are_valid ... ok
test virtual_window_overflow_and_alignment_are_rejected ... ok

test result: ok. 15 passed; 0 failed; 0 ignored; 0 measured; 0 filtered out; finished in 0.00s

     Running tests/xnu_boot_args.rs (nextcore/target/debug/deps/xnu_boot_args-6c561e17048e78b8)

running 14 tests
test efi_pointer_is_not_forced_into_kernel_arena_but_must_fit_its_wire_field ... ok
test errors_are_fixed_log_tokens ... ok
test fileset_checks_full_header_extent_against_map_and_tree ... ok
test fileset_extension_matches_independently_compiled_public_c_layout ... ok
test fileset_keeps_common_validation_and_never_truncates_slide ... ok
test fileset_rejects_virtual_null_unaligned_overflow_and_unowned_header_ranges ... ok
test kernel_cursor_must_not_overflow_when_rounded_to_page ... ok
test maximum_command_leaves_one_nul_before_memory_map ... ok
test physical_ram_can_exceed_four_gib_but_cannot_overflow_early_physmap_addition ... ok
test pinned_public_offsets_are_little_endian_and_reserved_bytes_stay_zero ... ok
test prevents_early_allocator_reusing_map_or_tree_and_rejects_overlap ... ok
test refuses_null_unaligned_high_and_wrapping_references ... ok
test rejects_command_truncation_nul_and_non_ascii ... ok
test requires_actual_efi_descriptor_shape_without_silently_repacking ... ok

test result: ok. 14 passed; 0 failed; 0 ignored; 0 measured; 0 filtered out; finished in 0.00s

   Doc-tests nextcore_core

running 3 tests
test crates/nextcore-core/src/guest_memory.rs - guest_memory::GuestMemory<'a>::from_borrowed (line 215) - compile fail ... ok
test crates/nextcore-core/src/guest_memory.rs - guest_memory::GuestMemory<'a>::with_guest_memory (line 475) - compile fail ... ok
test crates/nextcore-core/src/guest_memory.rs - guest_memory::GuestMemory<'a>::with_guest_memory (line 482) - compile fail ... ok

test result: ok. 3 passed; 0 failed; 0 ignored; 0 measured; 0 filtered out; finished in 0.06s

