   Compiling nextcore-memory-service v0.1.0 (/home/sharh/work/integration-validation-bp34-20260909/26x86/nextcore/crates/nextcore-ise/runtime/memory-service)
    Finished `test` profile [unoptimized + debuginfo] target(s) in 2.10s
     Running unittests src/lib.rs (nextcore/crates/nextcore-ise/runtime/memory-service/target/debug/deps/nextcore_memory_service-960e97a302a5bbff)

running 44 tests
test abi_v2::tests::v2_layout_is_fixed_and_separate_from_v1 ... ok
test dynamic_abi::tests::dynamic_record_layouts_are_separate ... ok
test mmu::tests::detailed_access_flags_and_reserved_blocks_keep_their_level ... ok
test mmu::tests::detailed_epd_and_root_address_errors_use_aarch64_level_zero ... ok
test mmu::tests::detailed_input_errors_never_invent_a_leaf_or_table_read ... ok
test mmu::tests::detailed_invalid_descriptors_preserve_level_and_read_address ... ok
test mmu::tests::detailed_leaf_and_cached_permission_failures_agree ... ok
test mmu::tests::detailed_output_address_errors_keep_descriptor_level ... ok
test mmu::tests::detailed_table_failures_are_not_invalid_descriptors ... ok
test mmu::tests::disabled_is_identity_and_instruction_alignment_is_four_bytes ... ok
test mmu::tests::disabled_translation_accepts_full_guest_address_width ... ok
test mmu::tests::disabled_walk_is_translation_fault_without_reading_descriptors ... ok
test mmu::tests::dynamic_start_level_supports_t0sz_25_four_kib_blocks ... ok
test mmu::tests::el0_execute_only_tlb_fill_preserves_later_el1_write_permission ... ok
test mmu::tests::page_walk_and_asid_tlb_hit ... ok
test mmu::tests::execution_permission_matrix_matches_arm_table_in_cold_and_cached_walks ... ok
test mmu::tests::partial_initial_tables_exclude_upper_canonical_bits ... ok
test mmu::tests::permission_and_access_flag_faults_are_distinct ... ok
test mmu::tests::physical_output_width_bounds_roots_tables_and_leaf_pages ... ok
test mmu::tests::rejected_tcr_preserves_previous_configuration_and_cached_mapping ... ok
test mmu::tests::sixteen_kib_l1_blocks_require_unsupported_lpa2 ... ok
test mmu::tests::sixteen_kib_tcr_selects_l2_block_and_preserves_fault_class ... ok
test mmu::tests::sixteen_kib_upper_page_uses_distinct_tg1_encoding ... ok
test mmu::tests::strict_profile_rejects_unmodeled_attributes_and_preserves_legacy_mode ... ok
test mmu::tests::strict_profile_validates_table_hierarchy_and_block_output_bits ... ok
test mmu::tests::tlb_does_not_bypass_el0_access_permission ... ok
test mmu::tests::tlb_keeps_el0_uxn_and_privileged_pxn_permissions_distinct ... ok
test mmu::tests::unsupported_physical_regime_preserves_cached_configuration ... ok
test mmu::tests::upper_canonical_addresses_use_ttbr1_and_asid_tlb ... ok
test mmu::tests::virtual_range_gaps_are_translation_faults_without_reading_tables ... ok
test stage1::dynamic::tests::cancel_replay_stale_and_foreign_tokens_cannot_commit ... ok
test stage1::dynamic::tests::enable_splits_architectural_effective_state_then_reuses_real_tlb ... ok
test stage1::dynamic::tests::m0_device_alignment_and_effective_snapshot_are_preserved ... ok
test stage1::tests::controls_requests_and_missing_tables_have_fresh_diagnostics ... ok
test stage1::tests::constructor_rejects_invalid_physical_ranges_without_effects ... ok
test stage1::tests::fetch_uses_execute_permissions_and_upper_va_root ... ok
test stage1::dynamic::tests::guarded_enable_failures_leave_all_state_and_ram_unchanged ... ok
test stage1::tests::nonidentity_scalar_and_discontiguous_pair_transfers_both_granules ... ok
test tests::device_alignment_and_pc_alignment_have_exact_syndromes ... ok
test tests::all_widths_and_counts_preflight_and_transfer_raw_elements ... ok
test tests::malformed_requests_are_rejected_without_effects ... ok
test tests::rejected_pair_never_partially_writes_the_first_element ... ok
test tests::unsupported_modes_and_backing_do_not_invent_guest_faults ... ok
test stage1::tests::pair_second_page_failure_never_commits_a_first_transfer ... ok

test result: ok. 44 passed; 0 failed; 0 ignored; 0 measured; 0 filtered out; finished in 0.01s

   Doc-tests nextcore_memory_service

running 0 tests

test result: ok. 0 passed; 0 failed; 0 ignored; 0 measured; 0 filtered out; finished in 0.00s

