Cloning into '/home/sharh/work/integration-validation-bp34-20260909/26x86'...
Updating files:  92% (4870/5260)Updating files:  93% (4892/5260)Updating files:  94% (4945/5260)Updating files:  95% (4997/5260)Updating files:  96% (5050/5260)Updating files:  97% (5103/5260)Updating files:  98% (5155/5260)Updating files:  99% (5208/5260)Updating files: 100% (5260/5260)Updating files: 100% (5260/5260), done.
Submodule 'nextcore-apls' (https://github.com/26x86/Nextcore-APLS.git) registered for path 'nextcore/crates/nextcore-apls'
Submodule 'nextcore-core' (https://github.com/26x86/Nextcore-Core.git) registered for path 'nextcore/crates/nextcore-core'
Submodule 'nextcore-efi' (https://github.com/26x86/Nextcore-EFI.git) registered for path 'nextcore/crates/nextcore-efi'
Submodule 'nextcore-gpu' (https://github.com/26x86/Nextcore-GPU.git) registered for path 'nextcore/crates/nextcore-gpu'
Submodule 'nextcore-hal' (https://github.com/26x86/Nextcore-HAL.git) registered for path 'nextcore/crates/nextcore-hal'
Submodule 'nextcore-ise' (https://github.com/26x86/Nextcore-ISE.git) registered for path 'nextcore/crates/nextcore-ise'
Submodule 'nextcore-tool' (https://github.com/26x86/Nextcore-Tool.git) registered for path 'nextcore/crates/nextcore-tool'
Cloning into '/home/sharh/work/integration-validation-bp34-20260909/26x86/nextcore/crates/nextcore-apls'...
Cloning into '/home/sharh/work/integration-validation-bp34-20260909/26x86/nextcore/crates/nextcore-core'...
Cloning into '/home/sharh/work/integration-validation-bp34-20260909/26x86/nextcore/crates/nextcore-efi'...
Cloning into '/home/sharh/work/integration-validation-bp34-20260909/26x86/nextcore/crates/nextcore-gpu'...
Cloning into '/home/sharh/work/integration-validation-bp34-20260909/26x86/nextcore/crates/nextcore-hal'...
Cloning into '/home/sharh/work/integration-validation-bp34-20260909/26x86/nextcore/crates/nextcore-ise'...
Cloning into '/home/sharh/work/integration-validation-bp34-20260909/26x86/nextcore/crates/nextcore-tool'...
Submodule path 'nextcore/crates/nextcore-apls': checked out '9b6ccaa421f668fdb212ccd14969002f6196a18f'
Submodule path 'nextcore/crates/nextcore-core': checked out '147f4c4e4969074c9dd12c63bf17c6e8c674dabb'
Submodule path 'nextcore/crates/nextcore-efi': checked out 'ed9ba25598a52fdf1ba55badfee0d953afdbc20e'
Submodule path 'nextcore/crates/nextcore-gpu': checked out 'eaab9fcfded3a8ee298453397790f13edace5694'
Submodule path 'nextcore/crates/nextcore-hal': checked out '9c1cd8dfff33478e32668c5cd181dd094ec2881b'
Submodule path 'nextcore/crates/nextcore-ise': checked out '0d722886753268ec366f068823c37ea10132fb43'
Submodule path 'nextcore/crates/nextcore-tool': checked out '4bb09da1243eba98ee8fb0ed01b58b3f36484209'
