{
  "schema": "nextcore-submodules/2",
  "modules": [
    {
      "crate": "nextcore-core",
      "path": "nextcore/crates/nextcore-core",
      "url": "https://github.com/26x86/Nextcore-Core.git",
      "commit": "147f4c4e4969074c9dd12c63bf17c6e8c674dabb",
      "packages": [
        "nextcore-core"
      ]
    },
    {
      "crate": "nextcore-efi",
      "path": "nextcore/crates/nextcore-efi",
      "url": "https://github.com/26x86/Nextcore-EFI.git",
      "commit": "ed9ba25598a52fdf1ba55badfee0d953afdbc20e",
      "packages": [
        "nextcore-efi"
      ]
    },
    {
      "crate": "nextcore-tool",
      "path": "nextcore/crates/nextcore-tool",
      "url": "https://github.com/26x86/Nextcore-Tool.git",
      "commit": "4bb09da1243eba98ee8fb0ed01b58b3f36484209",
      "packages": [
        "nextcore-tool"
      ]
    },
    {
      "crate": "nextcore-ise",
      "path": "nextcore/crates/nextcore-ise",
      "url": "https://github.com/26x86/Nextcore-ISE.git",
      "commit": "0d722886753268ec366f068823c37ea10132fb43",
      "packages": [
        "nextcore-ise",
        "nextcore-memory-service"
      ]
    },
    {
      "crate": "nextcore-gpu",
      "path": "nextcore/crates/nextcore-gpu",
      "url": "https://github.com/26x86/Nextcore-GPU.git",
      "commit": "eaab9fcfded3a8ee298453397790f13edace5694",
      "packages": [
        "nextcore-gpu"
      ]
    },
    {
      "crate": "nextcore-hal",
      "path": "nextcore/crates/nextcore-hal",
      "url": "https://github.com/26x86/Nextcore-HAL.git",
      "commit": "9c1cd8dfff33478e32668c5cd181dd094ec2881b",
      "packages": [
        "nextcore-hal"
      ]
    },
    {
      "crate": "nextcore-apls",
      "path": "nextcore/crates/nextcore-apls",
      "url": "https://github.com/26x86/Nextcore-APLS.git",
      "commit": "9b6ccaa421f668fdb212ccd14969002f6196a18f",
      "packages": [
        "nextcore-apls"
      ]
    }
  ],
  "auxiliary_packages": [
    "nextcore-memory-service"
  ],
  "cargo_local_resolution_checked": true,
  "cargo_resolutions": [
    {
      "platform": "x86_64-unknown-linux-gnu",
      "workspace_members": 7,
      "owned_packages": 8,
      "memory_service_local_and_selected": true
    },
    {
      "platform": "x86_64-unknown-uefi",
      "workspace_members": 7,
      "owned_packages": 8,
      "memory_service_local_and_selected": true
    }
  ],
  "clean_required": true
}
