
running 0 tests

test result: ok. 0 passed; 0 failed; 0 ignored; 0 measured; 0 filtered out; finished in 0.00s


running 11 tests
test storage_range_arithmetic_cannot_overflow ... ok
test test_dispatch_invalid_dims ... ok
test test_create_pipeline ... ok
test test_delete_pipeline ... ok
test test_default_dispatch_does_not_fake_execution_or_fence ... ok
test test_dispatch_missing_pipeline ... ok
test test_dispatch_missing_buffer ... ok
test invalid_dispatch_never_signals_fence ... ok
test test_storage_buffer_oob_read ... ok
test test_storage_buffer_oob_write ... ok
test test_storage_buffer_ops ... ok

test result: ok. 11 passed; 0 failed; 0 ignored; 0 measured; 0 filtered out; finished in 0.00s


running 11 tests
test test_create_uniform_buffer ... ok
test test_draw_instanced ... ok
test test_begin_end_render_pass_clears ... ok
test test_create_vertex_buffer ... ok
test test_draw_commands_record_execution ... ok
test test_binding_commands ... ok
test test_write_vertex_buffer ... ok
test test_copy_texture_commands ... ok
test test_reset_stats ... ok
test test_write_uniform_limited_to_buffer_size ... ok
test test_create_index_buffer ... ok

test result: ok. 11 passed; 0 failed; 0 ignored; 0 measured; 0 filtered out; finished in 0.00s


running 11 tests
test test_dirty_tracking ... ok
test test_double_buffer_swap ... ok
test test_framebuffer_blit ... ok
test test_framebuffer_blit_out_of_bounds ... ok
test test_framebuffer_clear_bgra ... ok
test test_framebuffer_clear_rgba ... ok
test test_framebuffer_fill_rect ... ok
test test_framebuffer_new_dimensions ... ok
test test_framebuffer_out_of_bounds ... ok
test test_framebuffer_set_get_pixel_roundtrip ... ok
test test_from_raw_framebuffer ... ok

test result: ok. 11 passed; 0 failed; 0 ignored; 0 measured; 0 filtered out; finished in 0.00s


running 10 tests
test test_attribute_offsets ... ok
test test_pipeline_construction ... ok
test test_blend_factors_variants ... ok
test test_default_depth_state ... ok
test test_default_stencil_state ... ok
test test_default_rasterizer_state ... ok
test test_default_blend_state ... ok
test test_input_rate_equality ... ok
test test_shader_module_stages ... ok
test test_vertex_format_sizes ... ok

test result: ok. 10 passed; 0 failed; 0 ignored; 0 measured; 0 filtered out; finished in 0.00s


running 12 tests
test test_alpha_blend ... ok
test test_blend_functions ... ok
test test_color_clamp ... ok
test test_rasterize_line ... ok
test test_perspective_divide ... ok
test test_rasterize_fullscreen_triangle ... ok
test test_rasterize_triangle_list ... ok
test test_rasterize_triangle_list_bad_length ... ok
test test_color_lerp ... ok
test test_vec_operations ... ok
test test_vertex_with_attributes ... ok
test test_color_conversions ... ok

test result: ok. 12 passed; 0 failed; 0 ignored; 0 measured; 0 filtered out; finished in 0.00s


running 6 tests
test render_without_rasterizer_only_clears ... ok
test render_path_clears_and_rasterizes_triangle ... ok
test software_vertex_roundtrip_via_decode ... ok
test render_path_double_buffer_presents ... ok
test render_path_records_draw_call_count ... ok
test render_indexed_draw_rasterizes_triangle ... ok

test result: ok. 6 passed; 0 failed; 0 ignored; 0 measured; 0 filtered out; finished in 0.00s


running 11 tests
test test_fence_create_and_signal ... ok
test test_reset_all_resets_all_types ... ok
test test_event_fire_wait ... ok
test test_fence_wait ... ok
test test_counts ... ok
test test_event_reset ... ok
test test_semaphore_signal_wait ... ok
test test_semaphore_id_derives ... ok
test test_semaphore_is_cloneable_state ... ok
test test_fence_timeout ... ok
test test_semaphore_timeout ... ok

test result: ok. 11 passed; 0 failed; 0 ignored; 0 measured; 0 filtered out; finished in 0.05s


running 11 tests
test test_compare_func_variants ... ok
test test_texture_format_size ... ok
test test_sampler_create_get_delete ... ok
test test_sample_clamp_to_border ... ok
test test_sample_2d_nearest ... ok
test test_texture_not_found ... ok
test test_texture_upload_size_mismatch ... ok
test test_usage_bit_dedup ... ok
test test_texture_create_and_destroy ... ok
test test_texture_invalid_dimensions ... ok
test test_texture_upload_download ... ok

test result: ok. 11 passed; 0 failed; 0 ignored; 0 measured; 0 filtered out; finished in 0.00s


running 11 tests
test test_rx580_canonical ... ok
test buffer_range_overflow_is_rejected_without_mutation ... ok
test test_command_copy ... ok
test test_device_family ... ok
test test_gtx680_canonical ... ok
test test_hd4000_canonical ... ok
test test_allocate_buffer ... ok
test test_rx580_vram ... ok
test test_unknown_fallback ... ok
test test_vega64_canonical ... ok
test test_spec_json_roundtrip ... ok

test result: ok. 11 passed; 0 failed; 0 ignored; 0 measured; 0 filtered out; finished in 0.00s

