[2J[01;01H[=3h[2J[01;01H[2J[01;01H[=3h[2J[01;01H[2J[01;01H[=3h[2J[01;01HBdsDxe: loading Boot0001 "UEFI QEMU HARDDISK QM00001 " from PciRoot(0x0)/Pci(0x1F,0x2)/Sata(0x0,0xFFFF,0x0)
BdsDxe: starting Boot0001 "UEFI QEMU HARDDISK QM00001 " from PciRoot(0x0)/Pci(0x1F,0x2)/Sata(0x0,0xFFFF,0x0)
NXARMJIT: WATCHDOG_DISABLED
NXARMJIT: WATCHDOG_DISABLED
NXARMJIT: EFI_ENTRY host=x86_64 guest=arm64
NXARMJIT: CONFIG_PARSED
NXARMJIT: KC_VALIDATED subtype=0x0 arena=49152
NXARMJIT: TRACE_TIERED_DIAGNOSTIC maximum=4096
NXARMJIT: TRACE_DEEP_DIAGNOSTIC_BUILD maximum=16384
NXARMJIT: TRACE_LONG_DIAGNOSTIC_BUILD maximum=65536
NXARMJIT: TRACE_INITIALIZATION_DIAGNOSTIC_BUILD maximum=67108864
NXARMJIT: TRACE_MAPPED_DIAGNOSTIC_BUILD profile=mapped-normal-nc-v1
NXARMJIT: TRACE_LONG_DIAGNOSTIC_SELECTED tier=65536
NXARMJIT: TRACE_DT_CHECKED templates=0 platform_complete=false
NXARMJIT: TRACE_STAGING_VERIFIED source_unchanged=true
NXARMJIT: TRACE_HANDOFF_UNPROVISIONED abi=unprovisioned-sptm-prefix sptm_args=false sptm_services=false platform_device_tree=false
NXARMJIT: TRACE_PLATFORM_PROFILE name=nextcore-irq-compat-v1 reset_origin=software_defined initial_override=0x0 initial_pstate=0x3c5 irq=0 fiq=0
NXARMJIT: TRACE_ENTER entry=0x42004400 x0=0 x1=0x4200c000 x2=0 x3=0 budget=65536
NXARMJIT: TRACE_MEMORY_PROVIDER abi=1 mode=m0-only
NXARMJIT: TRACE_MEMORY_OBSERVATION total=65576 retained=64
NXARMJIT: TRACE_MEMORY_REQUEST sequence=65513 operation=1 pc=0x420046c4 address=0x420046c4 width=4 count=1 result=0
NXARMJIT: TRACE_MEMORY_REQUEST sequence=65514 operation=1 pc=0x420046c4 address=0x420046c4 width=4 count=1 result=0
NXARMJIT: TRACE_MEMORY_REQUEST sequence=65515 operation=1 pc=0x420046c4 address=0x420046c4 width=4 count=1 result=0
NXARMJIT: TRACE_MEMORY_REQUEST sequence=65516 operation=1 pc=0x420046c4 address=0x420046c4 width=4 count=1 result=0
NXARMJIT: TRACE_MEMORY_REQUEST sequence=65517 operation=1 pc=0x420046c4 address=0x420046c4 width=4 count=1 result=0
NXARMJIT: TRACE_MEMORY_REQUEST sequence=65518 operation=1 pc=0x420046c4 address=0x420046c4 width=4 count=1 result=0
NXARMJIT: TRACE_MEMORY_REQUEST sequence=65519 operation=1 pc=0x420046c4 address=0x420046c4 width=4 count=1 result=0
NXARMJIT: TRACE_MEMORY_REQUEST sequence=65520 operation=1 pc=0x420046c4 address=0x420046c4 width=4 count=1 result=0
NXARMJIT: TRACE_MEMORY_REQUEST sequence=65521 operation=1 pc=0x420046c4 address=0x420046c4 width=4 count=1 result=0
NXARMJIT: TRACE_MEMORY_REQUEST sequence=65522 operation=1 pc=0x420046c4 address=0x420046c4 width=4 count=1 result=0
NXARMJIT: TRACE_MEMORY_REQUEST sequence=65523 operation=1 pc=0x420046c4 address=0x420046c4 width=4 count=1 result=0
NXARMJIT: TRACE_MEMORY_REQUEST sequence=65524 operation=1 pc=0x420046c4 address=0x420046c4 width=4 count=1 result=0
NXARMJIT: TRACE_MEMORY_REQUEST sequence=65525 operation=1 pc=0x420046c4 address=0x420046c4 width=4 count=1 result=0
NXARMJIT: TRACE_MEMORY_REQUEST sequence=65526 operation=1 pc=0x420046c4 address=0x420046c4 width=4 count=1 result=0
NXARMJIT: TRACE_MEMORY_REQUEST sequence=65527 operation=1 pc=0x420046c4 address=0x420046c4 width=4 count=1 result=0
NXARMJIT: TRACE_MEMORY_REQUEST sequence=65528 operation=1 pc=0x420046c4 address=0x420046c4 width=4 count=1 result=0
NXARMJIT: TRACE_MEMORY_REQUEST sequence=65529 operation=1 pc=0x420046c4 address=0x420046c4 width=4 count=1 result=0
NXARMJIT: TRACE_MEMORY_REQUEST sequence=65530 operation=1 pc=0x420046c4 address=0x420046c4 width=4 count=1 result=0
NXARMJIT: TRACE_MEMORY_REQUEST sequence=65531 operation=1 pc=0x420046c4 address=0x420046c4 width=4 count=1 result=0
NXARMJIT: TRACE_MEMORY_REQUEST sequence=65532 operation=1 pc=0x420046c4 address=0x420046c4 width=4 count=1 result=0
NXARMJIT: TRACE_MEMORY_REQUEST sequence=65533 operation=1 pc=0x420046c4 address=0x420046c4 width=4 count=1 result=0
NXARMJIT: TRACE_MEMORY_REQUEST sequence=65534 operation=1 pc=0x420046c4 address=0x420046c4 width=4 count=1 result=0
NXARMJIT: TRACE_MEMORY_REQUEST sequence=65535 operation=1 pc=0x420046c4 address=0x420046c4 width=4 count=1 result=0
NXARMJIT: TRACE_MEMORY_REQUEST sequence=65536 operation=1 pc=0x420046c4 address=0x420046c4 width=4 count=1 result=0
NXARMJIT: TRACE_MEMORY_REQUEST sequence=65537 operation=1 pc=0x420046c4 address=0x420046c4 width=4 count=1 result=0
NXARMJIT: TRACE_MEMORY_REQUEST sequence=65538 operation=1 pc=0x420046c4 address=0x420046c4 width=4 count=1 result=0
NXARMJIT: TRACE_MEMORY_REQUEST sequence=65539 operation=1 pc=0x420046c4 address=0x420046c4 width=4 count=1 result=0
NXARMJIT: TRACE_MEMORY_REQUEST sequence=65540 operation=1 pc=0x420046c4 address=0x420046c4 width=4 count=1 result=0
NXARMJIT: TRACE_MEMORY_REQUEST sequence=65541 operation=1 pc=0x420046c4 address=0x420046c4 width=4 count=1 result=0
NXARMJIT: TRACE_MEMORY_REQUEST sequence=65542 operation=1 pc=0x420046c4 address=0x420046c4 width=4 count=1 result=0
NXARMJIT: TRACE_MEMORY_REQUEST sequence=65543 operation=1 pc=0x420046c4 address=0x420046c4 width=4 count=1 result=0
NXARMJIT: TRACE_MEMORY_REQUEST sequence=65544 operation=1 pc=0x420046c4 address=0x420046c4 width=4 count=1 result=0
NXARMJIT: TRACE_MEMORY_REQUEST sequence=65545 operation=1 pc=0x420046c4 address=0x420046c4 width=4 count=1 result=0
NXARMJIT: TRACE_MEMORY_REQUEST sequence=65546 operation=1 pc=0x420046c4 address=0x420046c4 width=4 count=1 result=0
NXARMJIT: TRACE_MEMORY_REQUEST sequence=65547 operation=1 pc=0x420046c4 address=0x420046c4 width=4 count=1 result=0
NXARMJIT: TRACE_MEMORY_REQUEST sequence=65548 operation=1 pc=0x420046c4 address=0x420046c4 width=4 count=1 result=0
NXARMJIT: TRACE_MEMORY_REQUEST sequence=65549 operation=1 pc=0x420046c4 address=0x420046c4 width=4 count=1 result=0
NXARMJIT: TRACE_MEMORY_REQUEST sequence=65550 operation=1 pc=0x420046c4 address=0x420046c4 width=4 count=1 result=0
NXARMJIT: TRACE_MEMORY_REQUEST sequence=65551 operation=1 pc=0x420046c4 address=0x420046c4 width=4 count=1 result=0
NXARMJIT: TRACE_MEMORY_REQUEST sequence=65552 operation=1 pc=0x420046c4 address=0x420046c4 width=4 count=1 result=0
NXARMJIT: TRACE_MEMORY_REQUEST sequence=65553 operation=1 pc=0x420046c4 address=0x420046c4 width=4 count=1 result=0
NXARMJIT: TRACE_MEMORY_REQUEST sequence=65554 operation=1 pc=0x420046c4 address=0x420046c4 width=4 count=1 result=0
NXARMJIT: TRACE_MEMORY_REQUEST sequence=65555 operation=1 pc=0x420046c4 address=0x420046c4 width=4 count=1 result=0
NXARMJIT: TRACE_MEMORY_REQUEST sequence=65556 operation=1 pc=0x420046c4 address=0x420046c4 width=4 count=1 result=0
NXARMJIT: TRACE_MEMORY_REQUEST sequence=65557 operation=1 pc=0x420046c4 address=0x420046c4 width=4 count=1 result=0
NXARMJIT: TRACE_MEMORY_REQUEST sequence=65558 operation=1 pc=0x420046c4 address=0x420046c4 width=4 count=1 result=0
NXARMJIT: TRACE_MEMORY_REQUEST sequence=65559 operation=1 pc=0x420046c4 address=0x420046c4 width=4 count=1 result=0
NXARMJIT: TRACE_MEMORY_REQUEST sequence=65560 operation=1 pc=0x420046c4 address=0x420046c4 width=4 count=1 result=0
NXARMJIT: TRACE_MEMORY_REQUEST sequence=65561 operation=1 pc=0x420046c4 address=0x420046c4 width=4 count=1 result=0
NXARMJIT: TRACE_MEMORY_REQUEST sequence=65562 operation=1 pc=0x420046c4 address=0x420046c4 width=4 count=1 result=0
NXARMJIT: TRACE_MEMORY_REQUEST sequence=65563 operation=1 pc=0x420046c4 address=0x420046c4 width=4 count=1 result=0
NXARMJIT: TRACE_MEMORY_REQUEST sequence=65564 operation=1 pc=0x420046c4 address=0x420046c4 width=4 count=1 result=0
NXARMJIT: TRACE_MEMORY_REQUEST sequence=65565 operation=1 pc=0x420046c4 address=0x420046c4 width=4 count=1 result=0
NXARMJIT: TRACE_MEMORY_REQUEST sequence=65566 operation=1 pc=0x420046c4 address=0x420046c4 width=4 count=1 result=0
NXARMJIT: TRACE_MEMORY_REQUEST sequence=65567 operation=1 pc=0x420046c4 address=0x420046c4 width=4 count=1 result=0
NXARMJIT: TRACE_MEMORY_REQUEST sequence=65568 operation=1 pc=0x420046c4 address=0x420046c4 width=4 count=1 result=0
NXARMJIT: TRACE_MEMORY_REQUEST sequence=65569 operation=1 pc=0x420046c4 address=0x420046c4 width=4 count=1 result=0
NXARMJIT: TRACE_MEMORY_REQUEST sequence=65570 operation=1 pc=0x420046c4 address=0x420046c4 width=4 count=1 result=0
NXARMJIT: TRACE_MEMORY_REQUEST sequence=65571 operation=1 pc=0x420046c4 address=0x420046c4 width=4 count=1 result=0
NXARMJIT: TRACE_MEMORY_REQUEST sequence=65572 operation=1 pc=0x420046c4 address=0x420046c4 width=4 count=1 result=0
NXARMJIT: TRACE_MEMORY_REQUEST sequence=65573 operation=1 pc=0x420046c4 address=0x420046c4 width=4 count=1 result=0
NXARMJIT: TRACE_MEMORY_REQUEST sequence=65574 operation=1 pc=0x420046c4 address=0x420046c4 width=4 count=1 result=0
NXARMJIT: TRACE_MEMORY_REQUEST sequence=65575 operation=1 pc=0x420046c4 address=0x420046c4 width=4 count=1 result=0
NXARMJIT: TRACE_MEMORY_REQUEST sequence=65576 operation=1 pc=0x420046c4 address=0x420046c4 width=4 count=1 result=0
NXARMJIT: TRACE_PROTECTION_CALLS writable=370 executable=369 failures=0 includes_restore=true
NXARMJIT: TRACE_RETURN status=5 retired=65536 pc=0x420046c4 blocks=65536 instruction=0x0
NXARMJIT: TRACE_REGISTERS x0=0xbad x1=0x4 x2=0x0 x3=0xff36800000000130
NXARMJIT: TRACE_PLATFORM_STATE profile=1 override=0x0 pending=0 pstate=0x200003c5 sp=0x42024000
NXARMJIT: TRACE_EXCEPTION_STATE elr=0x0 spsr=0x0 vector=0x0 esr=0x0 handler_executed=false
NXARMJIT: TRACE_MEMORY_RESULT abi=1 provider_status=0 guest_far=0x0 last_address=0x420046c4 fetch_requests=65536 data_requests=40 completed_data_operations=40
NXARMJIT: TRACE_ONLY macos_boot_verified=false metal_verified=false
NXARMJIT: ERROR status=ABORTED
