HCR 0000000080000000 
CURRENT_EL 0000000000000008 
g4096_success.granule 0000000000001000 
g4096_success.kind 0000000000000000 
g4096_success.entry 0000000040118ff8 
g4096_success.isb_pc 0000000040118ffc 
g4096_success.code_va 0000000040119000 
g4096_success.code_pa 0000000040120000 
g4096_success.data_va 0000000060000000 
g4096_success.data_pa 0000000040124000 
g4096_success.guard_descriptor 0000000040118403 
g4096_success.code_descriptor 0000000040120403 
g4096_success.data_descriptor 0000000040124403 
g4096_success.msr_word 00000000d5181000 
g4096_success.isb_word 00000000d5033fdf 
g4096_success.seed 1122334455667788 
g4096_success.data_before a5a5a5a5a5a5a5a5 
g4096_success.store_operand 8877665544332211 
g4096_success.ttbr0 0000000040098000 
g4096_success.ttbr1 000000004009c000 
g4096_success.tcr 0000000080100010 
g4096_success.sctlr_before 0000000030d00802 
g4096_success.mair 0000000000000044 
g4096_success.tables_used 0000000000000006 
g4096_success.table0.base 0000000040098000 
g4096_success.table0.entry0 00000000400a0003 
g4096_success.table1.base 000000004009c000 
g4096_success.table2.base 00000000400a0000 
g4096_success.table2.entry1 00000000400a4003 
g4096_success.table3.base 00000000400a4000 
g4096_success.table3.entry0 00000000400a8003 
g4096_success.table3.entry256 00000000400ac003 
g4096_success.table4.base 00000000400a8000 
g4096_success.table4.entry0 0000000040000403 
g4096_success.table4.entry1 0000000040001403 
g4096_success.table4.entry2 0000000040002403 
g4096_success.table4.entry3 0000000040003403 
g4096_success.table4.entry4 0000000040004403 
g4096_success.table4.entry5 0000000040005403 
g4096_success.table4.entry6 0000000040006403 
g4096_success.table4.entry7 0000000040007403 
g4096_success.table4.entry8 0000000040008403 
g4096_success.table4.entry9 0000000040009403 
g4096_success.table4.entry10 000000004000a403 
g4096_success.table4.entry11 000000004000b403 
g4096_success.table4.entry12 000000004000c403 
g4096_success.table4.entry13 000000004000d403 
g4096_success.table4.entry14 000000004000e403 
g4096_success.table4.entry15 000000004000f403 
g4096_success.table4.entry16 0000000040010403 
g4096_success.table4.entry17 0000000040011403 
g4096_success.table4.entry18 0000000040012403 
g4096_success.table4.entry19 0000000040013403 
g4096_success.table4.entry20 0000000040014403 
g4096_success.table4.entry21 0000000040015403 
g4096_success.table4.entry22 0000000040016403 
g4096_success.table4.entry23 0000000040017403 
g4096_success.table4.entry24 0000000040018403 
g4096_success.table4.entry25 0000000040019403 
g4096_success.table4.entry26 000000004001a403 
g4096_success.table4.entry27 000000004001b403 
g4096_success.table4.entry28 000000004001c403 
g4096_success.table4.entry29 000000004001d403 
g4096_success.table4.entry30 000000004001e403 
g4096_success.table4.entry31 000000004001f403 
g4096_success.table4.entry32 0000000040020403 
g4096_success.table4.entry33 0000000040021403 
g4096_success.table4.entry34 0000000040022403 
g4096_success.table4.entry35 0000000040023403 
g4096_success.table4.entry36 0000000040024403 
g4096_success.table4.entry37 0000000040025403 
g4096_success.table4.entry38 0000000040026403 
g4096_success.table4.entry39 0000000040027403 
g4096_success.table4.entry40 0000000040028403 
g4096_success.table4.entry41 0000000040029403 
g4096_success.table4.entry42 000000004002a403 
g4096_success.table4.entry43 000000004002b403 
g4096_success.table4.entry44 000000004002c403 
g4096_success.table4.entry45 000000004002d403 
g4096_success.table4.entry46 000000004002e403 
g4096_success.table4.entry47 000000004002f403 
g4096_success.table4.entry48 0000000040030403 
g4096_success.table4.entry49 0000000040031403 
g4096_success.table4.entry50 0000000040032403 
g4096_success.table4.entry51 0000000040033403 
g4096_success.table4.entry52 0000000040034403 
g4096_success.table4.entry53 0000000040035403 
g4096_success.table4.entry54 0000000040036403 
g4096_success.table4.entry55 0000000040037403 
g4096_success.table4.entry56 0000000040038403 
g4096_success.table4.entry57 0000000040039403 
g4096_success.table4.entry58 000000004003a403 
g4096_success.table4.entry59 000000004003b403 
g4096_success.table4.entry60 000000004003c403 
g4096_success.table4.entry61 000000004003d403 
g4096_success.table4.entry62 000000004003e403 
g4096_success.table4.entry63 000000004003f403 
g4096_success.table4.entry64 0000000040040403 
g4096_success.table4.entry65 0000000040041403 
g4096_success.table4.entry66 0000000040042403 
g4096_success.table4.entry67 0000000040043403 
g4096_success.table4.entry68 0000000040044403 
g4096_success.table4.entry69 0000000040045403 
g4096_success.table4.entry70 0000000040046403 
g4096_success.table4.entry71 0000000040047403 
g4096_success.table4.entry72 0000000040048403 
g4096_success.table4.entry73 0000000040049403 
g4096_success.table4.entry74 000000004004a403 
g4096_success.table4.entry75 000000004004b403 
g4096_success.table4.entry76 000000004004c403 
g4096_success.table4.entry77 000000004004d403 
g4096_success.table4.entry78 000000004004e403 
g4096_success.table4.entry79 000000004004f403 
g4096_success.table4.entry80 0000000040050403 
g4096_success.table4.entry81 0000000040051403 
g4096_success.table4.entry82 0000000040052403 
g4096_success.table4.entry83 0000000040053403 
g4096_success.table4.entry84 0000000040054403 
g4096_success.table4.entry85 0000000040055403 
g4096_success.table4.entry86 0000000040056403 
g4096_success.table4.entry87 0000000040057403 
g4096_success.table4.entry88 0000000040058403 
g4096_success.table4.entry89 0000000040059403 
g4096_success.table4.entry90 000000004005a403 
g4096_success.table4.entry91 000000004005b403 
g4096_success.table4.entry92 000000004005c403 
g4096_success.table4.entry93 000000004005d403 
g4096_success.table4.entry94 000000004005e403 
g4096_success.table4.entry95 000000004005f403 
g4096_success.table4.entry96 0000000040060403 
g4096_success.table4.entry97 0000000040061403 
g4096_success.table4.entry98 0000000040062403 
g4096_success.table4.entry99 0000000040063403 
g4096_success.table4.entry100 0000000040064403 
g4096_success.table4.entry101 0000000040065403 
g4096_success.table4.entry102 0000000040066403 
g4096_success.table4.entry103 0000000040067403 
g4096_success.table4.entry104 0000000040068403 
g4096_success.table4.entry105 0000000040069403 
g4096_success.table4.entry106 000000004006a403 
g4096_success.table4.entry107 000000004006b403 
g4096_success.table4.entry108 000000004006c403 
g4096_success.table4.entry109 000000004006d403 
g4096_success.table4.entry110 000000004006e403 
g4096_success.table4.entry111 000000004006f403 
g4096_success.table4.entry112 0000000040070403 
g4096_success.table4.entry113 0000000040071403 
g4096_success.table4.entry114 0000000040072403 
g4096_success.table4.entry115 0000000040073403 
g4096_success.table4.entry116 0000000040074403 
g4096_success.table4.entry117 0000000040075403 
g4096_success.table4.entry118 0000000040076403 
g4096_success.table4.entry119 0000000040077403 
g4096_success.table4.entry120 0000000040078403 
g4096_success.table4.entry121 0000000040079403 
g4096_success.table4.entry122 000000004007a403 
g4096_success.table4.entry123 000000004007b403 
g4096_success.table4.entry124 000000004007c403 
g4096_success.table4.entry125 000000004007d403 
g4096_success.table4.entry126 000000004007e403 
g4096_success.table4.entry127 000000004007f403 
g4096_success.table4.entry128 0000000040080403 
g4096_success.table4.entry129 0000000040081403 
g4096_success.table4.entry130 0000000040082403 
g4096_success.table4.entry131 0000000040083403 
g4096_success.table4.entry132 0000000040084403 
g4096_success.table4.entry133 0000000040085403 
g4096_success.table4.entry134 0000000040086403 
g4096_success.table4.entry135 0000000040087403 
g4096_success.table4.entry136 0000000040088403 
g4096_success.table4.entry137 0000000040089403 
g4096_success.table4.entry138 000000004008a403 
g4096_success.table4.entry139 000000004008b403 
g4096_success.table4.entry140 000000004008c403 
g4096_success.table4.entry141 000000004008d403 
g4096_success.table4.entry142 000000004008e403 
g4096_success.table4.entry143 000000004008f403 
g4096_success.table4.entry144 0000000040090403 
g4096_success.table4.entry145 0000000040091403 
g4096_success.table4.entry146 0000000040092403 
g4096_success.table4.entry147 0000000040093403 
g4096_success.table4.entry148 0000000040094403 
g4096_success.table4.entry149 0000000040095403 
g4096_success.table4.entry150 0000000040096403 
g4096_success.table4.entry151 0000000040097403 
g4096_success.table4.entry152 0000000040098403 
g4096_success.table4.entry153 0000000040099403 
g4096_success.table4.entry154 000000004009a403 
g4096_success.table4.entry155 000000004009b403 
g4096_success.table4.entry156 000000004009c403 
g4096_success.table4.entry157 000000004009d403 
g4096_success.table4.entry158 000000004009e403 
g4096_success.table4.entry159 000000004009f403 
g4096_success.table4.entry160 00000000400a0403 
g4096_success.table4.entry161 00000000400a1403 
g4096_success.table4.entry162 00000000400a2403 
g4096_success.table4.entry163 00000000400a3403 
g4096_success.table4.entry164 00000000400a4403 
g4096_success.table4.entry165 00000000400a5403 
g4096_success.table4.entry166 00000000400a6403 
g4096_success.table4.entry167 00000000400a7403 
g4096_success.table4.entry168 00000000400a8403 
g4096_success.table4.entry169 00000000400a9403 
g4096_success.table4.entry170 00000000400aa403 
g4096_success.table4.entry171 00000000400ab403 
g4096_success.table4.entry172 00000000400ac403 
g4096_success.table4.entry173 00000000400ad403 
g4096_success.table4.entry174 00000000400ae403 
g4096_success.table4.entry175 00000000400af403 
g4096_success.table4.entry176 00000000400b0403 
g4096_success.table4.entry177 00000000400b1403 
g4096_success.table4.entry178 00000000400b2403 
g4096_success.table4.entry179 00000000400b3403 
g4096_success.table4.entry180 00000000400b4403 
g4096_success.table4.entry181 00000000400b5403 
g4096_success.table4.entry182 00000000400b6403 
g4096_success.table4.entry183 00000000400b7403 
g4096_success.table4.entry184 00000000400b8403 
g4096_success.table4.entry185 00000000400b9403 
g4096_success.table4.entry186 00000000400ba403 
g4096_success.table4.entry187 00000000400bb403 
g4096_success.table4.entry188 00000000400bc403 
g4096_success.table4.entry189 00000000400bd403 
g4096_success.table4.entry190 00000000400be403 
g4096_success.table4.entry191 00000000400bf403 
g4096_success.table4.entry192 00000000400c0403 
g4096_success.table4.entry193 00000000400c1403 
g4096_success.table4.entry194 00000000400c2403 
g4096_success.table4.entry195 00000000400c3403 
g4096_success.table4.entry196 00000000400c4403 
g4096_success.table4.entry197 00000000400c5403 
g4096_success.table4.entry198 00000000400c6403 
g4096_success.table4.entry199 00000000400c7403 
g4096_success.table4.entry200 00000000400c8403 
g4096_success.table4.entry201 00000000400c9403 
g4096_success.table4.entry202 00000000400ca403 
g4096_success.table4.entry203 00000000400cb403 
g4096_success.table4.entry204 00000000400cc403 
g4096_success.table4.entry205 00000000400cd403 
g4096_success.table4.entry206 00000000400ce403 
g4096_success.table4.entry207 00000000400cf403 
g4096_success.table4.entry208 00000000400d0403 
g4096_success.table4.entry209 00000000400d1403 
g4096_success.table4.entry210 00000000400d2403 
g4096_success.table4.entry211 00000000400d3403 
g4096_success.table4.entry212 00000000400d4403 
g4096_success.table4.entry213 00000000400d5403 
g4096_success.table4.entry214 00000000400d6403 
g4096_success.table4.entry215 00000000400d7403 
g4096_success.table4.entry216 00000000400d8403 
g4096_success.table4.entry217 00000000400d9403 
g4096_success.table4.entry218 00000000400da403 
g4096_success.table4.entry219 00000000400db403 
g4096_success.table4.entry220 00000000400dc403 
g4096_success.table4.entry221 00000000400dd403 
g4096_success.table4.entry222 00000000400de403 
g4096_success.table4.entry223 00000000400df403 
g4096_success.table4.entry224 00000000400e0403 
g4096_success.table4.entry225 00000000400e1403 
g4096_success.table4.entry226 00000000400e2403 
g4096_success.table4.entry227 00000000400e3403 
g4096_success.table4.entry228 00000000400e4403 
g4096_success.table4.entry229 00000000400e5403 
g4096_success.table4.entry230 00000000400e6403 
g4096_success.table4.entry231 00000000400e7403 
g4096_success.table4.entry232 00000000400e8403 
g4096_success.table4.entry233 00000000400e9403 
g4096_success.table4.entry234 00000000400ea403 
g4096_success.table4.entry235 00000000400eb403 
g4096_success.table4.entry236 00000000400ec403 
g4096_success.table4.entry237 00000000400ed403 
g4096_success.table4.entry238 00000000400ee403 
g4096_success.table4.entry239 00000000400ef403 
g4096_success.table4.entry240 00000000400f0403 
g4096_success.table4.entry241 00000000400f1403 
g4096_success.table4.entry242 00000000400f2403 
g4096_success.table4.entry243 00000000400f3403 
g4096_success.table4.entry244 00000000400f4403 
g4096_success.table4.entry245 00000000400f5403 
g4096_success.table4.entry246 00000000400f6403 
g4096_success.table4.entry247 00000000400f7403 
g4096_success.table4.entry248 00000000400f8403 
g4096_success.table4.entry249 00000000400f9403 
g4096_success.table4.entry250 00000000400fa403 
g4096_success.table4.entry251 00000000400fb403 
g4096_success.table4.entry252 00000000400fc403 
g4096_success.table4.entry253 00000000400fd403 
g4096_success.table4.entry254 00000000400fe403 
g4096_success.table4.entry255 00000000400ff403 
g4096_success.table4.entry256 0000000040100403 
g4096_success.table4.entry257 0000000040101403 
g4096_success.table4.entry258 0000000040102403 
g4096_success.table4.entry259 0000000040103403 
g4096_success.table4.entry260 0000000040104403 
g4096_success.table4.entry261 0000000040105403 
g4096_success.table4.entry262 0000000040106403 
g4096_success.table4.entry263 0000000040107403 
g4096_success.table4.entry264 0000000040108403 
g4096_success.table4.entry265 0000000040109403 
g4096_success.table4.entry266 000000004010a403 
g4096_success.table4.entry267 000000004010b403 
g4096_success.table4.entry268 000000004010c403 
g4096_success.table4.entry269 000000004010d403 
g4096_success.table4.entry270 000000004010e403 
g4096_success.table4.entry271 000000004010f403 
g4096_success.table4.entry272 0000000040110403 
g4096_success.table4.entry273 0000000040111403 
g4096_success.table4.entry274 0000000040112403 
g4096_success.table4.entry275 0000000040113403 
g4096_success.table4.entry276 0000000040114403 
g4096_success.table4.entry277 0000000040115403 
g4096_success.table4.entry278 0000000040116403 
g4096_success.table4.entry279 0000000040117403 
g4096_success.table4.entry280 0000000040118403 
g4096_success.table4.entry281 0000000040120403 
g4096_success.table4.entry282 000000004011a403 
g4096_success.table4.entry283 000000004011b403 
g4096_success.table4.entry284 000000004011c403 
g4096_success.table4.entry285 000000004011d403 
g4096_success.table4.entry286 000000004011e403 
g4096_success.table4.entry287 000000004011f403 
g4096_success.table4.entry288 0000000040120403 
g4096_success.table4.entry289 0000000040121403 
g4096_success.table4.entry290 0000000040122403 
g4096_success.table4.entry291 0000000040123403 
g4096_success.table4.entry292 0000000040124403 
g4096_success.table4.entry293 0000000040125403 
g4096_success.table4.entry294 0000000040126403 
g4096_success.table4.entry295 0000000040127403 
g4096_success.table4.entry296 0000000040128403 
g4096_success.table5.base 00000000400ac000 
g4096_success.table5.entry0 0000000040124403 
g4096_success 0000000000000000 0000000000000000 0000000000000000 0000000000000000 00000000000003c5 0000000030d00803 0000000040119004 1122334455667788 8877665544332211 0000000000000034 0000000030d00803 000000004011902c 0000000000000008 
g4096_success.data_after0 1122334455667788 
g4096_success.data_after1 8877665544332211 
g4096_fetch_unmapped.granule 0000000000001000 
g4096_fetch_unmapped.kind 0000000000000001 
g4096_fetch_unmapped.entry 0000000040118ff8 
g4096_fetch_unmapped.isb_pc 0000000040118ffc 
g4096_fetch_unmapped.code_va 0000000040119000 
g4096_fetch_unmapped.code_pa 0000000040120000 
g4096_fetch_unmapped.data_va 0000000060000000 
g4096_fetch_unmapped.data_pa 0000000040124000 
g4096_fetch_unmapped.guard_descriptor 0000000040118403 
g4096_fetch_unmapped.code_descriptor 0000000000000000 
g4096_fetch_unmapped.data_descriptor 0000000040124403 
g4096_fetch_unmapped.msr_word 00000000d5181000 
g4096_fetch_unmapped.isb_word 00000000d5033fdf 
g4096_fetch_unmapped.seed 1122334455667788 
g4096_fetch_unmapped.data_before a5a5a5a5a5a5a5a5 
g4096_fetch_unmapped.store_operand 8877665544332211 
g4096_fetch_unmapped.ttbr0 0000000040098000 
g4096_fetch_unmapped.ttbr1 000000004009c000 
g4096_fetch_unmapped.tcr 0000000080100010 
g4096_fetch_unmapped.sctlr_before 0000000030d00802 
g4096_fetch_unmapped.mair 0000000000000044 
g4096_fetch_unmapped.tables_used 0000000000000006 
g4096_fetch_unmapped.table0.base 0000000040098000 
g4096_fetch_unmapped.table0.entry0 00000000400a0003 
g4096_fetch_unmapped.table1.base 000000004009c000 
g4096_fetch_unmapped.table2.base 00000000400a0000 
g4096_fetch_unmapped.table2.entry1 00000000400a4003 
g4096_fetch_unmapped.table3.base 00000000400a4000 
g4096_fetch_unmapped.table3.entry0 00000000400a8003 
g4096_fetch_unmapped.table3.entry256 00000000400ac003 
g4096_fetch_unmapped.table4.base 00000000400a8000 
g4096_fetch_unmapped.table4.entry0 0000000040000403 
g4096_fetch_unmapped.table4.entry1 0000000040001403 
g4096_fetch_unmapped.table4.entry2 0000000040002403 
g4096_fetch_unmapped.table4.entry3 0000000040003403 
g4096_fetch_unmapped.table4.entry4 0000000040004403 
g4096_fetch_unmapped.table4.entry5 0000000040005403 
g4096_fetch_unmapped.table4.entry6 0000000040006403 
g4096_fetch_unmapped.table4.entry7 0000000040007403 
g4096_fetch_unmapped.table4.entry8 0000000040008403 
g4096_fetch_unmapped.table4.entry9 0000000040009403 
g4096_fetch_unmapped.table4.entry10 000000004000a403 
g4096_fetch_unmapped.table4.entry11 000000004000b403 
g4096_fetch_unmapped.table4.entry12 000000004000c403 
g4096_fetch_unmapped.table4.entry13 000000004000d403 
g4096_fetch_unmapped.table4.entry14 000000004000e403 
g4096_fetch_unmapped.table4.entry15 000000004000f403 
g4096_fetch_unmapped.table4.entry16 0000000040010403 
g4096_fetch_unmapped.table4.entry17 0000000040011403 
g4096_fetch_unmapped.table4.entry18 0000000040012403 
g4096_fetch_unmapped.table4.entry19 0000000040013403 
g4096_fetch_unmapped.table4.entry20 0000000040014403 
g4096_fetch_unmapped.table4.entry21 0000000040015403 
g4096_fetch_unmapped.table4.entry22 0000000040016403 
g4096_fetch_unmapped.table4.entry23 0000000040017403 
g4096_fetch_unmapped.table4.entry24 0000000040018403 
g4096_fetch_unmapped.table4.entry25 0000000040019403 
g4096_fetch_unmapped.table4.entry26 000000004001a403 
g4096_fetch_unmapped.table4.entry27 000000004001b403 
g4096_fetch_unmapped.table4.entry28 000000004001c403 
g4096_fetch_unmapped.table4.entry29 000000004001d403 
g4096_fetch_unmapped.table4.entry30 000000004001e403 
g4096_fetch_unmapped.table4.entry31 000000004001f403 
g4096_fetch_unmapped.table4.entry32 0000000040020403 
g4096_fetch_unmapped.table4.entry33 0000000040021403 
g4096_fetch_unmapped.table4.entry34 0000000040022403 
g4096_fetch_unmapped.table4.entry35 0000000040023403 
g4096_fetch_unmapped.table4.entry36 0000000040024403 
g4096_fetch_unmapped.table4.entry37 0000000040025403 
g4096_fetch_unmapped.table4.entry38 0000000040026403 
g4096_fetch_unmapped.table4.entry39 0000000040027403 
g4096_fetch_unmapped.table4.entry40 0000000040028403 
g4096_fetch_unmapped.table4.entry41 0000000040029403 
g4096_fetch_unmapped.table4.entry42 000000004002a403 
g4096_fetch_unmapped.table4.entry43 000000004002b403 
g4096_fetch_unmapped.table4.entry44 000000004002c403 
g4096_fetch_unmapped.table4.entry45 000000004002d403 
g4096_fetch_unmapped.table4.entry46 000000004002e403 
g4096_fetch_unmapped.table4.entry47 000000004002f403 
g4096_fetch_unmapped.table4.entry48 0000000040030403 
g4096_fetch_unmapped.table4.entry49 0000000040031403 
g4096_fetch_unmapped.table4.entry50 0000000040032403 
g4096_fetch_unmapped.table4.entry51 0000000040033403 
g4096_fetch_unmapped.table4.entry52 0000000040034403 
g4096_fetch_unmapped.table4.entry53 0000000040035403 
g4096_fetch_unmapped.table4.entry54 0000000040036403 
g4096_fetch_unmapped.table4.entry55 0000000040037403 
g4096_fetch_unmapped.table4.entry56 0000000040038403 
g4096_fetch_unmapped.table4.entry57 0000000040039403 
g4096_fetch_unmapped.table4.entry58 000000004003a403 
g4096_fetch_unmapped.table4.entry59 000000004003b403 
g4096_fetch_unmapped.table4.entry60 000000004003c403 
g4096_fetch_unmapped.table4.entry61 000000004003d403 
g4096_fetch_unmapped.table4.entry62 000000004003e403 
g4096_fetch_unmapped.table4.entry63 000000004003f403 
g4096_fetch_unmapped.table4.entry64 0000000040040403 
g4096_fetch_unmapped.table4.entry65 0000000040041403 
g4096_fetch_unmapped.table4.entry66 0000000040042403 
g4096_fetch_unmapped.table4.entry67 0000000040043403 
g4096_fetch_unmapped.table4.entry68 0000000040044403 
g4096_fetch_unmapped.table4.entry69 0000000040045403 
g4096_fetch_unmapped.table4.entry70 0000000040046403 
g4096_fetch_unmapped.table4.entry71 0000000040047403 
g4096_fetch_unmapped.table4.entry72 0000000040048403 
g4096_fetch_unmapped.table4.entry73 0000000040049403 
g4096_fetch_unmapped.table4.entry74 000000004004a403 
g4096_fetch_unmapped.table4.entry75 000000004004b403 
g4096_fetch_unmapped.table4.entry76 000000004004c403 
g4096_fetch_unmapped.table4.entry77 000000004004d403 
g4096_fetch_unmapped.table4.entry78 000000004004e403 
g4096_fetch_unmapped.table4.entry79 000000004004f403 
g4096_fetch_unmapped.table4.entry80 0000000040050403 
g4096_fetch_unmapped.table4.entry81 0000000040051403 
g4096_fetch_unmapped.table4.entry82 0000000040052403 
g4096_fetch_unmapped.table4.entry83 0000000040053403 
g4096_fetch_unmapped.table4.entry84 0000000040054403 
g4096_fetch_unmapped.table4.entry85 0000000040055403 
g4096_fetch_unmapped.table4.entry86 0000000040056403 
g4096_fetch_unmapped.table4.entry87 0000000040057403 
g4096_fetch_unmapped.table4.entry88 0000000040058403 
g4096_fetch_unmapped.table4.entry89 0000000040059403 
g4096_fetch_unmapped.table4.entry90 000000004005a403 
g4096_fetch_unmapped.table4.entry91 000000004005b403 
g4096_fetch_unmapped.table4.entry92 000000004005c403 
g4096_fetch_unmapped.table4.entry93 000000004005d403 
g4096_fetch_unmapped.table4.entry94 000000004005e403 
g4096_fetch_unmapped.table4.entry95 000000004005f403 
g4096_fetch_unmapped.table4.entry96 0000000040060403 
g4096_fetch_unmapped.table4.entry97 0000000040061403 
g4096_fetch_unmapped.table4.entry98 0000000040062403 
g4096_fetch_unmapped.table4.entry99 0000000040063403 
g4096_fetch_unmapped.table4.entry100 0000000040064403 
g4096_fetch_unmapped.table4.entry101 0000000040065403 
g4096_fetch_unmapped.table4.entry102 0000000040066403 
g4096_fetch_unmapped.table4.entry103 0000000040067403 
g4096_fetch_unmapped.table4.entry104 0000000040068403 
g4096_fetch_unmapped.table4.entry105 0000000040069403 
g4096_fetch_unmapped.table4.entry106 000000004006a403 
g4096_fetch_unmapped.table4.entry107 000000004006b403 
g4096_fetch_unmapped.table4.entry108 000000004006c403 
g4096_fetch_unmapped.table4.entry109 000000004006d403 
g4096_fetch_unmapped.table4.entry110 000000004006e403 
g4096_fetch_unmapped.table4.entry111 000000004006f403 
g4096_fetch_unmapped.table4.entry112 0000000040070403 
g4096_fetch_unmapped.table4.entry113 0000000040071403 
g4096_fetch_unmapped.table4.entry114 0000000040072403 
g4096_fetch_unmapped.table4.entry115 0000000040073403 
g4096_fetch_unmapped.table4.entry116 0000000040074403 
g4096_fetch_unmapped.table4.entry117 0000000040075403 
g4096_fetch_unmapped.table4.entry118 0000000040076403 
g4096_fetch_unmapped.table4.entry119 0000000040077403 
g4096_fetch_unmapped.table4.entry120 0000000040078403 
g4096_fetch_unmapped.table4.entry121 0000000040079403 
g4096_fetch_unmapped.table4.entry122 000000004007a403 
g4096_fetch_unmapped.table4.entry123 000000004007b403 
g4096_fetch_unmapped.table4.entry124 000000004007c403 
g4096_fetch_unmapped.table4.entry125 000000004007d403 
g4096_fetch_unmapped.table4.entry126 000000004007e403 
g4096_fetch_unmapped.table4.entry127 000000004007f403 
g4096_fetch_unmapped.table4.entry128 0000000040080403 
g4096_fetch_unmapped.table4.entry129 0000000040081403 
g4096_fetch_unmapped.table4.entry130 0000000040082403 
g4096_fetch_unmapped.table4.entry131 0000000040083403 
g4096_fetch_unmapped.table4.entry132 0000000040084403 
g4096_fetch_unmapped.table4.entry133 0000000040085403 
g4096_fetch_unmapped.table4.entry134 0000000040086403 
g4096_fetch_unmapped.table4.entry135 0000000040087403 
g4096_fetch_unmapped.table4.entry136 0000000040088403 
g4096_fetch_unmapped.table4.entry137 0000000040089403 
g4096_fetch_unmapped.table4.entry138 000000004008a403 
g4096_fetch_unmapped.table4.entry139 000000004008b403 
g4096_fetch_unmapped.table4.entry140 000000004008c403 
g4096_fetch_unmapped.table4.entry141 000000004008d403 
g4096_fetch_unmapped.table4.entry142 000000004008e403 
g4096_fetch_unmapped.table4.entry143 000000004008f403 
g4096_fetch_unmapped.table4.entry144 0000000040090403 
g4096_fetch_unmapped.table4.entry145 0000000040091403 
g4096_fetch_unmapped.table4.entry146 0000000040092403 
g4096_fetch_unmapped.table4.entry147 0000000040093403 
g4096_fetch_unmapped.table4.entry148 0000000040094403 
g4096_fetch_unmapped.table4.entry149 0000000040095403 
g4096_fetch_unmapped.table4.entry150 0000000040096403 
g4096_fetch_unmapped.table4.entry151 0000000040097403 
g4096_fetch_unmapped.table4.entry152 0000000040098403 
g4096_fetch_unmapped.table4.entry153 0000000040099403 
g4096_fetch_unmapped.table4.entry154 000000004009a403 
g4096_fetch_unmapped.table4.entry155 000000004009b403 
g4096_fetch_unmapped.table4.entry156 000000004009c403 
g4096_fetch_unmapped.table4.entry157 000000004009d403 
g4096_fetch_unmapped.table4.entry158 000000004009e403 
g4096_fetch_unmapped.table4.entry159 000000004009f403 
g4096_fetch_unmapped.table4.entry160 00000000400a0403 
g4096_fetch_unmapped.table4.entry161 00000000400a1403 
g4096_fetch_unmapped.table4.entry162 00000000400a2403 
g4096_fetch_unmapped.table4.entry163 00000000400a3403 
g4096_fetch_unmapped.table4.entry164 00000000400a4403 
g4096_fetch_unmapped.table4.entry165 00000000400a5403 
g4096_fetch_unmapped.table4.entry166 00000000400a6403 
g4096_fetch_unmapped.table4.entry167 00000000400a7403 
g4096_fetch_unmapped.table4.entry168 00000000400a8403 
g4096_fetch_unmapped.table4.entry169 00000000400a9403 
g4096_fetch_unmapped.table4.entry170 00000000400aa403 
g4096_fetch_unmapped.table4.entry171 00000000400ab403 
g4096_fetch_unmapped.table4.entry172 00000000400ac403 
g4096_fetch_unmapped.table4.entry173 00000000400ad403 
g4096_fetch_unmapped.table4.entry174 00000000400ae403 
g4096_fetch_unmapped.table4.entry175 00000000400af403 
g4096_fetch_unmapped.table4.entry176 00000000400b0403 
g4096_fetch_unmapped.table4.entry177 00000000400b1403 
g4096_fetch_unmapped.table4.entry178 00000000400b2403 
g4096_fetch_unmapped.table4.entry179 00000000400b3403 
g4096_fetch_unmapped.table4.entry180 00000000400b4403 
g4096_fetch_unmapped.table4.entry181 00000000400b5403 
g4096_fetch_unmapped.table4.entry182 00000000400b6403 
g4096_fetch_unmapped.table4.entry183 00000000400b7403 
g4096_fetch_unmapped.table4.entry184 00000000400b8403 
g4096_fetch_unmapped.table4.entry185 00000000400b9403 
g4096_fetch_unmapped.table4.entry186 00000000400ba403 
g4096_fetch_unmapped.table4.entry187 00000000400bb403 
g4096_fetch_unmapped.table4.entry188 00000000400bc403 
g4096_fetch_unmapped.table4.entry189 00000000400bd403 
g4096_fetch_unmapped.table4.entry190 00000000400be403 
g4096_fetch_unmapped.table4.entry191 00000000400bf403 
g4096_fetch_unmapped.table4.entry192 00000000400c0403 
g4096_fetch_unmapped.table4.entry193 00000000400c1403 
g4096_fetch_unmapped.table4.entry194 00000000400c2403 
g4096_fetch_unmapped.table4.entry195 00000000400c3403 
g4096_fetch_unmapped.table4.entry196 00000000400c4403 
g4096_fetch_unmapped.table4.entry197 00000000400c5403 
g4096_fetch_unmapped.table4.entry198 00000000400c6403 
g4096_fetch_unmapped.table4.entry199 00000000400c7403 
g4096_fetch_unmapped.table4.entry200 00000000400c8403 
g4096_fetch_unmapped.table4.entry201 00000000400c9403 
g4096_fetch_unmapped.table4.entry202 00000000400ca403 
g4096_fetch_unmapped.table4.entry203 00000000400cb403 
g4096_fetch_unmapped.table4.entry204 00000000400cc403 
g4096_fetch_unmapped.table4.entry205 00000000400cd403 
g4096_fetch_unmapped.table4.entry206 00000000400ce403 
g4096_fetch_unmapped.table4.entry207 00000000400cf403 
g4096_fetch_unmapped.table4.entry208 00000000400d0403 
g4096_fetch_unmapped.table4.entry209 00000000400d1403 
g4096_fetch_unmapped.table4.entry210 00000000400d2403 
g4096_fetch_unmapped.table4.entry211 00000000400d3403 
g4096_fetch_unmapped.table4.entry212 00000000400d4403 
g4096_fetch_unmapped.table4.entry213 00000000400d5403 
g4096_fetch_unmapped.table4.entry214 00000000400d6403 
g4096_fetch_unmapped.table4.entry215 00000000400d7403 
g4096_fetch_unmapped.table4.entry216 00000000400d8403 
g4096_fetch_unmapped.table4.entry217 00000000400d9403 
g4096_fetch_unmapped.table4.entry218 00000000400da403 
g4096_fetch_unmapped.table4.entry219 00000000400db403 
g4096_fetch_unmapped.table4.entry220 00000000400dc403 
g4096_fetch_unmapped.table4.entry221 00000000400dd403 
g4096_fetch_unmapped.table4.entry222 00000000400de403 
g4096_fetch_unmapped.table4.entry223 00000000400df403 
g4096_fetch_unmapped.table4.entry224 00000000400e0403 
g4096_fetch_unmapped.table4.entry225 00000000400e1403 
g4096_fetch_unmapped.table4.entry226 00000000400e2403 
g4096_fetch_unmapped.table4.entry227 00000000400e3403 
g4096_fetch_unmapped.table4.entry228 00000000400e4403 
g4096_fetch_unmapped.table4.entry229 00000000400e5403 
g4096_fetch_unmapped.table4.entry230 00000000400e6403 
g4096_fetch_unmapped.table4.entry231 00000000400e7403 
g4096_fetch_unmapped.table4.entry232 00000000400e8403 
g4096_fetch_unmapped.table4.entry233 00000000400e9403 
g4096_fetch_unmapped.table4.entry234 00000000400ea403 
g4096_fetch_unmapped.table4.entry235 00000000400eb403 
g4096_fetch_unmapped.table4.entry236 00000000400ec403 
g4096_fetch_unmapped.table4.entry237 00000000400ed403 
g4096_fetch_unmapped.table4.entry238 00000000400ee403 
g4096_fetch_unmapped.table4.entry239 00000000400ef403 
g4096_fetch_unmapped.table4.entry240 00000000400f0403 
g4096_fetch_unmapped.table4.entry241 00000000400f1403 
g4096_fetch_unmapped.table4.entry242 00000000400f2403 
g4096_fetch_unmapped.table4.entry243 00000000400f3403 
g4096_fetch_unmapped.table4.entry244 00000000400f4403 
g4096_fetch_unmapped.table4.entry245 00000000400f5403 
g4096_fetch_unmapped.table4.entry246 00000000400f6403 
g4096_fetch_unmapped.table4.entry247 00000000400f7403 
g4096_fetch_unmapped.table4.entry248 00000000400f8403 
g4096_fetch_unmapped.table4.entry249 00000000400f9403 
g4096_fetch_unmapped.table4.entry250 00000000400fa403 
g4096_fetch_unmapped.table4.entry251 00000000400fb403 
g4096_fetch_unmapped.table4.entry252 00000000400fc403 
g4096_fetch_unmapped.table4.entry253 00000000400fd403 
g4096_fetch_unmapped.table4.entry254 00000000400fe403 
g4096_fetch_unmapped.table4.entry255 00000000400ff403 
g4096_fetch_unmapped.table4.entry256 0000000040100403 
g4096_fetch_unmapped.table4.entry257 0000000040101403 
g4096_fetch_unmapped.table4.entry258 0000000040102403 
g4096_fetch_unmapped.table4.entry259 0000000040103403 
g4096_fetch_unmapped.table4.entry260 0000000040104403 
g4096_fetch_unmapped.table4.entry261 0000000040105403 
g4096_fetch_unmapped.table4.entry262 0000000040106403 
g4096_fetch_unmapped.table4.entry263 0000000040107403 
g4096_fetch_unmapped.table4.entry264 0000000040108403 
g4096_fetch_unmapped.table4.entry265 0000000040109403 
g4096_fetch_unmapped.table4.entry266 000000004010a403 
g4096_fetch_unmapped.table4.entry267 000000004010b403 
g4096_fetch_unmapped.table4.entry268 000000004010c403 
g4096_fetch_unmapped.table4.entry269 000000004010d403 
g4096_fetch_unmapped.table4.entry270 000000004010e403 
g4096_fetch_unmapped.table4.entry271 000000004010f403 
g4096_fetch_unmapped.table4.entry272 0000000040110403 
g4096_fetch_unmapped.table4.entry273 0000000040111403 
g4096_fetch_unmapped.table4.entry274 0000000040112403 
g4096_fetch_unmapped.table4.entry275 0000000040113403 
g4096_fetch_unmapped.table4.entry276 0000000040114403 
g4096_fetch_unmapped.table4.entry277 0000000040115403 
g4096_fetch_unmapped.table4.entry278 0000000040116403 
g4096_fetch_unmapped.table4.entry279 0000000040117403 
g4096_fetch_unmapped.table4.entry280 0000000040118403 
g4096_fetch_unmapped.table4.entry282 000000004011a403 
g4096_fetch_unmapped.table4.entry283 000000004011b403 
g4096_fetch_unmapped.table4.entry284 000000004011c403 
g4096_fetch_unmapped.table4.entry285 000000004011d403 
g4096_fetch_unmapped.table4.entry286 000000004011e403 
g4096_fetch_unmapped.table4.entry287 000000004011f403 
g4096_fetch_unmapped.table4.entry288 0000000040120403 
g4096_fetch_unmapped.table4.entry289 0000000040121403 
g4096_fetch_unmapped.table4.entry290 0000000040122403 
g4096_fetch_unmapped.table4.entry291 0000000040123403 
g4096_fetch_unmapped.table4.entry292 0000000040124403 
g4096_fetch_unmapped.table4.entry293 0000000040125403 
g4096_fetch_unmapped.table4.entry294 0000000040126403 
g4096_fetch_unmapped.table4.entry295 0000000040127403 
g4096_fetch_unmapped.table4.entry296 0000000040128403 
g4096_fetch_unmapped.table5.base 00000000400ac000 
g4096_fetch_unmapped.table5.entry0 0000000040124403 
g4096_fetch_unmapped 0000000086000007 0000000040119000 0000000040119000 0000000000000001 00000000000003c5 0000000000000000 0000000000000000 0000000000000000 0000000000000000 0000000000000000 0000000030d00803 00000000400800ac 0000000000000008 
g4096_fetch_unmapped.data_after0 1122334455667788 
g4096_fetch_unmapped.data_after1 a5a5a5a5a5a5a5a5 
g4096_data_unmapped.granule 0000000000001000 
g4096_data_unmapped.kind 0000000000000002 
g4096_data_unmapped.entry 0000000040118ff8 
g4096_data_unmapped.isb_pc 0000000040118ffc 
g4096_data_unmapped.code_va 0000000040119000 
g4096_data_unmapped.code_pa 0000000040120000 
g4096_data_unmapped.data_va 0000000060000000 
g4096_data_unmapped.data_pa 0000000040124000 
g4096_data_unmapped.guard_descriptor 0000000040118403 
g4096_data_unmapped.code_descriptor 0000000040120403 
g4096_data_unmapped.data_descriptor 0000000000000000 
g4096_data_unmapped.msr_word 00000000d5181000 
g4096_data_unmapped.isb_word 00000000d5033fdf 
g4096_data_unmapped.seed 1122334455667788 
g4096_data_unmapped.data_before a5a5a5a5a5a5a5a5 
g4096_data_unmapped.store_operand 8877665544332211 
g4096_data_unmapped.ttbr0 0000000040098000 
g4096_data_unmapped.ttbr1 000000004009c000 
g4096_data_unmapped.tcr 0000000080100010 
g4096_data_unmapped.sctlr_before 0000000030d00802 
g4096_data_unmapped.mair 0000000000000044 
g4096_data_unmapped.tables_used 0000000000000006 
g4096_data_unmapped.table0.base 0000000040098000 
g4096_data_unmapped.table0.entry0 00000000400a0003 
g4096_data_unmapped.table1.base 000000004009c000 
g4096_data_unmapped.table2.base 00000000400a0000 
g4096_data_unmapped.table2.entry1 00000000400a4003 
g4096_data_unmapped.table3.base 00000000400a4000 
g4096_data_unmapped.table3.entry0 00000000400a8003 
g4096_data_unmapped.table3.entry256 00000000400ac003 
g4096_data_unmapped.table4.base 00000000400a8000 
g4096_data_unmapped.table4.entry0 0000000040000403 
g4096_data_unmapped.table4.entry1 0000000040001403 
g4096_data_unmapped.table4.entry2 0000000040002403 
g4096_data_unmapped.table4.entry3 0000000040003403 
g4096_data_unmapped.table4.entry4 0000000040004403 
g4096_data_unmapped.table4.entry5 0000000040005403 
g4096_data_unmapped.table4.entry6 0000000040006403 
g4096_data_unmapped.table4.entry7 0000000040007403 
g4096_data_unmapped.table4.entry8 0000000040008403 
g4096_data_unmapped.table4.entry9 0000000040009403 
g4096_data_unmapped.table4.entry10 000000004000a403 
g4096_data_unmapped.table4.entry11 000000004000b403 
g4096_data_unmapped.table4.entry12 000000004000c403 
g4096_data_unmapped.table4.entry13 000000004000d403 
g4096_data_unmapped.table4.entry14 000000004000e403 
g4096_data_unmapped.table4.entry15 000000004000f403 
g4096_data_unmapped.table4.entry16 0000000040010403 
g4096_data_unmapped.table4.entry17 0000000040011403 
g4096_data_unmapped.table4.entry18 0000000040012403 
g4096_data_unmapped.table4.entry19 0000000040013403 
g4096_data_unmapped.table4.entry20 0000000040014403 
g4096_data_unmapped.table4.entry21 0000000040015403 
g4096_data_unmapped.table4.entry22 0000000040016403 
g4096_data_unmapped.table4.entry23 0000000040017403 
g4096_data_unmapped.table4.entry24 0000000040018403 
g4096_data_unmapped.table4.entry25 0000000040019403 
g4096_data_unmapped.table4.entry26 000000004001a403 
g4096_data_unmapped.table4.entry27 000000004001b403 
g4096_data_unmapped.table4.entry28 000000004001c403 
g4096_data_unmapped.table4.entry29 000000004001d403 
g4096_data_unmapped.table4.entry30 000000004001e403 
g4096_data_unmapped.table4.entry31 000000004001f403 
g4096_data_unmapped.table4.entry32 0000000040020403 
g4096_data_unmapped.table4.entry33 0000000040021403 
g4096_data_unmapped.table4.entry34 0000000040022403 
g4096_data_unmapped.table4.entry35 0000000040023403 
g4096_data_unmapped.table4.entry36 0000000040024403 
g4096_data_unmapped.table4.entry37 0000000040025403 
g4096_data_unmapped.table4.entry38 0000000040026403 
g4096_data_unmapped.table4.entry39 0000000040027403 
g4096_data_unmapped.table4.entry40 0000000040028403 
g4096_data_unmapped.table4.entry41 0000000040029403 
g4096_data_unmapped.table4.entry42 000000004002a403 
g4096_data_unmapped.table4.entry43 000000004002b403 
g4096_data_unmapped.table4.entry44 000000004002c403 
g4096_data_unmapped.table4.entry45 000000004002d403 
g4096_data_unmapped.table4.entry46 000000004002e403 
g4096_data_unmapped.table4.entry47 000000004002f403 
g4096_data_unmapped.table4.entry48 0000000040030403 
g4096_data_unmapped.table4.entry49 0000000040031403 
g4096_data_unmapped.table4.entry50 0000000040032403 
g4096_data_unmapped.table4.entry51 0000000040033403 
g4096_data_unmapped.table4.entry52 0000000040034403 
g4096_data_unmapped.table4.entry53 0000000040035403 
g4096_data_unmapped.table4.entry54 0000000040036403 
g4096_data_unmapped.table4.entry55 0000000040037403 
g4096_data_unmapped.table4.entry56 0000000040038403 
g4096_data_unmapped.table4.entry57 0000000040039403 
g4096_data_unmapped.table4.entry58 000000004003a403 
g4096_data_unmapped.table4.entry59 000000004003b403 
g4096_data_unmapped.table4.entry60 000000004003c403 
g4096_data_unmapped.table4.entry61 000000004003d403 
g4096_data_unmapped.table4.entry62 000000004003e403 
g4096_data_unmapped.table4.entry63 000000004003f403 
g4096_data_unmapped.table4.entry64 0000000040040403 
g4096_data_unmapped.table4.entry65 0000000040041403 
g4096_data_unmapped.table4.entry66 0000000040042403 
g4096_data_unmapped.table4.entry67 0000000040043403 
g4096_data_unmapped.table4.entry68 0000000040044403 
g4096_data_unmapped.table4.entry69 0000000040045403 
g4096_data_unmapped.table4.entry70 0000000040046403 
g4096_data_unmapped.table4.entry71 0000000040047403 
g4096_data_unmapped.table4.entry72 0000000040048403 
g4096_data_unmapped.table4.entry73 0000000040049403 
g4096_data_unmapped.table4.entry74 000000004004a403 
g4096_data_unmapped.table4.entry75 000000004004b403 
g4096_data_unmapped.table4.entry76 000000004004c403 
g4096_data_unmapped.table4.entry77 000000004004d403 
g4096_data_unmapped.table4.entry78 000000004004e403 
g4096_data_unmapped.table4.entry79 000000004004f403 
g4096_data_unmapped.table4.entry80 0000000040050403 
g4096_data_unmapped.table4.entry81 0000000040051403 
g4096_data_unmapped.table4.entry82 0000000040052403 
g4096_data_unmapped.table4.entry83 0000000040053403 
g4096_data_unmapped.table4.entry84 0000000040054403 
g4096_data_unmapped.table4.entry85 0000000040055403 
g4096_data_unmapped.table4.entry86 0000000040056403 
g4096_data_unmapped.table4.entry87 0000000040057403 
g4096_data_unmapped.table4.entry88 0000000040058403 
g4096_data_unmapped.table4.entry89 0000000040059403 
g4096_data_unmapped.table4.entry90 000000004005a403 
g4096_data_unmapped.table4.entry91 000000004005b403 
g4096_data_unmapped.table4.entry92 000000004005c403 
g4096_data_unmapped.table4.entry93 000000004005d403 
g4096_data_unmapped.table4.entry94 000000004005e403 
g4096_data_unmapped.table4.entry95 000000004005f403 
g4096_data_unmapped.table4.entry96 0000000040060403 
g4096_data_unmapped.table4.entry97 0000000040061403 
g4096_data_unmapped.table4.entry98 0000000040062403 
g4096_data_unmapped.table4.entry99 0000000040063403 
g4096_data_unmapped.table4.entry100 0000000040064403 
g4096_data_unmapped.table4.entry101 0000000040065403 
g4096_data_unmapped.table4.entry102 0000000040066403 
g4096_data_unmapped.table4.entry103 0000000040067403 
g4096_data_unmapped.table4.entry104 0000000040068403 
g4096_data_unmapped.table4.entry105 0000000040069403 
g4096_data_unmapped.table4.entry106 000000004006a403 
g4096_data_unmapped.table4.entry107 000000004006b403 
g4096_data_unmapped.table4.entry108 000000004006c403 
g4096_data_unmapped.table4.entry109 000000004006d403 
g4096_data_unmapped.table4.entry110 000000004006e403 
g4096_data_unmapped.table4.entry111 000000004006f403 
g4096_data_unmapped.table4.entry112 0000000040070403 
g4096_data_unmapped.table4.entry113 0000000040071403 
g4096_data_unmapped.table4.entry114 0000000040072403 
g4096_data_unmapped.table4.entry115 0000000040073403 
g4096_data_unmapped.table4.entry116 0000000040074403 
g4096_data_unmapped.table4.entry117 0000000040075403 
g4096_data_unmapped.table4.entry118 0000000040076403 
g4096_data_unmapped.table4.entry119 0000000040077403 
g4096_data_unmapped.table4.entry120 0000000040078403 
g4096_data_unmapped.table4.entry121 0000000040079403 
g4096_data_unmapped.table4.entry122 000000004007a403 
g4096_data_unmapped.table4.entry123 000000004007b403 
g4096_data_unmapped.table4.entry124 000000004007c403 
g4096_data_unmapped.table4.entry125 000000004007d403 
g4096_data_unmapped.table4.entry126 000000004007e403 
g4096_data_unmapped.table4.entry127 000000004007f403 
g4096_data_unmapped.table4.entry128 0000000040080403 
g4096_data_unmapped.table4.entry129 0000000040081403 
g4096_data_unmapped.table4.entry130 0000000040082403 
g4096_data_unmapped.table4.entry131 0000000040083403 
g4096_data_unmapped.table4.entry132 0000000040084403 
g4096_data_unmapped.table4.entry133 0000000040085403 
g4096_data_unmapped.table4.entry134 0000000040086403 
g4096_data_unmapped.table4.entry135 0000000040087403 
g4096_data_unmapped.table4.entry136 0000000040088403 
g4096_data_unmapped.table4.entry137 0000000040089403 
g4096_data_unmapped.table4.entry138 000000004008a403 
g4096_data_unmapped.table4.entry139 000000004008b403 
g4096_data_unmapped.table4.entry140 000000004008c403 
g4096_data_unmapped.table4.entry141 000000004008d403 
g4096_data_unmapped.table4.entry142 000000004008e403 
g4096_data_unmapped.table4.entry143 000000004008f403 
g4096_data_unmapped.table4.entry144 0000000040090403 
g4096_data_unmapped.table4.entry145 0000000040091403 
g4096_data_unmapped.table4.entry146 0000000040092403 
g4096_data_unmapped.table4.entry147 0000000040093403 
g4096_data_unmapped.table4.entry148 0000000040094403 
g4096_data_unmapped.table4.entry149 0000000040095403 
g4096_data_unmapped.table4.entry150 0000000040096403 
g4096_data_unmapped.table4.entry151 0000000040097403 
g4096_data_unmapped.table4.entry152 0000000040098403 
g4096_data_unmapped.table4.entry153 0000000040099403 
g4096_data_unmapped.table4.entry154 000000004009a403 
g4096_data_unmapped.table4.entry155 000000004009b403 
g4096_data_unmapped.table4.entry156 000000004009c403 
g4096_data_unmapped.table4.entry157 000000004009d403 
g4096_data_unmapped.table4.entry158 000000004009e403 
g4096_data_unmapped.table4.entry159 000000004009f403 
g4096_data_unmapped.table4.entry160 00000000400a0403 
g4096_data_unmapped.table4.entry161 00000000400a1403 
g4096_data_unmapped.table4.entry162 00000000400a2403 
g4096_data_unmapped.table4.entry163 00000000400a3403 
g4096_data_unmapped.table4.entry164 00000000400a4403 
g4096_data_unmapped.table4.entry165 00000000400a5403 
g4096_data_unmapped.table4.entry166 00000000400a6403 
g4096_data_unmapped.table4.entry167 00000000400a7403 
g4096_data_unmapped.table4.entry168 00000000400a8403 
g4096_data_unmapped.table4.entry169 00000000400a9403 
g4096_data_unmapped.table4.entry170 00000000400aa403 
g4096_data_unmapped.table4.entry171 00000000400ab403 
g4096_data_unmapped.table4.entry172 00000000400ac403 
g4096_data_unmapped.table4.entry173 00000000400ad403 
g4096_data_unmapped.table4.entry174 00000000400ae403 
g4096_data_unmapped.table4.entry175 00000000400af403 
g4096_data_unmapped.table4.entry176 00000000400b0403 
g4096_data_unmapped.table4.entry177 00000000400b1403 
g4096_data_unmapped.table4.entry178 00000000400b2403 
g4096_data_unmapped.table4.entry179 00000000400b3403 
g4096_data_unmapped.table4.entry180 00000000400b4403 
g4096_data_unmapped.table4.entry181 00000000400b5403 
g4096_data_unmapped.table4.entry182 00000000400b6403 
g4096_data_unmapped.table4.entry183 00000000400b7403 
g4096_data_unmapped.table4.entry184 00000000400b8403 
g4096_data_unmapped.table4.entry185 00000000400b9403 
g4096_data_unmapped.table4.entry186 00000000400ba403 
g4096_data_unmapped.table4.entry187 00000000400bb403 
g4096_data_unmapped.table4.entry188 00000000400bc403 
g4096_data_unmapped.table4.entry189 00000000400bd403 
g4096_data_unmapped.table4.entry190 00000000400be403 
g4096_data_unmapped.table4.entry191 00000000400bf403 
g4096_data_unmapped.table4.entry192 00000000400c0403 
g4096_data_unmapped.table4.entry193 00000000400c1403 
g4096_data_unmapped.table4.entry194 00000000400c2403 
g4096_data_unmapped.table4.entry195 00000000400c3403 
g4096_data_unmapped.table4.entry196 00000000400c4403 
g4096_data_unmapped.table4.entry197 00000000400c5403 
g4096_data_unmapped.table4.entry198 00000000400c6403 
g4096_data_unmapped.table4.entry199 00000000400c7403 
g4096_data_unmapped.table4.entry200 00000000400c8403 
g4096_data_unmapped.table4.entry201 00000000400c9403 
g4096_data_unmapped.table4.entry202 00000000400ca403 
g4096_data_unmapped.table4.entry203 00000000400cb403 
g4096_data_unmapped.table4.entry204 00000000400cc403 
g4096_data_unmapped.table4.entry205 00000000400cd403 
g4096_data_unmapped.table4.entry206 00000000400ce403 
g4096_data_unmapped.table4.entry207 00000000400cf403 
g4096_data_unmapped.table4.entry208 00000000400d0403 
g4096_data_unmapped.table4.entry209 00000000400d1403 
g4096_data_unmapped.table4.entry210 00000000400d2403 
g4096_data_unmapped.table4.entry211 00000000400d3403 
g4096_data_unmapped.table4.entry212 00000000400d4403 
g4096_data_unmapped.table4.entry213 00000000400d5403 
g4096_data_unmapped.table4.entry214 00000000400d6403 
g4096_data_unmapped.table4.entry215 00000000400d7403 
g4096_data_unmapped.table4.entry216 00000000400d8403 
g4096_data_unmapped.table4.entry217 00000000400d9403 
g4096_data_unmapped.table4.entry218 00000000400da403 
g4096_data_unmapped.table4.entry219 00000000400db403 
g4096_data_unmapped.table4.entry220 00000000400dc403 
g4096_data_unmapped.table4.entry221 00000000400dd403 
g4096_data_unmapped.table4.entry222 00000000400de403 
g4096_data_unmapped.table4.entry223 00000000400df403 
g4096_data_unmapped.table4.entry224 00000000400e0403 
g4096_data_unmapped.table4.entry225 00000000400e1403 
g4096_data_unmapped.table4.entry226 00000000400e2403 
g4096_data_unmapped.table4.entry227 00000000400e3403 
g4096_data_unmapped.table4.entry228 00000000400e4403 
g4096_data_unmapped.table4.entry229 00000000400e5403 
g4096_data_unmapped.table4.entry230 00000000400e6403 
g4096_data_unmapped.table4.entry231 00000000400e7403 
g4096_data_unmapped.table4.entry232 00000000400e8403 
g4096_data_unmapped.table4.entry233 00000000400e9403 
g4096_data_unmapped.table4.entry234 00000000400ea403 
g4096_data_unmapped.table4.entry235 00000000400eb403 
g4096_data_unmapped.table4.entry236 00000000400ec403 
g4096_data_unmapped.table4.entry237 00000000400ed403 
g4096_data_unmapped.table4.entry238 00000000400ee403 
g4096_data_unmapped.table4.entry239 00000000400ef403 
g4096_data_unmapped.table4.entry240 00000000400f0403 
g4096_data_unmapped.table4.entry241 00000000400f1403 
g4096_data_unmapped.table4.entry242 00000000400f2403 
g4096_data_unmapped.table4.entry243 00000000400f3403 
g4096_data_unmapped.table4.entry244 00000000400f4403 
g4096_data_unmapped.table4.entry245 00000000400f5403 
g4096_data_unmapped.table4.entry246 00000000400f6403 
g4096_data_unmapped.table4.entry247 00000000400f7403 
g4096_data_unmapped.table4.entry248 00000000400f8403 
g4096_data_unmapped.table4.entry249 00000000400f9403 
g4096_data_unmapped.table4.entry250 00000000400fa403 
g4096_data_unmapped.table4.entry251 00000000400fb403 
g4096_data_unmapped.table4.entry252 00000000400fc403 
g4096_data_unmapped.table4.entry253 00000000400fd403 
g4096_data_unmapped.table4.entry254 00000000400fe403 
g4096_data_unmapped.table4.entry255 00000000400ff403 
g4096_data_unmapped.table4.entry256 0000000040100403 
g4096_data_unmapped.table4.entry257 0000000040101403 
g4096_data_unmapped.table4.entry258 0000000040102403 
g4096_data_unmapped.table4.entry259 0000000040103403 
g4096_data_unmapped.table4.entry260 0000000040104403 
g4096_data_unmapped.table4.entry261 0000000040105403 
g4096_data_unmapped.table4.entry262 0000000040106403 
g4096_data_unmapped.table4.entry263 0000000040107403 
g4096_data_unmapped.table4.entry264 0000000040108403 
g4096_data_unmapped.table4.entry265 0000000040109403 
g4096_data_unmapped.table4.entry266 000000004010a403 
g4096_data_unmapped.table4.entry267 000000004010b403 
g4096_data_unmapped.table4.entry268 000000004010c403 
g4096_data_unmapped.table4.entry269 000000004010d403 
g4096_data_unmapped.table4.entry270 000000004010e403 
g4096_data_unmapped.table4.entry271 000000004010f403 
g4096_data_unmapped.table4.entry272 0000000040110403 
g4096_data_unmapped.table4.entry273 0000000040111403 
g4096_data_unmapped.table4.entry274 0000000040112403 
g4096_data_unmapped.table4.entry275 0000000040113403 
g4096_data_unmapped.table4.entry276 0000000040114403 
g4096_data_unmapped.table4.entry277 0000000040115403 
g4096_data_unmapped.table4.entry278 0000000040116403 
g4096_data_unmapped.table4.entry279 0000000040117403 
g4096_data_unmapped.table4.entry280 0000000040118403 
g4096_data_unmapped.table4.entry281 0000000040120403 
g4096_data_unmapped.table4.entry282 000000004011a403 
g4096_data_unmapped.table4.entry283 000000004011b403 
g4096_data_unmapped.table4.entry284 000000004011c403 
g4096_data_unmapped.table4.entry285 000000004011d403 
g4096_data_unmapped.table4.entry286 000000004011e403 
g4096_data_unmapped.table4.entry287 000000004011f403 
g4096_data_unmapped.table4.entry288 0000000040120403 
g4096_data_unmapped.table4.entry289 0000000040121403 
g4096_data_unmapped.table4.entry290 0000000040122403 
g4096_data_unmapped.table4.entry291 0000000040123403 
g4096_data_unmapped.table4.entry292 0000000040124403 
g4096_data_unmapped.table4.entry293 0000000040125403 
g4096_data_unmapped.table4.entry294 0000000040126403 
g4096_data_unmapped.table4.entry295 0000000040127403 
g4096_data_unmapped.table4.entry296 0000000040128403 
g4096_data_unmapped.table5.base 00000000400ac000 
g4096_data_unmapped 0000000096000007 0000000060000000 0000000040119008 0000000000000001 00000000000003c5 0000000030d00803 0000000040119004 0000000000000000 0000000000000000 0000000000000000 0000000030d00803 00000000400800ac 0000000000000008 
g4096_data_unmapped.data_after0 1122334455667788 
g4096_data_unmapped.data_after1 a5a5a5a5a5a5a5a5 
g16384_success.granule 0000000000004000 
g16384_success.kind 0000000000000000 
g16384_success.entry 000000004011bff8 
g16384_success.isb_pc 000000004011bffc 
g16384_success.code_va 000000004011c000 
g16384_success.code_pa 0000000040120000 
g16384_success.data_va 0000000060000000 
g16384_success.data_pa 0000000040124000 
g16384_success.guard_descriptor 0000000040118403 
g16384_success.code_descriptor 0000000040120403 
g16384_success.data_descriptor 0000000040124403 
g16384_success.msr_word 00000000d5181000 
g16384_success.isb_word 00000000d5033fdf 
g16384_success.seed 1122334455667788 
g16384_success.data_before a5a5a5a5a5a5a5a5 
g16384_success.store_operand 8877665544332211 
g16384_success.ttbr0 0000000040098000 
g16384_success.ttbr1 000000004009c000 
g16384_success.tcr 0000000040118011 
g16384_success.sctlr_before 0000000030d00802 
g16384_success.mair 0000000000000044 
g16384_success.tables_used 0000000000000005 
g16384_success.table0.base 0000000040098000 
g16384_success.table0.entry0 00000000400a0003 
g16384_success.table1.base 000000004009c000 
g16384_success.table2.base 00000000400a0000 
g16384_success.table2.entry32 00000000400a4003 
g16384_success.table2.entry48 00000000400a8003 
g16384_success.table3.base 00000000400a4000 
g16384_success.table3.entry0 0000000040000403 
g16384_success.table3.entry1 0000000040004403 
g16384_success.table3.entry2 0000000040008403 
g16384_success.table3.entry3 000000004000c403 
g16384_success.table3.entry4 0000000040010403 
g16384_success.table3.entry5 0000000040014403 
g16384_success.table3.entry6 0000000040018403 
g16384_success.table3.entry7 000000004001c403 
g16384_success.table3.entry8 0000000040020403 
g16384_success.table3.entry9 0000000040024403 
g16384_success.table3.entry10 0000000040028403 
g16384_success.table3.entry11 000000004002c403 
g16384_success.table3.entry12 0000000040030403 
g16384_success.table3.entry13 0000000040034403 
g16384_success.table3.entry14 0000000040038403 
g16384_success.table3.entry15 000000004003c403 
g16384_success.table3.entry16 0000000040040403 
g16384_success.table3.entry17 0000000040044403 
g16384_success.table3.entry18 0000000040048403 
g16384_success.table3.entry19 000000004004c403 
g16384_success.table3.entry20 0000000040050403 
g16384_success.table3.entry21 0000000040054403 
g16384_success.table3.entry22 0000000040058403 
g16384_success.table3.entry23 000000004005c403 
g16384_success.table3.entry24 0000000040060403 
g16384_success.table3.entry25 0000000040064403 
g16384_success.table3.entry26 0000000040068403 
g16384_success.table3.entry27 000000004006c403 
g16384_success.table3.entry28 0000000040070403 
g16384_success.table3.entry29 0000000040074403 
g16384_success.table3.entry30 0000000040078403 
g16384_success.table3.entry31 000000004007c403 
g16384_success.table3.entry32 0000000040080403 
g16384_success.table3.entry33 0000000040084403 
g16384_success.table3.entry34 0000000040088403 
g16384_success.table3.entry35 000000004008c403 
g16384_success.table3.entry36 0000000040090403 
g16384_success.table3.entry37 0000000040094403 
g16384_success.table3.entry38 0000000040098403 
g16384_success.table3.entry39 000000004009c403 
g16384_success.table3.entry40 00000000400a0403 
g16384_success.table3.entry41 00000000400a4403 
g16384_success.table3.entry42 00000000400a8403 
g16384_success.table3.entry43 00000000400ac403 
g16384_success.table3.entry44 00000000400b0403 
g16384_success.table3.entry45 00000000400b4403 
g16384_success.table3.entry46 00000000400b8403 
g16384_success.table3.entry47 00000000400bc403 
g16384_success.table3.entry48 00000000400c0403 
g16384_success.table3.entry49 00000000400c4403 
g16384_success.table3.entry50 00000000400c8403 
g16384_success.table3.entry51 00000000400cc403 
g16384_success.table3.entry52 00000000400d0403 
g16384_success.table3.entry53 00000000400d4403 
g16384_success.table3.entry54 00000000400d8403 
g16384_success.table3.entry55 00000000400dc403 
g16384_success.table3.entry56 00000000400e0403 
g16384_success.table3.entry57 00000000400e4403 
g16384_success.table3.entry58 00000000400e8403 
g16384_success.table3.entry59 00000000400ec403 
g16384_success.table3.entry60 00000000400f0403 
g16384_success.table3.entry61 00000000400f4403 
g16384_success.table3.entry62 00000000400f8403 
g16384_success.table3.entry63 00000000400fc403 
g16384_success.table3.entry64 0000000040100403 
g16384_success.table3.entry65 0000000040104403 
g16384_success.table3.entry66 0000000040108403 
g16384_success.table3.entry67 000000004010c403 
g16384_success.table3.entry68 0000000040110403 
g16384_success.table3.entry69 0000000040114403 
g16384_success.table3.entry70 0000000040118403 
g16384_success.table3.entry71 0000000040120403 
g16384_success.table3.entry72 0000000040120403 
g16384_success.table3.entry73 0000000040124403 
g16384_success.table3.entry74 0000000040128403 
g16384_success.table4.base 00000000400a8000 
g16384_success.table4.entry0 0000000040124403 
g16384_success 0000000000000000 0000000000000000 0000000000000000 0000000000000000 00000000000003c5 0000000030d00803 000000004011c004 1122334455667788 8877665544332211 0000000000000034 0000000030d00803 000000004011c02c 0000000000000008 
g16384_success.data_after0 1122334455667788 
g16384_success.data_after1 8877665544332211 
g16384_fetch_unmapped.granule 0000000000004000 
g16384_fetch_unmapped.kind 0000000000000001 
g16384_fetch_unmapped.entry 000000004011bff8 
g16384_fetch_unmapped.isb_pc 000000004011bffc 
g16384_fetch_unmapped.code_va 000000004011c000 
g16384_fetch_unmapped.code_pa 0000000040120000 
g16384_fetch_unmapped.data_va 0000000060000000 
g16384_fetch_unmapped.data_pa 0000000040124000 
g16384_fetch_unmapped.guard_descriptor 0000000040118403 
g16384_fetch_unmapped.code_descriptor 0000000000000000 
g16384_fetch_unmapped.data_descriptor 0000000040124403 
g16384_fetch_unmapped.msr_word 00000000d5181000 
g16384_fetch_unmapped.isb_word 00000000d5033fdf 
g16384_fetch_unmapped.seed 1122334455667788 
g16384_fetch_unmapped.data_before a5a5a5a5a5a5a5a5 
g16384_fetch_unmapped.store_operand 8877665544332211 
g16384_fetch_unmapped.ttbr0 0000000040098000 
g16384_fetch_unmapped.ttbr1 000000004009c000 
g16384_fetch_unmapped.tcr 0000000040118011 
g16384_fetch_unmapped.sctlr_before 0000000030d00802 
g16384_fetch_unmapped.mair 0000000000000044 
g16384_fetch_unmapped.tables_used 0000000000000005 
g16384_fetch_unmapped.table0.base 0000000040098000 
g16384_fetch_unmapped.table0.entry0 00000000400a0003 
g16384_fetch_unmapped.table1.base 000000004009c000 
g16384_fetch_unmapped.table2.base 00000000400a0000 
g16384_fetch_unmapped.table2.entry32 00000000400a4003 
g16384_fetch_unmapped.table2.entry48 00000000400a8003 
g16384_fetch_unmapped.table3.base 00000000400a4000 
g16384_fetch_unmapped.table3.entry0 0000000040000403 
g16384_fetch_unmapped.table3.entry1 0000000040004403 
g16384_fetch_unmapped.table3.entry2 0000000040008403 
g16384_fetch_unmapped.table3.entry3 000000004000c403 
g16384_fetch_unmapped.table3.entry4 0000000040010403 
g16384_fetch_unmapped.table3.entry5 0000000040014403 
g16384_fetch_unmapped.table3.entry6 0000000040018403 
g16384_fetch_unmapped.table3.entry7 000000004001c403 
g16384_fetch_unmapped.table3.entry8 0000000040020403 
g16384_fetch_unmapped.table3.entry9 0000000040024403 
g16384_fetch_unmapped.table3.entry10 0000000040028403 
g16384_fetch_unmapped.table3.entry11 000000004002c403 
g16384_fetch_unmapped.table3.entry12 0000000040030403 
g16384_fetch_unmapped.table3.entry13 0000000040034403 
g16384_fetch_unmapped.table3.entry14 0000000040038403 
g16384_fetch_unmapped.table3.entry15 000000004003c403 
g16384_fetch_unmapped.table3.entry16 0000000040040403 
g16384_fetch_unmapped.table3.entry17 0000000040044403 
g16384_fetch_unmapped.table3.entry18 0000000040048403 
g16384_fetch_unmapped.table3.entry19 000000004004c403 
g16384_fetch_unmapped.table3.entry20 0000000040050403 
g16384_fetch_unmapped.table3.entry21 0000000040054403 
g16384_fetch_unmapped.table3.entry22 0000000040058403 
g16384_fetch_unmapped.table3.entry23 000000004005c403 
g16384_fetch_unmapped.table3.entry24 0000000040060403 
g16384_fetch_unmapped.table3.entry25 0000000040064403 
g16384_fetch_unmapped.table3.entry26 0000000040068403 
g16384_fetch_unmapped.table3.entry27 000000004006c403 
g16384_fetch_unmapped.table3.entry28 0000000040070403 
g16384_fetch_unmapped.table3.entry29 0000000040074403 
g16384_fetch_unmapped.table3.entry30 0000000040078403 
g16384_fetch_unmapped.table3.entry31 000000004007c403 
g16384_fetch_unmapped.table3.entry32 0000000040080403 
g16384_fetch_unmapped.table3.entry33 0000000040084403 
g16384_fetch_unmapped.table3.entry34 0000000040088403 
g16384_fetch_unmapped.table3.entry35 000000004008c403 
g16384_fetch_unmapped.table3.entry36 0000000040090403 
g16384_fetch_unmapped.table3.entry37 0000000040094403 
g16384_fetch_unmapped.table3.entry38 0000000040098403 
g16384_fetch_unmapped.table3.entry39 000000004009c403 
g16384_fetch_unmapped.table3.entry40 00000000400a0403 
g16384_fetch_unmapped.table3.entry41 00000000400a4403 
g16384_fetch_unmapped.table3.entry42 00000000400a8403 
g16384_fetch_unmapped.table3.entry43 00000000400ac403 
g16384_fetch_unmapped.table3.entry44 00000000400b0403 
g16384_fetch_unmapped.table3.entry45 00000000400b4403 
g16384_fetch_unmapped.table3.entry46 00000000400b8403 
g16384_fetch_unmapped.table3.entry47 00000000400bc403 
g16384_fetch_unmapped.table3.entry48 00000000400c0403 
g16384_fetch_unmapped.table3.entry49 00000000400c4403 
g16384_fetch_unmapped.table3.entry50 00000000400c8403 
g16384_fetch_unmapped.table3.entry51 00000000400cc403 
g16384_fetch_unmapped.table3.entry52 00000000400d0403 
g16384_fetch_unmapped.table3.entry53 00000000400d4403 
g16384_fetch_unmapped.table3.entry54 00000000400d8403 
g16384_fetch_unmapped.table3.entry55 00000000400dc403 
g16384_fetch_unmapped.table3.entry56 00000000400e0403 
g16384_fetch_unmapped.table3.entry57 00000000400e4403 
g16384_fetch_unmapped.table3.entry58 00000000400e8403 
g16384_fetch_unmapped.table3.entry59 00000000400ec403 
g16384_fetch_unmapped.table3.entry60 00000000400f0403 
g16384_fetch_unmapped.table3.entry61 00000000400f4403 
g16384_fetch_unmapped.table3.entry62 00000000400f8403 
g16384_fetch_unmapped.table3.entry63 00000000400fc403 
g16384_fetch_unmapped.table3.entry64 0000000040100403 
g16384_fetch_unmapped.table3.entry65 0000000040104403 
g16384_fetch_unmapped.table3.entry66 0000000040108403 
g16384_fetch_unmapped.table3.entry67 000000004010c403 
g16384_fetch_unmapped.table3.entry68 0000000040110403 
g16384_fetch_unmapped.table3.entry69 0000000040114403 
g16384_fetch_unmapped.table3.entry70 0000000040118403 
g16384_fetch_unmapped.table3.entry72 0000000040120403 
g16384_fetch_unmapped.table3.entry73 0000000040124403 
g16384_fetch_unmapped.table3.entry74 0000000040128403 
g16384_fetch_unmapped.table4.base 00000000400a8000 
g16384_fetch_unmapped.table4.entry0 0000000040124403 
g16384_fetch_unmapped 0000000086000007 000000004011c000 000000004011c000 0000000000000001 00000000000003c5 0000000000000000 0000000000000000 0000000000000000 0000000000000000 0000000000000000 0000000030d00803 00000000400800ac 0000000000000008 
g16384_fetch_unmapped.data_after0 1122334455667788 
g16384_fetch_unmapped.data_after1 a5a5a5a5a5a5a5a5 
g16384_data_unmapped.granule 0000000000004000 
g16384_data_unmapped.kind 0000000000000002 
g16384_data_unmapped.entry 000000004011bff8 
g16384_data_unmapped.isb_pc 000000004011bffc 
g16384_data_unmapped.code_va 000000004011c000 
g16384_data_unmapped.code_pa 0000000040120000 
g16384_data_unmapped.data_va 0000000060000000 
g16384_data_unmapped.data_pa 0000000040124000 
g16384_data_unmapped.guard_descriptor 0000000040118403 
g16384_data_unmapped.code_descriptor 0000000040120403 
g16384_data_unmapped.data_descriptor 0000000000000000 
g16384_data_unmapped.msr_word 00000000d5181000 
g16384_data_unmapped.isb_word 00000000d5033fdf 
g16384_data_unmapped.seed 1122334455667788 
g16384_data_unmapped.data_before a5a5a5a5a5a5a5a5 
g16384_data_unmapped.store_operand 8877665544332211 
g16384_data_unmapped.ttbr0 0000000040098000 
g16384_data_unmapped.ttbr1 000000004009c000 
g16384_data_unmapped.tcr 0000000040118011 
g16384_data_unmapped.sctlr_before 0000000030d00802 
g16384_data_unmapped.mair 0000000000000044 
g16384_data_unmapped.tables_used 0000000000000005 
g16384_data_unmapped.table0.base 0000000040098000 
g16384_data_unmapped.table0.entry0 00000000400a0003 
g16384_data_unmapped.table1.base 000000004009c000 
g16384_data_unmapped.table2.base 00000000400a0000 
g16384_data_unmapped.table2.entry32 00000000400a4003 
g16384_data_unmapped.table2.entry48 00000000400a8003 
g16384_data_unmapped.table3.base 00000000400a4000 
g16384_data_unmapped.table3.entry0 0000000040000403 
g16384_data_unmapped.table3.entry1 0000000040004403 
g16384_data_unmapped.table3.entry2 0000000040008403 
g16384_data_unmapped.table3.entry3 000000004000c403 
g16384_data_unmapped.table3.entry4 0000000040010403 
g16384_data_unmapped.table3.entry5 0000000040014403 
g16384_data_unmapped.table3.entry6 0000000040018403 
g16384_data_unmapped.table3.entry7 000000004001c403 
g16384_data_unmapped.table3.entry8 0000000040020403 
g16384_data_unmapped.table3.entry9 0000000040024403 
g16384_data_unmapped.table3.entry10 0000000040028403 
g16384_data_unmapped.table3.entry11 000000004002c403 
g16384_data_unmapped.table3.entry12 0000000040030403 
g16384_data_unmapped.table3.entry13 0000000040034403 
g16384_data_unmapped.table3.entry14 0000000040038403 
g16384_data_unmapped.table3.entry15 000000004003c403 
g16384_data_unmapped.table3.entry16 0000000040040403 
g16384_data_unmapped.table3.entry17 0000000040044403 
g16384_data_unmapped.table3.entry18 0000000040048403 
g16384_data_unmapped.table3.entry19 000000004004c403 
g16384_data_unmapped.table3.entry20 0000000040050403 
g16384_data_unmapped.table3.entry21 0000000040054403 
g16384_data_unmapped.table3.entry22 0000000040058403 
g16384_data_unmapped.table3.entry23 000000004005c403 
g16384_data_unmapped.table3.entry24 0000000040060403 
g16384_data_unmapped.table3.entry25 0000000040064403 
g16384_data_unmapped.table3.entry26 0000000040068403 
g16384_data_unmapped.table3.entry27 000000004006c403 
g16384_data_unmapped.table3.entry28 0000000040070403 
g16384_data_unmapped.table3.entry29 0000000040074403 
g16384_data_unmapped.table3.entry30 0000000040078403 
g16384_data_unmapped.table3.entry31 000000004007c403 
g16384_data_unmapped.table3.entry32 0000000040080403 
g16384_data_unmapped.table3.entry33 0000000040084403 
g16384_data_unmapped.table3.entry34 0000000040088403 
g16384_data_unmapped.table3.entry35 000000004008c403 
g16384_data_unmapped.table3.entry36 0000000040090403 
g16384_data_unmapped.table3.entry37 0000000040094403 
g16384_data_unmapped.table3.entry38 0000000040098403 
g16384_data_unmapped.table3.entry39 000000004009c403 
g16384_data_unmapped.table3.entry40 00000000400a0403 
g16384_data_unmapped.table3.entry41 00000000400a4403 
g16384_data_unmapped.table3.entry42 00000000400a8403 
g16384_data_unmapped.table3.entry43 00000000400ac403 
g16384_data_unmapped.table3.entry44 00000000400b0403 
g16384_data_unmapped.table3.entry45 00000000400b4403 
g16384_data_unmapped.table3.entry46 00000000400b8403 
g16384_data_unmapped.table3.entry47 00000000400bc403 
g16384_data_unmapped.table3.entry48 00000000400c0403 
g16384_data_unmapped.table3.entry49 00000000400c4403 
g16384_data_unmapped.table3.entry50 00000000400c8403 
g16384_data_unmapped.table3.entry51 00000000400cc403 
g16384_data_unmapped.table3.entry52 00000000400d0403 
g16384_data_unmapped.table3.entry53 00000000400d4403 
g16384_data_unmapped.table3.entry54 00000000400d8403 
g16384_data_unmapped.table3.entry55 00000000400dc403 
g16384_data_unmapped.table3.entry56 00000000400e0403 
g16384_data_unmapped.table3.entry57 00000000400e4403 
g16384_data_unmapped.table3.entry58 00000000400e8403 
g16384_data_unmapped.table3.entry59 00000000400ec403 
g16384_data_unmapped.table3.entry60 00000000400f0403 
g16384_data_unmapped.table3.entry61 00000000400f4403 
g16384_data_unmapped.table3.entry62 00000000400f8403 
g16384_data_unmapped.table3.entry63 00000000400fc403 
g16384_data_unmapped.table3.entry64 0000000040100403 
g16384_data_unmapped.table3.entry65 0000000040104403 
g16384_data_unmapped.table3.entry66 0000000040108403 
g16384_data_unmapped.table3.entry67 000000004010c403 
g16384_data_unmapped.table3.entry68 0000000040110403 
g16384_data_unmapped.table3.entry69 0000000040114403 
g16384_data_unmapped.table3.entry70 0000000040118403 
g16384_data_unmapped.table3.entry71 0000000040120403 
g16384_data_unmapped.table3.entry72 0000000040120403 
g16384_data_unmapped.table3.entry73 0000000040124403 
g16384_data_unmapped.table3.entry74 0000000040128403 
g16384_data_unmapped.table4.base 00000000400a8000 
g16384_data_unmapped 0000000096000007 0000000060000000 000000004011c008 0000000000000001 00000000000003c5 0000000030d00803 000000004011c004 0000000000000000 0000000000000000 0000000000000000 0000000030d00803 00000000400800ac 0000000000000008 
g16384_data_unmapped.data_after0 1122334455667788 
g16384_data_unmapped.data_after1 a5a5a5a5a5a5a5a5 
