[2J[01;01H[=3h[2J[01;01H[2J[01;01H[=3h[2J[01;01H[2J[01;01H[=3h[2J[01;01HBdsDxe: loading Boot0001 "UEFI QEMU HARDDISK QM00001 " from PciRoot(0x0)/Pci(0x1F,0x2)/Sata(0x0,0xFFFF,0x0)
BdsDxe: starting Boot0001 "UEFI QEMU HARDDISK QM00001 " from PciRoot(0x0)/Pci(0x1F,0x2)/Sata(0x0,0xFFFF,0x0)
NXARMJIT: EFI_ENTRY host=x86_64 guest=arm64
NXARMJIT: EFI_ENTRY host=x86_64 guest=arm64
NXARMJIT: CONFIG_PARSED
NXARMJIT: KC_VALIDATED subtype=0x0 arena=49152
NXARMJIT: TRACE_TIERED_DIAGNOSTIC maximum=4096
NXARMJIT: TRACE_DEEP_DIAGNOSTIC_BUILD maximum=16384
NXARMJIT: TRACE_LONG_DIAGNOSTIC_BUILD maximum=65536
NXARMJIT: TRACE_INITIALIZATION_DIAGNOSTIC_BUILD maximum=67108864
NXARMJIT: TRACE_INITIALIZATION_DIAGNOSTIC_SELECTED tier=67108864
NXARMJIT: TRACE_DT_CHECKED templates=0 platform_complete=false
NXARMJIT: TRACE_STAGING_VERIFIED source_unchanged=true
NXARMJIT: TRACE_HANDOFF_UNPROVISIONED abi=unprovisioned-sptm-prefix sptm_args=false sptm_services=false platform_device_tree=false
NXARMJIT: TRACE_PLATFORM_PROFILE name=nextcore-irq-compat-v1 reset_origin=software_defined initial_override=0x0 initial_pstate=0x3c5 irq=0 fiq=0
NXARMJIT: TRACE_ENTER entry=0x42004400 x0=0 x1=0x4200c000 x2=0 x3=0 budget=67108864
NXARMJIT: TRACE_MEMORY_PROVIDER abi=1 mode=m0-only
NXARMJIT: TRACE_MEMORY_OBSERVATION total=67108864 retained=64
NXARMJIT: TRACE_MEMORY_REQUEST sequence=67108801 operation=1 pc=0x42004430 address=0x42004430 width=4 count=1 result=0
NXARMJIT: TRACE_MEMORY_REQUEST sequence=67108802 operation=1 pc=0x42004430 address=0x42004430 width=4 count=1 result=0
NXARMJIT: TRACE_MEMORY_REQUEST sequence=67108803 operation=1 pc=0x42004430 address=0x42004430 width=4 count=1 result=0
NXARMJIT: TRACE_MEMORY_REQUEST sequence=67108804 operation=1 pc=0x42004430 address=0x42004430 width=4 count=1 result=0
NXARMJIT: TRACE_MEMORY_REQUEST sequence=67108805 operation=1 pc=0x42004430 address=0x42004430 width=4 count=1 result=0
NXARMJIT: TRACE_MEMORY_REQUEST sequence=67108806 operation=1 pc=0x42004430 address=0x42004430 width=4 count=1 result=0
NXARMJIT: TRACE_MEMORY_REQUEST sequence=67108807 operation=1 pc=0x42004430 address=0x42004430 width=4 count=1 result=0
NXARMJIT: TRACE_MEMORY_REQUEST sequence=67108808 operation=1 pc=0x42004430 address=0x42004430 width=4 count=1 result=0
NXARMJIT: TRACE_MEMORY_REQUEST sequence=67108809 operation=1 pc=0x42004430 address=0x42004430 width=4 count=1 result=0
NXARMJIT: TRACE_MEMORY_REQUEST sequence=67108810 operation=1 pc=0x42004430 address=0x42004430 width=4 count=1 result=0
NXARMJIT: TRACE_MEMORY_REQUEST sequence=67108811 operation=1 pc=0x42004430 address=0x42004430 width=4 count=1 result=0
NXARMJIT: TRACE_MEMORY_REQUEST sequence=67108812 operation=1 pc=0x42004430 address=0x42004430 width=4 count=1 result=0
NXARMJIT: TRACE_MEMORY_REQUEST sequence=67108813 operation=1 pc=0x42004430 address=0x42004430 width=4 count=1 result=0
NXARMJIT: TRACE_MEMORY_REQUEST sequence=67108814 operation=1 pc=0x42004430 address=0x42004430 width=4 count=1 result=0
NXARMJIT: TRACE_MEMORY_REQUEST sequence=67108815 operation=1 pc=0x42004430 address=0x42004430 width=4 count=1 result=0
NXARMJIT: TRACE_MEMORY_REQUEST sequence=67108816 operation=1 pc=0x42004430 address=0x42004430 width=4 count=1 result=0
NXARMJIT: TRACE_MEMORY_REQUEST sequence=67108817 operation=1 pc=0x42004430 address=0x42004430 width=4 count=1 result=0
NXARMJIT: TRACE_MEMORY_REQUEST sequence=67108818 operation=1 pc=0x42004430 address=0x42004430 width=4 count=1 result=0
NXARMJIT: TRACE_MEMORY_REQUEST sequence=67108819 operation=1 pc=0x42004430 address=0x42004430 width=4 count=1 result=0
NXARMJIT: TRACE_MEMORY_REQUEST sequence=67108820 operation=1 pc=0x42004430 address=0x42004430 width=4 count=1 result=0
NXARMJIT: TRACE_MEMORY_REQUEST sequence=67108821 operation=1 pc=0x42004430 address=0x42004430 width=4 count=1 result=0
NXARMJIT: TRACE_MEMORY_REQUEST sequence=67108822 operation=1 pc=0x42004430 address=0x42004430 width=4 count=1 result=0
NXARMJIT: TRACE_MEMORY_REQUEST sequence=67108823 operation=1 pc=0x42004430 address=0x42004430 width=4 count=1 result=0
NXARMJIT: TRACE_MEMORY_REQUEST sequence=67108824 operation=1 pc=0x42004430 address=0x42004430 width=4 count=1 result=0
NXARMJIT: TRACE_MEMORY_REQUEST sequence=67108825 operation=1 pc=0x42004430 address=0x42004430 width=4 count=1 result=0
NXARMJIT: TRACE_MEMORY_REQUEST sequence=67108826 operation=1 pc=0x42004430 address=0x42004430 width=4 count=1 result=0
NXARMJIT: TRACE_MEMORY_REQUEST sequence=67108827 operation=1 pc=0x42004430 address=0x42004430 width=4 count=1 result=0
NXARMJIT: TRACE_MEMORY_REQUEST sequence=67108828 operation=1 pc=0x42004430 address=0x42004430 width=4 count=1 result=0
NXARMJIT: TRACE_MEMORY_REQUEST sequence=67108829 operation=1 pc=0x42004430 address=0x42004430 width=4 count=1 result=0
NXARMJIT: TRACE_MEMORY_REQUEST sequence=67108830 operation=1 pc=0x42004430 address=0x42004430 width=4 count=1 result=0
NXARMJIT: TRACE_MEMORY_REQUEST sequence=67108831 operation=1 pc=0x42004430 address=0x42004430 width=4 count=1 result=0
NXARMJIT: TRACE_MEMORY_REQUEST sequence=67108832 operation=1 pc=0x42004430 address=0x42004430 width=4 count=1 result=0
NXARMJIT: TRACE_MEMORY_REQUEST sequence=67108833 operation=1 pc=0x42004430 address=0x42004430 width=4 count=1 result=0
NXARMJIT: TRACE_MEMORY_REQUEST sequence=67108834 operation=1 pc=0x42004430 address=0x42004430 width=4 count=1 result=0
NXARMJIT: TRACE_MEMORY_REQUEST sequence=67108835 operation=1 pc=0x42004430 address=0x42004430 width=4 count=1 result=0
NXARMJIT: TRACE_MEMORY_REQUEST sequence=67108836 operation=1 pc=0x42004430 address=0x42004430 width=4 count=1 result=0
NXARMJIT: TRACE_MEMORY_REQUEST sequence=67108837 operation=1 pc=0x42004430 address=0x42004430 width=4 count=1 result=0
NXARMJIT: TRACE_MEMORY_REQUEST sequence=67108838 operation=1 pc=0x42004430 address=0x42004430 width=4 count=1 result=0
NXARMJIT: TRACE_MEMORY_REQUEST sequence=67108839 operation=1 pc=0x42004430 address=0x42004430 width=4 count=1 result=0
NXARMJIT: TRACE_MEMORY_REQUEST sequence=67108840 operation=1 pc=0x42004430 address=0x42004430 width=4 count=1 result=0
NXARMJIT: TRACE_MEMORY_REQUEST sequence=67108841 operation=1 pc=0x42004430 address=0x42004430 width=4 count=1 result=0
NXARMJIT: TRACE_MEMORY_REQUEST sequence=67108842 operation=1 pc=0x42004430 address=0x42004430 width=4 count=1 result=0
NXARMJIT: TRACE_MEMORY_REQUEST sequence=67108843 operation=1 pc=0x42004430 address=0x42004430 width=4 count=1 result=0
NXARMJIT: TRACE_MEMORY_REQUEST sequence=67108844 operation=1 pc=0x42004430 address=0x42004430 width=4 count=1 result=0
NXARMJIT: TRACE_MEMORY_REQUEST sequence=67108845 operation=1 pc=0x42004430 address=0x42004430 width=4 count=1 result=0
NXARMJIT: TRACE_MEMORY_REQUEST sequence=67108846 operation=1 pc=0x42004430 address=0x42004430 width=4 count=1 result=0
NXARMJIT: TRACE_MEMORY_REQUEST sequence=67108847 operation=1 pc=0x42004430 address=0x42004430 width=4 count=1 result=0
NXARMJIT: TRACE_MEMORY_REQUEST sequence=67108848 operation=1 pc=0x42004430 address=0x42004430 width=4 count=1 result=0
NXARMJIT: TRACE_MEMORY_REQUEST sequence=67108849 operation=1 pc=0x42004430 address=0x42004430 width=4 count=1 result=0
NXARMJIT: TRACE_MEMORY_REQUEST sequence=67108850 operation=1 pc=0x42004430 address=0x42004430 width=4 count=1 result=0
NXARMJIT: TRACE_MEMORY_REQUEST sequence=67108851 operation=1 pc=0x42004430 address=0x42004430 width=4 count=1 result=0
NXARMJIT: TRACE_MEMORY_REQUEST sequence=67108852 operation=1 pc=0x42004430 address=0x42004430 width=4 count=1 result=0
NXARMJIT: TRACE_MEMORY_REQUEST sequence=67108853 operation=1 pc=0x42004430 address=0x42004430 width=4 count=1 result=0
NXARMJIT: TRACE_MEMORY_REQUEST sequence=67108854 operation=1 pc=0x42004430 address=0x42004430 width=4 count=1 result=0
NXARMJIT: TRACE_MEMORY_REQUEST sequence=67108855 operation=1 pc=0x42004430 address=0x42004430 width=4 count=1 result=0
NXARMJIT: TRACE_MEMORY_REQUEST sequence=67108856 operation=1 pc=0x42004430 address=0x42004430 width=4 count=1 result=0
NXARMJIT: TRACE_MEMORY_REQUEST sequence=67108857 operation=1 pc=0x42004430 address=0x42004430 width=4 count=1 result=0
NXARMJIT: TRACE_MEMORY_REQUEST sequence=67108858 operation=1 pc=0x42004430 address=0x42004430 width=4 count=1 result=0
NXARMJIT: TRACE_MEMORY_REQUEST sequence=67108859 operation=1 pc=0x42004430 address=0x42004430 width=4 count=1 result=0
NXARMJIT: TRACE_MEMORY_REQUEST sequence=67108860 operation=1 pc=0x42004430 address=0x42004430 width=4 count=1 result=0
NXARMJIT: TRACE_MEMORY_REQUEST sequence=67108861 operation=1 pc=0x42004430 address=0x42004430 width=4 count=1 result=0
NXARMJIT: TRACE_MEMORY_REQUEST sequence=67108862 operation=1 pc=0x42004430 address=0x42004430 width=4 count=1 result=0
NXARMJIT: TRACE_MEMORY_REQUEST sequence=67108863 operation=1 pc=0x42004430 address=0x42004430 width=4 count=1 result=0
NXARMJIT: TRACE_MEMORY_REQUEST sequence=67108864 operation=1 pc=0x42004430 address=0x42004430 width=4 count=1 result=0
NXARMJIT: TRACE_PROTECTION_CALLS writable=14 executable=13 failures=0 includes_restore=true
NXARMJIT: TRACE_RETURN status=5 retired=67108864 pc=0x42004430 blocks=67108864 instruction=0x0
NXARMJIT: TRACE_REGISTERS x0=0x3412 x1=0x4200c000 x2=0x34f00f x3=0xcd00
NXARMJIT: TRACE_PLATFORM_STATE profile=1 override=0x0 pending=0 pstate=0x600003c5 sp=0x42024000
NXARMJIT: TRACE_EXCEPTION_STATE elr=0x0 spsr=0x0 vector=0x0 esr=0x0 handler_executed=false
NXARMJIT: TRACE_MEMORY_RESULT abi=1 provider_status=0 guest_far=0x0 last_address=0x42004430 fetch_requests=67108864 data_requests=0 completed_data_operations=0
NXARMJIT: TRACE_ONLY macos_boot_verified=false metal_verified=false
NXARMJIT: ERROR status=ABORTED
