[2J[01;01H[=3h[2J[01;01H[2J[01;01H[=3h[2J[01;01H[2J[01;01H[=3h[2J[01;01HBdsDxe: loading Boot0001 "UEFI QEMU HARDDISK QM00001 " from PciRoot(0x0)/Pci(0x1F,0x2)/Sata(0x0,0xFFFF,0x0)
BdsDxe: starting Boot0001 "UEFI QEMU HARDDISK QM00001 " from PciRoot(0x0)/Pci(0x1F,0x2)/Sata(0x0,0xFFFF,0x0)
NXARMJIT: EFI_ENTRY host=x86_64 guest=arm64
NXARMJIT: EFI_ENTRY host=x86_64 guest=arm64
NXARMJIT: CONFIG_PARSED
NXARMJIT: KC_VALIDATED subtype=0x0 arena=49152
NXARMJIT: TRACE_TIERED_DIAGNOSTIC maximum=4096
NXARMJIT: TRACE_DEEP_DIAGNOSTIC_BUILD maximum=16384
NXARMJIT: TRACE_DT_CHECKED templates=0 platform_complete=false
NXARMJIT: TRACE_VIDEO_READY width=1280 height=800 base=0x42024000 row_bytes=5120 bytes=4096000
NXARMJIT: TRACE_STAGING_VERIFIED source_unchanged=true
NXARMJIT: TRACE_HANDOFF_UNPROVISIONED abi=unprovisioned-sptm-prefix sptm_args=false sptm_services=false platform_device_tree=false
NXARMJIT: TRACE_PLATFORM_PROFILE name=nextcore-irq-compat-v1 reset_origin=software_defined initial_override=0x0 initial_pstate=0x3c5 irq=0 fiq=0
NXARMJIT: TRACE_ENTER entry=0x42004400 x0=0 x1=0x4200c000 x2=0 x3=0 budget=64
NXARMJIT: TRACE_MEMORY_PROVIDER abi=1 mode=m0-only
NXARMJIT: TRACE_MEMORY_OBSERVATION total=73 retained=64
NXARMJIT: TRACE_MEMORY_REQUEST sequence=10 operation=1 pc=0x42004414 address=0x42004414 width=4 count=1 result=0
NXARMJIT: TRACE_MEMORY_REQUEST sequence=11 operation=2 pc=0x42004414 address=0x4200c050 width=8 count=1 result=0
NXARMJIT: TRACE_MEMORY_REQUEST sequence=12 operation=1 pc=0x42004418 address=0x42004418 width=4 count=1 result=0
NXARMJIT: TRACE_MEMORY_REQUEST sequence=13 operation=2 pc=0x42004418 address=0x4200c030 width=8 count=1 result=0
NXARMJIT: TRACE_MEMORY_REQUEST sequence=14 operation=1 pc=0x4200441c address=0x4200441c width=4 count=1 result=0
NXARMJIT: TRACE_MEMORY_REQUEST sequence=15 operation=2 pc=0x4200441c address=0x4200c020 width=8 count=1 result=0
NXARMJIT: TRACE_MEMORY_REQUEST sequence=16 operation=1 pc=0x42004420 address=0x42004420 width=4 count=1 result=0
NXARMJIT: TRACE_MEMORY_REQUEST sequence=17 operation=1 pc=0x42004424 address=0x42004424 width=4 count=1 result=0
NXARMJIT: TRACE_MEMORY_REQUEST sequence=18 operation=1 pc=0x42004428 address=0x42004428 width=4 count=1 result=0
NXARMJIT: TRACE_MEMORY_REQUEST sequence=19 operation=1 pc=0x4200442c address=0x4200442c width=4 count=1 result=0
NXARMJIT: TRACE_MEMORY_REQUEST sequence=20 operation=1 pc=0x42004430 address=0x42004430 width=4 count=1 result=0
NXARMJIT: TRACE_MEMORY_REQUEST sequence=21 operation=1 pc=0x42004434 address=0x42004434 width=4 count=1 result=0
NXARMJIT: TRACE_MEMORY_REQUEST sequence=22 operation=1 pc=0x42004438 address=0x42004438 width=4 count=1 result=0
NXARMJIT: TRACE_MEMORY_REQUEST sequence=23 operation=1 pc=0x4200443c address=0x4200443c width=4 count=1 result=0
NXARMJIT: TRACE_MEMORY_REQUEST sequence=24 operation=1 pc=0x42004440 address=0x42004440 width=4 count=1 result=0
NXARMJIT: TRACE_MEMORY_REQUEST sequence=25 operation=1 pc=0x42004444 address=0x42004444 width=4 count=1 result=0
NXARMJIT: TRACE_MEMORY_REQUEST sequence=26 operation=1 pc=0x42004448 address=0x42004448 width=4 count=1 result=0
NXARMJIT: TRACE_MEMORY_REQUEST sequence=27 operation=1 pc=0x4200444c address=0x4200444c width=4 count=1 result=0
NXARMJIT: TRACE_MEMORY_REQUEST sequence=28 operation=1 pc=0x42004450 address=0x42004450 width=4 count=1 result=0
NXARMJIT: TRACE_MEMORY_REQUEST sequence=29 operation=1 pc=0x42004454 address=0x42004454 width=4 count=1 result=0
NXARMJIT: TRACE_MEMORY_REQUEST sequence=30 operation=1 pc=0x42004458 address=0x42004458 width=4 count=1 result=0
NXARMJIT: TRACE_MEMORY_REQUEST sequence=31 operation=3 pc=0x42004458 address=0x42024000 width=4 count=1 result=0
NXARMJIT: TRACE_MEMORY_REQUEST sequence=32 operation=1 pc=0x4200445c address=0x4200445c width=4 count=1 result=0
NXARMJIT: TRACE_MEMORY_REQUEST sequence=33 operation=1 pc=0x42004460 address=0x42004460 width=4 count=1 result=0
NXARMJIT: TRACE_MEMORY_REQUEST sequence=34 operation=1 pc=0x42004464 address=0x42004464 width=4 count=1 result=0
NXARMJIT: TRACE_MEMORY_REQUEST sequence=35 operation=3 pc=0x42004464 address=0x4240bffc width=4 count=1 result=0
NXARMJIT: TRACE_MEMORY_REQUEST sequence=36 operation=1 pc=0x42004468 address=0x42004468 width=4 count=1 result=0
NXARMJIT: TRACE_MEMORY_REQUEST sequence=37 operation=1 pc=0x4200446c address=0x4200446c width=4 count=1 result=0
NXARMJIT: TRACE_MEMORY_REQUEST sequence=38 operation=1 pc=0x42004470 address=0x42004470 width=4 count=1 result=0
NXARMJIT: TRACE_MEMORY_REQUEST sequence=39 operation=1 pc=0x42004474 address=0x42004474 width=4 count=1 result=0
NXARMJIT: TRACE_MEMORY_REQUEST sequence=40 operation=1 pc=0x42004474 address=0x42004474 width=4 count=1 result=0
NXARMJIT: TRACE_MEMORY_REQUEST sequence=41 operation=1 pc=0x42004474 address=0x42004474 width=4 count=1 result=0
NXARMJIT: TRACE_MEMORY_REQUEST sequence=42 operation=1 pc=0x42004474 address=0x42004474 width=4 count=1 result=0
NXARMJIT: TRACE_MEMORY_REQUEST sequence=43 operation=1 pc=0x42004474 address=0x42004474 width=4 count=1 result=0
NXARMJIT: TRACE_MEMORY_REQUEST sequence=44 operation=1 pc=0x42004474 address=0x42004474 width=4 count=1 result=0
NXARMJIT: TRACE_MEMORY_REQUEST sequence=45 operation=1 pc=0x42004474 address=0x42004474 width=4 count=1 result=0
NXARMJIT: TRACE_MEMORY_REQUEST sequence=46 operation=1 pc=0x42004474 address=0x42004474 width=4 count=1 result=0
NXARMJIT: TRACE_MEMORY_REQUEST sequence=47 operation=1 pc=0x42004474 address=0x42004474 width=4 count=1 result=0
NXARMJIT: TRACE_MEMORY_REQUEST sequence=48 operation=1 pc=0x42004474 address=0x42004474 width=4 count=1 result=0
NXARMJIT: TRACE_MEMORY_REQUEST sequence=49 operation=1 pc=0x42004474 address=0x42004474 width=4 count=1 result=0
NXARMJIT: TRACE_MEMORY_REQUEST sequence=50 operation=1 pc=0x42004474 address=0x42004474 width=4 count=1 result=0
NXARMJIT: TRACE_MEMORY_REQUEST sequence=51 operation=1 pc=0x42004474 address=0x42004474 width=4 count=1 result=0
NXARMJIT: TRACE_MEMORY_REQUEST sequence=52 operation=1 pc=0x42004474 address=0x42004474 width=4 count=1 result=0
NXARMJIT: TRACE_MEMORY_REQUEST sequence=53 operation=1 pc=0x42004474 address=0x42004474 width=4 count=1 result=0
NXARMJIT: TRACE_MEMORY_REQUEST sequence=54 operation=1 pc=0x42004474 address=0x42004474 width=4 count=1 result=0
NXARMJIT: TRACE_MEMORY_REQUEST sequence=55 operation=1 pc=0x42004474 address=0x42004474 width=4 count=1 result=0
NXARMJIT: TRACE_MEMORY_REQUEST sequence=56 operation=1 pc=0x42004474 address=0x42004474 width=4 count=1 result=0
NXARMJIT: TRACE_MEMORY_REQUEST sequence=57 operation=1 pc=0x42004474 address=0x42004474 width=4 count=1 result=0
NXARMJIT: TRACE_MEMORY_REQUEST sequence=58 operation=1 pc=0x42004474 address=0x42004474 width=4 count=1 result=0
NXARMJIT: TRACE_MEMORY_REQUEST sequence=59 operation=1 pc=0x42004474 address=0x42004474 width=4 count=1 result=0
NXARMJIT: TRACE_MEMORY_REQUEST sequence=60 operation=1 pc=0x42004474 address=0x42004474 width=4 count=1 result=0
NXARMJIT: TRACE_MEMORY_REQUEST sequence=61 operation=1 pc=0x42004474 address=0x42004474 width=4 count=1 result=0
NXARMJIT: TRACE_MEMORY_REQUEST sequence=62 operation=1 pc=0x42004474 address=0x42004474 width=4 count=1 result=0
NXARMJIT: TRACE_MEMORY_REQUEST sequence=63 operation=1 pc=0x42004474 address=0x42004474 width=4 count=1 result=0
NXARMJIT: TRACE_MEMORY_REQUEST sequence=64 operation=1 pc=0x42004474 address=0x42004474 width=4 count=1 result=0
NXARMJIT: TRACE_MEMORY_REQUEST sequence=65 operation=1 pc=0x42004474 address=0x42004474 width=4 count=1 result=0
NXARMJIT: TRACE_MEMORY_REQUEST sequence=66 operation=1 pc=0x42004474 address=0x42004474 width=4 count=1 result=0
NXARMJIT: TRACE_MEMORY_REQUEST sequence=67 operation=1 pc=0x42004474 address=0x42004474 width=4 count=1 result=0
NXARMJIT: TRACE_MEMORY_REQUEST sequence=68 operation=1 pc=0x42004474 address=0x42004474 width=4 count=1 result=0
NXARMJIT: TRACE_MEMORY_REQUEST sequence=69 operation=1 pc=0x42004474 address=0x42004474 width=4 count=1 result=0
NXARMJIT: TRACE_MEMORY_REQUEST sequence=70 operation=1 pc=0x42004474 address=0x42004474 width=4 count=1 result=0
NXARMJIT: TRACE_MEMORY_REQUEST sequence=71 operation=1 pc=0x42004474 address=0x42004474 width=4 count=1 result=0
NXARMJIT: TRACE_MEMORY_REQUEST sequence=72 operation=1 pc=0x42004474 address=0x42004474 width=4 count=1 result=0
NXARMJIT: TRACE_MEMORY_REQUEST sequence=73 operation=1 pc=0x42004474 address=0x42004474 width=4 count=1 result=0
NXARMJIT: TRACE_RETURN status=5 retired=64 pc=0x42004474 blocks=64 instruction=0x0
NXARMJIT: TRACE_REGISTERS x0=0x600d x1=0x4200c000 x2=0x1400 x3=0xfa000
NXARMJIT: TRACE_PLATFORM_STATE profile=1 override=0x0 pending=0 pstate=0x600003c5 sp=0x42024000
NXARMJIT: TRACE_EXCEPTION_STATE elr=0x0 spsr=0x0 vector=0x0 esr=0x0 handler_executed=false
NXARMJIT: TRACE_MEMORY_RESULT abi=1 provider_status=0 guest_far=0x0 last_address=0x42004474 fetch_requests=64 data_requests=9 completed_data_operations=9
NXARMJIT: TRACE_VIDEO_PRESENTED status=SUCCESS
NXARMJIT: TRACE_VIDEO_READBACK guest_rgb_hash=0xd411cc5c74b2a193 display_rgb_hash=0xd411cc5c74b2a193 matched=true first=0xff0000 last=0xff
NXARMJIT: TRACE_ONLY macos_boot_verified=false metal_verified=false
NXARMJIT: ERROR status=ABORTED
