    Blocking waiting for file lock on package cache
    Updating git repository `https://github.com/26x86/Nextcore-Core.git`
    Updating crates.io index
    Blocking waiting for file lock on package cache
     Locking 19 packages to latest compatible versions
    Blocking waiting for file lock on package cache
   Compiling proc-macro2 v1.0.107
   Compiling unicode-ident v1.0.24
   Compiling quote v1.0.47
    Checking bitflags v2.13.1
    Checking memchr v2.8.3
   Compiling syn v3.0.5
   Compiling syn v2.0.119
   Compiling ptr_meta_derive v0.3.2
    Checking uguid v2.2.1
    Checking bit_field v0.10.3
    Checking ucs2 v0.3.3
    Checking uefi-raw v0.16.0
    Checking ptr_meta v0.3.2
   Compiling uefi-macros v0.19.0
    Checking roxmltree v0.21.1
    Checking cfg-if v1.0.4
    Checking log v0.4.34
    Checking nextcore-core v0.1.0 (https://github.com/26x86/Nextcore-Core.git?tag=26x86-Nextcore-Core-v0.1.2#6547be4b)
    Checking uefi v0.40.0
    Checking nextcore-efi v0.1.0 (/tmp/nextcore-apfs-release-efi-pre-39_v6tn2/module)
    Finished `dev` profile [unoptimized + debuginfo] target(s) in 13.77s
