[2J[01;01H[=3h[2J[01;01H[2J[01;01H[=3h[2J[01;01H[2J[01;01H[=3h[2J[01;01HBdsDxe: loading Boot0001 "UEFI QEMU HARDDISK QM00001 " from PciRoot(0x0)/Pci(0x1F,0x2)/Sata(0x0,0xFFFF,0x0)
BdsDxe: starting Boot0001 "UEFI QEMU HARDDISK QM00001 " from PciRoot(0x0)/Pci(0x1F,0x2)/Sata(0x0,0xFFFF,0x0)
NXCONFIG: BEGIN case=5
NEXTCORE: WATCHDOG_DISABLED
NextCore
NEXTCORE: EFI_ENTRY
NXCONFIG: CONFIG_OPEN attempt=1 mode=FileMode(READ) attr=FileAttribute(0x0)
NEXTCORE: CONFIG_READ bytes=328
No enabled boot entries
NEXTCORE: NO_BOOT_TARGET
NEXTCORE: CONFIG_RECOVERY_BEGIN path=\EFI\OC\config.plist reason=No enabled boot entries
NEXTCORE: CONFIG_RECOVERY_READY
NEXTCORE: CONFIG_RECOVERY_ACTION retry
NXCONFIG: CONFIG_OPEN attempt=2 mode=FileMode(READ) attr=FileAttribute(0x0)
NEXTCORE: CONFIG_READ bytes=328
No enabled boot entries
NEXTCORE: NO_BOOT_TARGET
NEXTCORE: CONFIG_RECOVERY_BEGIN path=\EFI\OC\config.plist reason=No enabled boot entries
NEXTCORE: CONFIG_RECOVERY_READY
NEXTCORE: CONFIG_RECOVERY_ACTION exit
NXCONFIG: RETURN case=5 status=NOT_FOUND opens=2 injected=0
