[2J[01;01H[=3h[2J[01;01H[2J[01;01H[=3h[2J[01;01H[2J[01;01H[=3h[2J[01;01HBdsDxe: loading Boot0001 "UEFI QEMU HARDDISK QM00001 " from PciRoot(0x0)/Pci(0x1F,0x2)/Sata(0x0,0xFFFF,0x0)
BdsDxe: starting Boot0001 "UEFI QEMU HARDDISK QM00001 " from PciRoot(0x0)/Pci(0x1F,0x2)/Sata(0x0,0xFFFF,0x0)
NXARMJIT: EFI_ENTRY host=x86_64 guest=arm64
NXARMJIT: EFI_ENTRY host=x86_64 guest=arm64
NXARMJIT: CONFIG_PARSED
NXARMJIT: KC_VALIDATED subtype=0x0 arena=49152
NXARMJIT: TRACE_TIERED_DIAGNOSTIC maximum=4096
NXARMJIT: TRACE_DEEP_DIAGNOSTIC_BUILD maximum=16384
NXARMJIT: TRACE_LONG_DIAGNOSTIC_BUILD maximum=65536
NXARMJIT: TRACE_LONG_DIAGNOSTIC_SELECTED tier=65536
NXARMJIT: TRACE_DT_CHECKED templates=0 platform_complete=false
NXARMJIT: TRACE_STAGING_VERIFIED source_unchanged=true
NXARMJIT: TRACE_HANDOFF_UNPROVISIONED abi=unprovisioned-sptm-prefix sptm_args=false sptm_services=false platform_device_tree=false
NXARMJIT: TRACE_PLATFORM_PROFILE name=nextcore-irq-compat-v1 reset_origin=software_defined initial_override=0x0 initial_pstate=0x3c5 irq=0 fiq=0
NXARMJIT: TRACE_ENTER entry=0x42004400 x0=0 x1=0x4200c000 x2=0 x3=0 budget=65536
NXARMJIT: TRACE_MEMORY_PROVIDER abi=1 mode=m0-only
NXARMJIT: TRACE_MEMORY_OBSERVATION total=65536 retained=64
NXARMJIT: TRACE_MEMORY_REQUEST sequence=65473 operation=1 pc=0x42004430 address=0x42004430 width=4 count=1 result=0
NXARMJIT: TRACE_MEMORY_REQUEST sequence=65474 operation=1 pc=0x42004430 address=0x42004430 width=4 count=1 result=0
NXARMJIT: TRACE_MEMORY_REQUEST sequence=65475 operation=1 pc=0x42004430 address=0x42004430 width=4 count=1 result=0
NXARMJIT: TRACE_MEMORY_REQUEST sequence=65476 operation=1 pc=0x42004430 address=0x42004430 width=4 count=1 result=0
NXARMJIT: TRACE_MEMORY_REQUEST sequence=65477 operation=1 pc=0x42004430 address=0x42004430 width=4 count=1 result=0
NXARMJIT: TRACE_MEMORY_REQUEST sequence=65478 operation=1 pc=0x42004430 address=0x42004430 width=4 count=1 result=0
NXARMJIT: TRACE_MEMORY_REQUEST sequence=65479 operation=1 pc=0x42004430 address=0x42004430 width=4 count=1 result=0
NXARMJIT: TRACE_MEMORY_REQUEST sequence=65480 operation=1 pc=0x42004430 address=0x42004430 width=4 count=1 result=0
NXARMJIT: TRACE_MEMORY_REQUEST sequence=65481 operation=1 pc=0x42004430 address=0x42004430 width=4 count=1 result=0
NXARMJIT: TRACE_MEMORY_REQUEST sequence=65482 operation=1 pc=0x42004430 address=0x42004430 width=4 count=1 result=0
NXARMJIT: TRACE_MEMORY_REQUEST sequence=65483 operation=1 pc=0x42004430 address=0x42004430 width=4 count=1 result=0
NXARMJIT: TRACE_MEMORY_REQUEST sequence=65484 operation=1 pc=0x42004430 address=0x42004430 width=4 count=1 result=0
NXARMJIT: TRACE_MEMORY_REQUEST sequence=65485 operation=1 pc=0x42004430 address=0x42004430 width=4 count=1 result=0
NXARMJIT: TRACE_MEMORY_REQUEST sequence=65486 operation=1 pc=0x42004430 address=0x42004430 width=4 count=1 result=0
NXARMJIT: TRACE_MEMORY_REQUEST sequence=65487 operation=1 pc=0x42004430 address=0x42004430 width=4 count=1 result=0
NXARMJIT: TRACE_MEMORY_REQUEST sequence=65488 operation=1 pc=0x42004430 address=0x42004430 width=4 count=1 result=0
NXARMJIT: TRACE_MEMORY_REQUEST sequence=65489 operation=1 pc=0x42004430 address=0x42004430 width=4 count=1 result=0
NXARMJIT: TRACE_MEMORY_REQUEST sequence=65490 operation=1 pc=0x42004430 address=0x42004430 width=4 count=1 result=0
NXARMJIT: TRACE_MEMORY_REQUEST sequence=65491 operation=1 pc=0x42004430 address=0x42004430 width=4 count=1 result=0
NXARMJIT: TRACE_MEMORY_REQUEST sequence=65492 operation=1 pc=0x42004430 address=0x42004430 width=4 count=1 result=0
NXARMJIT: TRACE_MEMORY_REQUEST sequence=65493 operation=1 pc=0x42004430 address=0x42004430 width=4 count=1 result=0
NXARMJIT: TRACE_MEMORY_REQUEST sequence=65494 operation=1 pc=0x42004430 address=0x42004430 width=4 count=1 result=0
NXARMJIT: TRACE_MEMORY_REQUEST sequence=65495 operation=1 pc=0x42004430 address=0x42004430 width=4 count=1 result=0
NXARMJIT: TRACE_MEMORY_REQUEST sequence=65496 operation=1 pc=0x42004430 address=0x42004430 width=4 count=1 result=0
NXARMJIT: TRACE_MEMORY_REQUEST sequence=65497 operation=1 pc=0x42004430 address=0x42004430 width=4 count=1 result=0
NXARMJIT: TRACE_MEMORY_REQUEST sequence=65498 operation=1 pc=0x42004430 address=0x42004430 width=4 count=1 result=0
NXARMJIT: TRACE_MEMORY_REQUEST sequence=65499 operation=1 pc=0x42004430 address=0x42004430 width=4 count=1 result=0
NXARMJIT: TRACE_MEMORY_REQUEST sequence=65500 operation=1 pc=0x42004430 address=0x42004430 width=4 count=1 result=0
NXARMJIT: TRACE_MEMORY_REQUEST sequence=65501 operation=1 pc=0x42004430 address=0x42004430 width=4 count=1 result=0
NXARMJIT: TRACE_MEMORY_REQUEST sequence=65502 operation=1 pc=0x42004430 address=0x42004430 width=4 count=1 result=0
NXARMJIT: TRACE_MEMORY_REQUEST sequence=65503 operation=1 pc=0x42004430 address=0x42004430 width=4 count=1 result=0
NXARMJIT: TRACE_MEMORY_REQUEST sequence=65504 operation=1 pc=0x42004430 address=0x42004430 width=4 count=1 result=0
NXARMJIT: TRACE_MEMORY_REQUEST sequence=65505 operation=1 pc=0x42004430 address=0x42004430 width=4 count=1 result=0
NXARMJIT: TRACE_MEMORY_REQUEST sequence=65506 operation=1 pc=0x42004430 address=0x42004430 width=4 count=1 result=0
NXARMJIT: TRACE_MEMORY_REQUEST sequence=65507 operation=1 pc=0x42004430 address=0x42004430 width=4 count=1 result=0
NXARMJIT: TRACE_MEMORY_REQUEST sequence=65508 operation=1 pc=0x42004430 address=0x42004430 width=4 count=1 result=0
NXARMJIT: TRACE_MEMORY_REQUEST sequence=65509 operation=1 pc=0x42004430 address=0x42004430 width=4 count=1 result=0
NXARMJIT: TRACE_MEMORY_REQUEST sequence=65510 operation=1 pc=0x42004430 address=0x42004430 width=4 count=1 result=0
NXARMJIT: TRACE_MEMORY_REQUEST sequence=65511 operation=1 pc=0x42004430 address=0x42004430 width=4 count=1 result=0
NXARMJIT: TRACE_MEMORY_REQUEST sequence=65512 operation=1 pc=0x42004430 address=0x42004430 width=4 count=1 result=0
NXARMJIT: TRACE_MEMORY_REQUEST sequence=65513 operation=1 pc=0x42004430 address=0x42004430 width=4 count=1 result=0
NXARMJIT: TRACE_MEMORY_REQUEST sequence=65514 operation=1 pc=0x42004430 address=0x42004430 width=4 count=1 result=0
NXARMJIT: TRACE_MEMORY_REQUEST sequence=65515 operation=1 pc=0x42004430 address=0x42004430 width=4 count=1 result=0
NXARMJIT: TRACE_MEMORY_REQUEST sequence=65516 operation=1 pc=0x42004430 address=0x42004430 width=4 count=1 result=0
NXARMJIT: TRACE_MEMORY_REQUEST sequence=65517 operation=1 pc=0x42004430 address=0x42004430 width=4 count=1 result=0
NXARMJIT: TRACE_MEMORY_REQUEST sequence=65518 operation=1 pc=0x42004430 address=0x42004430 width=4 count=1 result=0
NXARMJIT: TRACE_MEMORY_REQUEST sequence=65519 operation=1 pc=0x42004430 address=0x42004430 width=4 count=1 result=0
NXARMJIT: TRACE_MEMORY_REQUEST sequence=65520 operation=1 pc=0x42004430 address=0x42004430 width=4 count=1 result=0
NXARMJIT: TRACE_MEMORY_REQUEST sequence=65521 operation=1 pc=0x42004430 address=0x42004430 width=4 count=1 result=0
NXARMJIT: TRACE_MEMORY_REQUEST sequence=65522 operation=1 pc=0x42004430 address=0x42004430 width=4 count=1 result=0
NXARMJIT: TRACE_MEMORY_REQUEST sequence=65523 operation=1 pc=0x42004430 address=0x42004430 width=4 count=1 result=0
NXARMJIT: TRACE_MEMORY_REQUEST sequence=65524 operation=1 pc=0x42004430 address=0x42004430 width=4 count=1 result=0
NXARMJIT: TRACE_MEMORY_REQUEST sequence=65525 operation=1 pc=0x42004430 address=0x42004430 width=4 count=1 result=0
NXARMJIT: TRACE_MEMORY_REQUEST sequence=65526 operation=1 pc=0x42004430 address=0x42004430 width=4 count=1 result=0
NXARMJIT: TRACE_MEMORY_REQUEST sequence=65527 operation=1 pc=0x42004430 address=0x42004430 width=4 count=1 result=0
NXARMJIT: TRACE_MEMORY_REQUEST sequence=65528 operation=1 pc=0x42004430 address=0x42004430 width=4 count=1 result=0
NXARMJIT: TRACE_MEMORY_REQUEST sequence=65529 operation=1 pc=0x42004430 address=0x42004430 width=4 count=1 result=0
NXARMJIT: TRACE_MEMORY_REQUEST sequence=65530 operation=1 pc=0x42004430 address=0x42004430 width=4 count=1 result=0
NXARMJIT: TRACE_MEMORY_REQUEST sequence=65531 operation=1 pc=0x42004430 address=0x42004430 width=4 count=1 result=0
NXARMJIT: TRACE_MEMORY_REQUEST sequence=65532 operation=1 pc=0x42004430 address=0x42004430 width=4 count=1 result=0
NXARMJIT: TRACE_MEMORY_REQUEST sequence=65533 operation=1 pc=0x42004430 address=0x42004430 width=4 count=1 result=0
NXARMJIT: TRACE_MEMORY_REQUEST sequence=65534 operation=1 pc=0x42004430 address=0x42004430 width=4 count=1 result=0
NXARMJIT: TRACE_MEMORY_REQUEST sequence=65535 operation=1 pc=0x42004430 address=0x42004430 width=4 count=1 result=0
NXARMJIT: TRACE_MEMORY_REQUEST sequence=65536 operation=1 pc=0x42004430 address=0x42004430 width=4 count=1 result=0
NXARMJIT: TRACE_RETURN status=5 retired=65536 pc=0x42004430 blocks=65536 instruction=0x0
NXARMJIT: TRACE_REGISTERS x0=0x3412 x1=0x4200c000 x2=0x34f00f x3=0xcd00
NXARMJIT: TRACE_PLATFORM_STATE profile=1 override=0x0 pending=0 pstate=0x600003c5 sp=0x42024000
NXARMJIT: TRACE_EXCEPTION_STATE elr=0x0 spsr=0x0 vector=0x0 esr=0x0 handler_executed=false
NXARMJIT: TRACE_MEMORY_RESULT abi=1 provider_status=0 guest_far=0x0 last_address=0x42004430 fetch_requests=65536 data_requests=0 completed_data_operations=0
NXARMJIT: TRACE_ONLY macos_boot_verified=false metal_verified=false
NXARMJIT: ERROR status=ABORTED
