    Updating crates.io index
    Updating git repository `https://github.com/26x86/Nextcore-APLS.git`
    Updating git repository `https://github.com/26x86/Nextcore-Core.git`
    Updating git repository `https://github.com/26x86/Nextcore-GPU.git`
     Locking 62 packages to latest compatible versions
      Adding generic-array v0.14.7 (available: v0.14.9)
   Compiling proc-macro2 v1.0.107
   Compiling quote v1.0.47
   Compiling unicode-ident v1.0.24
   Compiling serde_core v1.0.229
   Compiling version_check v0.9.5
   Compiling memchr v2.8.3
   Compiling serde v1.0.229
   Compiling typenum v1.20.1
   Compiling thiserror v2.0.20
   Compiling zmij v1.0.23
   Compiling utf8parse v0.2.2
   Compiling serde_json v1.0.151
   Compiling deranged v0.5.8
   Compiling powerfmt v0.2.0
   Compiling num-conv v0.2.2
   Compiling equivalent v1.0.2
   Compiling hashbrown v0.17.1
   Compiling log v0.4.34
   Compiling time-core v0.1.9
   Compiling generic-array v0.14.7
   Compiling anstyle-parse v1.0.0
   Compiling is_terminal_polyfill v1.70.2
   Compiling anstyle-query v1.1.5
   Compiling anstyle v1.0.14
   Compiling base64 v0.23.1
   Compiling itoa v1.0.18
   Compiling colorchoice v1.0.5
   Compiling heck v0.5.0
   Compiling cfg-if v1.0.4
   Compiling quick-xml v0.42.0
   Compiling anstream v1.0.0
   Compiling plain v0.2.3
   Compiling anyhow v1.0.104
   Compiling clap_lex v1.1.0
   Compiling cpufeatures v0.2.17
   Compiling strsim v0.11.1
   Compiling roxmltree v0.21.1
   Compiling indexmap v2.14.2
   Compiling clap_builder v4.6.6
   Compiling time v0.3.55
   Compiling syn v3.0.5
   Compiling block-buffer v0.10.4
   Compiling crypto-common v0.1.7
   Compiling digest v0.10.7
   Compiling sha2 v0.10.9
   Compiling serde_derive v1.0.229
   Compiling thiserror-impl v2.0.20
   Compiling scroll_derive v0.13.2
   Compiling clap_derive v4.6.4
   Compiling scroll v0.13.0
   Compiling goblin v0.10.7
   Compiling clap v4.6.6
   Compiling plist v1.10.1
   Compiling nextcore-gpu v0.1.0 (https://github.com/26x86/Nextcore-GPU.git?tag=26x86-Nextcore-GPU-v0.1.1#8962199b)
   Compiling nextcore-core v0.1.0 (https://github.com/26x86/Nextcore-Core.git?tag=26x86-Nextcore-Core-v0.1.1#66eb6988)
   Compiling nextcore-apls v0.1.0 (https://github.com/26x86/Nextcore-APLS.git?tag=26x86-Nextcore-APLS-v0.1.1#f4d640e3)
   Compiling nextcore-tool v0.1.0 (/tmp/nextcore-tool-v012-post-20260908/module)
    Finished `test` profile [unoptimized + debuginfo] target(s) in 14.61s
     Running unittests src/lib.rs (target/debug/deps/nextcore_tool-629db0f8016393ac)
     Running unittests src/main.rs (target/debug/deps/nextcore_tool-c2dcee49d6064a97)
     Running tests/bundle_cli.rs (target/debug/deps/bundle_cli-6c9adbc56eb249f1)
