     Locking 23 packages to latest compatible versions
   Compiling proc-macro2 v1.0.107
   Compiling quote v1.0.47
   Compiling unicode-ident v1.0.24
   Compiling thiserror v2.0.20
   Compiling log v0.4.34
   Compiling bitflags v2.13.1
   Compiling memchr v2.8.3
   Compiling uguid v2.2.1
   Compiling bit_field v0.10.3
   Compiling cfg-if v1.0.4
   Compiling nextcore-memory-service v0.1.0 (/home/sharh/work/bp30-efi-combined-validation/service-transport)
   Compiling ucs2 v0.3.3
   Compiling uefi-raw v0.16.0
   Compiling roxmltree v0.21.1
   Compiling nextcore-core v0.1.0 (https://github.com/26x86/Nextcore-Core.git?rev=40833dc29d8bcd2976d0a13c2f120533d02500c4#40833dc2)
   Compiling syn v3.0.5
   Compiling syn v2.0.119
   Compiling uefi-macros v0.19.0
   Compiling thiserror-impl v2.0.20
   Compiling ptr_meta_derive v0.3.2
   Compiling ptr_meta v0.3.2
   Compiling uefi v0.40.0
   Compiling nextcore-ise v0.1.0 (https://github.com/26x86/Nextcore-ISE.git?rev=41e8997c4b8d6f029ed3a3fbec0669374046ab6f#41e8997c)
   Compiling nextcore-efi v0.1.0 (/home/sharh/work/bp30-efi-combined-validation/efi-transport)
    Finished `release` profile [optimized] target(s) in 28.32s
