    Blocking waiting for file lock on package cache
    Updating git repository `https://github.com/26x86/Nextcore-Core.git`
    Updating crates.io index
    Blocking waiting for file lock on package cache
     Locking 19 packages to latest compatible versions
    Blocking waiting for file lock on package cache
    Blocking waiting for file lock on package cache
   Compiling proc-macro2 v1.0.107
   Compiling quote v1.0.47
   Compiling unicode-ident v1.0.24
    Checking uguid v2.2.1
    Checking memchr v2.8.3
    Checking bitflags v2.13.1
    Checking bit_field v0.10.3
    Checking cfg-if v1.0.4
    Checking log v0.4.34
    Checking ucs2 v0.3.3
    Checking uefi-raw v0.16.0
    Checking roxmltree v0.21.1
    Checking nextcore-core v0.1.0 (https://github.com/26x86/Nextcore-Core.git?tag=26x86-Nextcore-Core-v0.1.1#66eb6988)
   Compiling syn v3.0.5
   Compiling syn v2.0.119
   Compiling ptr_meta_derive v0.3.2
    Checking ptr_meta v0.3.2
   Compiling uefi-macros v0.19.0
    Checking uefi v0.40.0
    Checking nextcore-efi v0.1.0 (C:\Users\Admin\AppData\Local\Temp\nextcore-modules-v011-20260908-153614\Nextcore-EFI)
    Finished `dev` profile [unoptimized + debuginfo] target(s) in 26.88s
