warning: unused variable: `rex_b`
   --> /home/sharh/work/bp34-ise-dynamic-control/src/decoder.rs:126:13
    |
126 |         let rex_b = (rex & 0x01) != 0;
    |             ^^^^^ help: if this is intentional, prefix it with an underscore: `_rex_b`
    |
    = note: `#[warn(unused_variables)]` (part of `#[warn(unused)]`) on by default

warning: unused variable: `rex_r`
   --> /home/sharh/work/bp34-ise-dynamic-control/src/decoder.rs:127:13
    |
127 |         let rex_r = (rex & 0x04) != 0;
    |             ^^^^^ help: if this is intentional, prefix it with an underscore: `_rex_r`

warning: value assigned to `v` is never read
   --> /home/sharh/work/bp34-ise-dynamic-control/src/decoder.rs:245:29
    |
245 |                 let mut v = 0u64;
    |                             ^^^^ this value is reassigned later and never used
...
248 |                     v = data[ip] as u64 & 0x3F;
    |                     -------------------------- `v` is overwritten here before the previous value is read
    |
    = note: `#[warn(unused_assignments)]` (part of `#[warn(unused)]`) on by default

warning: variable does not need to be mutable
   --> /home/sharh/work/bp34-ise-dynamic-control/src/decoder.rs:461:17
    |
461 |             let mut bs = (sib & 7) as u32;
    |                 ----^^
    |                 |
    |                 help: remove this `mut`
    |
    = note: `#[warn(unused_mut)]` (part of `#[warn(unused)]`) on by default

warning: `nextcore-ise` (lib) generated 4 warnings (run `cargo fix --lib -p nextcore-ise` to apply 3 suggestions)
   Compiling nextcore-efi v0.1.0 (/home/sharh/work/bp34-dynamic-efi-proof/workspace/efi)
warning: associated items `allocate`, `base`, and `bytes` are never used
  --> efi/src/arm_pages.rs:17:12
   |
16 | impl ArmPages {
   | ------------- associated items in this implementation
17 |     pub fn allocate(bytes: usize, fixed: Option<u64>) -> Result<Self, Status> {
   |            ^^^^^^^^
...
74 |     pub fn base(&self) -> u64 {
   |            ^^^^
...
77 |     pub fn bytes(&self) -> usize {
   |            ^^^^^
   |
   = note: `#[warn(dead_code)]` (part of `#[warn(unused)]`) on by default

warning: `nextcore-efi` (bin "NXARMJIT") generated 1 warning
    Finished `release` profile [optimized] target(s) in 33.20s
