Cloning into '/home/sharh/work/integration-validation-bp32-final-20260909/26x86'...
Submodule 'nextcore-apls' (https://github.com/26x86/Nextcore-APLS.git) registered for path 'nextcore/crates/nextcore-apls'
Submodule 'nextcore-core' (https://github.com/26x86/Nextcore-Core.git) registered for path 'nextcore/crates/nextcore-core'
Submodule 'nextcore-efi' (https://github.com/26x86/Nextcore-EFI.git) registered for path 'nextcore/crates/nextcore-efi'
Submodule 'nextcore-gpu' (https://github.com/26x86/Nextcore-GPU.git) registered for path 'nextcore/crates/nextcore-gpu'
Submodule 'nextcore-hal' (https://github.com/26x86/Nextcore-HAL.git) registered for path 'nextcore/crates/nextcore-hal'
Submodule 'nextcore-ise' (https://github.com/26x86/Nextcore-ISE.git) registered for path 'nextcore/crates/nextcore-ise'
Submodule 'nextcore-tool' (https://github.com/26x86/Nextcore-Tool.git) registered for path 'nextcore/crates/nextcore-tool'
Cloning into '/home/sharh/work/integration-validation-bp32-final-20260909/26x86/nextcore/crates/nextcore-apls'...
Cloning into '/home/sharh/work/integration-validation-bp32-final-20260909/26x86/nextcore/crates/nextcore-core'...
Cloning into '/home/sharh/work/integration-validation-bp32-final-20260909/26x86/nextcore/crates/nextcore-efi'...
Cloning into '/home/sharh/work/integration-validation-bp32-final-20260909/26x86/nextcore/crates/nextcore-gpu'...
Cloning into '/home/sharh/work/integration-validation-bp32-final-20260909/26x86/nextcore/crates/nextcore-hal'...
Cloning into '/home/sharh/work/integration-validation-bp32-final-20260909/26x86/nextcore/crates/nextcore-ise'...
Cloning into '/home/sharh/work/integration-validation-bp32-final-20260909/26x86/nextcore/crates/nextcore-tool'...
Submodule path 'nextcore/crates/nextcore-apls': checked out '9b6ccaa421f668fdb212ccd14969002f6196a18f'
Submodule path 'nextcore/crates/nextcore-core': checked out '40833dc29d8bcd2976d0a13c2f120533d02500c4'
Submodule path 'nextcore/crates/nextcore-efi': checked out '8d53dd2227cb4472e0b86813517fd1d70d166efa'
Submodule path 'nextcore/crates/nextcore-gpu': checked out 'eaab9fcfded3a8ee298453397790f13edace5694'
Submodule path 'nextcore/crates/nextcore-hal': checked out '9c1cd8dfff33478e32668c5cd181dd094ec2881b'
Submodule path 'nextcore/crates/nextcore-ise': checked out '720d7c61140e39da0f457192bd88138a52017e22'
Submodule path 'nextcore/crates/nextcore-tool': checked out '926c77721d4bc9c9f2650189aa96ddbd0e9f0a2a'
