FEATURES 0100032310201126
HCR 0000000080000000
CURRENT_EL 0000000000000008
4K_TTBR0_invalid0_L0.ttbr0 0000000040094000
4K_TTBR0_invalid0_L0.ttbr1 0000000040094000
4K_TTBR0_invalid0_L0.tcr 0000000080100010
4K_TTBR0_invalid0_L0.va 0000000000000234
4K_TTBR0_invalid0_L0.access 0000000000000000
4K_TTBR0_invalid0_L0.table0 0000000040094000
4K_TTBR0_invalid0_L0.value0 0000000000000000
4K_TTBR0_invalid0_L0.table1 0000000040098000
4K_TTBR0_invalid0_L0.value1 000000004009c003
4K_TTBR0_invalid0_L0.table2 000000004009c000
4K_TTBR0_invalid0_L0.value2 00000000400a0003
4K_TTBR0_invalid0_L0.table3 00000000400a0000
4K_TTBR0_invalid0_L0.value3 0000000000000000
4K_TTBR0_invalid0_L0 0000000000000809
4K_TTBR0_invalid1_L0.ttbr0 0000000040094000
4K_TTBR0_invalid1_L0.ttbr1 0000000040094000
4K_TTBR0_invalid1_L0.tcr 0000000080100010
4K_TTBR0_invalid1_L0.va 0000000000000234
4K_TTBR0_invalid1_L0.access 0000000000000000
4K_TTBR0_invalid1_L0.table0 0000000040094000
4K_TTBR0_invalid1_L0.value0 0000000000000002
4K_TTBR0_invalid1_L0.table1 0000000040098000
4K_TTBR0_invalid1_L0.value1 000000004009c003
4K_TTBR0_invalid1_L0.table2 000000004009c000
4K_TTBR0_invalid1_L0.value2 00000000400a0003
4K_TTBR0_invalid1_L0.table3 00000000400a0000
4K_TTBR0_invalid1_L0.value3 0000000000000000
4K_TTBR0_invalid1_L0 0000000000000809
4K_TTBR1_invalid0_L0.ttbr0 0000000040094000
4K_TTBR1_invalid0_L0.ttbr1 0000000040094000
4K_TTBR1_invalid0_L0.tcr 0000000080100010
4K_TTBR1_invalid0_L0.va ffff000000000234
4K_TTBR1_invalid0_L0.access 0000000000000000
4K_TTBR1_invalid0_L0.table0 0000000040094000
4K_TTBR1_invalid0_L0.value0 0000000000000000
4K_TTBR1_invalid0_L0.table1 0000000040098000
4K_TTBR1_invalid0_L0.value1 000000004009c003
4K_TTBR1_invalid0_L0.table2 000000004009c000
4K_TTBR1_invalid0_L0.value2 00000000400a0003
4K_TTBR1_invalid0_L0.table3 00000000400a0000
4K_TTBR1_invalid0_L0.value3 0000000000000000
4K_TTBR1_invalid0_L0 0000000000000809
4K_TTBR1_invalid1_L0.ttbr0 0000000040094000
4K_TTBR1_invalid1_L0.ttbr1 0000000040094000
4K_TTBR1_invalid1_L0.tcr 0000000080100010
4K_TTBR1_invalid1_L0.va ffff000000000234
4K_TTBR1_invalid1_L0.access 0000000000000000
4K_TTBR1_invalid1_L0.table0 0000000040094000
4K_TTBR1_invalid1_L0.value0 0000000000000002
4K_TTBR1_invalid1_L0.table1 0000000040098000
4K_TTBR1_invalid1_L0.value1 000000004009c003
4K_TTBR1_invalid1_L0.table2 000000004009c000
4K_TTBR1_invalid1_L0.value2 00000000400a0003
4K_TTBR1_invalid1_L0.table3 00000000400a0000
4K_TTBR1_invalid1_L0.value3 0000000000000000
4K_TTBR1_invalid1_L0 0000000000000809
4K_reserved_block_L0.ttbr0 0000000040094000
4K_reserved_block_L0.ttbr1 0000000040094000
4K_reserved_block_L0.tcr 0000000080100010
4K_reserved_block_L0.va 0000000000000234
4K_reserved_block_L0.access 0000000000000000
4K_reserved_block_L0.table0 0000000040094000
4K_reserved_block_L0.value0 0000000000000401
4K_reserved_block_L0.table1 0000000040098000
4K_reserved_block_L0.value1 000000004009c003
4K_reserved_block_L0.table2 000000004009c000
4K_reserved_block_L0.value2 00000000400a0003
4K_reserved_block_L0.table3 00000000400a0000
4K_reserved_block_L0.value3 0000000000000000
4K_reserved_block_L0 0000000000000809
4K_table_PA32_L0.ttbr0 0000000040094000
4K_table_PA32_L0.ttbr1 0000000040094000
4K_table_PA32_L0.tcr 0000000080100010
4K_table_PA32_L0.va 0000000000000234
4K_table_PA32_L0.access 0000000000000000
4K_table_PA32_L0.table0 0000000040094000
4K_table_PA32_L0.value0 0000000100000003
4K_table_PA32_L0.table1 0000000040098000
4K_table_PA32_L0.value1 000000004009c003
4K_table_PA32_L0.table2 000000004009c000
4K_table_PA32_L0.value2 00000000400a0003
4K_table_PA32_L0.table3 00000000400a0000
4K_table_PA32_L0.value3 0000000000000000
4K_table_PA32_L0 0000000000000801
4K_TTBR0_invalid0_L1.ttbr0 0000000040094000
4K_TTBR0_invalid0_L1.ttbr1 0000000040094000
4K_TTBR0_invalid0_L1.tcr 0000000080100010
4K_TTBR0_invalid0_L1.va 0000000000000234
4K_TTBR0_invalid0_L1.access 0000000000000000
4K_TTBR0_invalid0_L1.table0 0000000040094000
4K_TTBR0_invalid0_L1.value0 0000000040098003
4K_TTBR0_invalid0_L1.table1 0000000040098000
4K_TTBR0_invalid0_L1.value1 0000000000000000
4K_TTBR0_invalid0_L1.table2 000000004009c000
4K_TTBR0_invalid0_L1.value2 00000000400a0003
4K_TTBR0_invalid0_L1.table3 00000000400a0000
4K_TTBR0_invalid0_L1.value3 0000000000000000
4K_TTBR0_invalid0_L1 000000000000080b
4K_TTBR0_invalid1_L1.ttbr0 0000000040094000
4K_TTBR0_invalid1_L1.ttbr1 0000000040094000
4K_TTBR0_invalid1_L1.tcr 0000000080100010
4K_TTBR0_invalid1_L1.va 0000000000000234
4K_TTBR0_invalid1_L1.access 0000000000000000
4K_TTBR0_invalid1_L1.table0 0000000040094000
4K_TTBR0_invalid1_L1.value0 0000000040098003
4K_TTBR0_invalid1_L1.table1 0000000040098000
4K_TTBR0_invalid1_L1.value1 0000000000000002
4K_TTBR0_invalid1_L1.table2 000000004009c000
4K_TTBR0_invalid1_L1.value2 00000000400a0003
4K_TTBR0_invalid1_L1.table3 00000000400a0000
4K_TTBR0_invalid1_L1.value3 0000000000000000
4K_TTBR0_invalid1_L1 000000000000080b
4K_TTBR1_invalid0_L1.ttbr0 0000000040094000
4K_TTBR1_invalid0_L1.ttbr1 0000000040094000
4K_TTBR1_invalid0_L1.tcr 0000000080100010
4K_TTBR1_invalid0_L1.va ffff000000000234
4K_TTBR1_invalid0_L1.access 0000000000000000
4K_TTBR1_invalid0_L1.table0 0000000040094000
4K_TTBR1_invalid0_L1.value0 0000000040098003
4K_TTBR1_invalid0_L1.table1 0000000040098000
4K_TTBR1_invalid0_L1.value1 0000000000000000
4K_TTBR1_invalid0_L1.table2 000000004009c000
4K_TTBR1_invalid0_L1.value2 00000000400a0003
4K_TTBR1_invalid0_L1.table3 00000000400a0000
4K_TTBR1_invalid0_L1.value3 0000000000000000
4K_TTBR1_invalid0_L1 000000000000080b
4K_TTBR1_invalid1_L1.ttbr0 0000000040094000
4K_TTBR1_invalid1_L1.ttbr1 0000000040094000
4K_TTBR1_invalid1_L1.tcr 0000000080100010
4K_TTBR1_invalid1_L1.va ffff000000000234
4K_TTBR1_invalid1_L1.access 0000000000000000
4K_TTBR1_invalid1_L1.table0 0000000040094000
4K_TTBR1_invalid1_L1.value0 0000000040098003
4K_TTBR1_invalid1_L1.table1 0000000040098000
4K_TTBR1_invalid1_L1.value1 0000000000000002
4K_TTBR1_invalid1_L1.table2 000000004009c000
4K_TTBR1_invalid1_L1.value2 00000000400a0003
4K_TTBR1_invalid1_L1.table3 00000000400a0000
4K_TTBR1_invalid1_L1.value3 0000000000000000
4K_TTBR1_invalid1_L1 000000000000080b
4K_table_PA32_L1.ttbr0 0000000040094000
4K_table_PA32_L1.ttbr1 0000000040094000
4K_table_PA32_L1.tcr 0000000080100010
4K_table_PA32_L1.va 0000000000000234
4K_table_PA32_L1.access 0000000000000000
4K_table_PA32_L1.table0 0000000040094000
4K_table_PA32_L1.value0 0000000040098003
4K_table_PA32_L1.table1 0000000040098000
4K_table_PA32_L1.value1 0000000100000003
4K_table_PA32_L1.table2 000000004009c000
4K_table_PA32_L1.value2 00000000400a0003
4K_table_PA32_L1.table3 00000000400a0000
4K_table_PA32_L1.value3 0000000000000000
4K_table_PA32_L1 0000000000000803
4K_TTBR0_invalid0_L2.ttbr0 0000000040094000
4K_TTBR0_invalid0_L2.ttbr1 0000000040094000
4K_TTBR0_invalid0_L2.tcr 0000000080100010
4K_TTBR0_invalid0_L2.va 0000000000000234
4K_TTBR0_invalid0_L2.access 0000000000000000
4K_TTBR0_invalid0_L2.table0 0000000040094000
4K_TTBR0_invalid0_L2.value0 0000000040098003
4K_TTBR0_invalid0_L2.table1 0000000040098000
4K_TTBR0_invalid0_L2.value1 000000004009c003
4K_TTBR0_invalid0_L2.table2 000000004009c000
4K_TTBR0_invalid0_L2.value2 0000000000000000
4K_TTBR0_invalid0_L2.table3 00000000400a0000
4K_TTBR0_invalid0_L2.value3 0000000000000000
4K_TTBR0_invalid0_L2 000000000000080d
4K_TTBR0_invalid1_L2.ttbr0 0000000040094000
4K_TTBR0_invalid1_L2.ttbr1 0000000040094000
4K_TTBR0_invalid1_L2.tcr 0000000080100010
4K_TTBR0_invalid1_L2.va 0000000000000234
4K_TTBR0_invalid1_L2.access 0000000000000000
4K_TTBR0_invalid1_L2.table0 0000000040094000
4K_TTBR0_invalid1_L2.value0 0000000040098003
4K_TTBR0_invalid1_L2.table1 0000000040098000
4K_TTBR0_invalid1_L2.value1 000000004009c003
4K_TTBR0_invalid1_L2.table2 000000004009c000
4K_TTBR0_invalid1_L2.value2 0000000000000002
4K_TTBR0_invalid1_L2.table3 00000000400a0000
4K_TTBR0_invalid1_L2.value3 0000000000000000
4K_TTBR0_invalid1_L2 000000000000080d
4K_TTBR1_invalid0_L2.ttbr0 0000000040094000
4K_TTBR1_invalid0_L2.ttbr1 0000000040094000
4K_TTBR1_invalid0_L2.tcr 0000000080100010
4K_TTBR1_invalid0_L2.va ffff000000000234
4K_TTBR1_invalid0_L2.access 0000000000000000
4K_TTBR1_invalid0_L2.table0 0000000040094000
4K_TTBR1_invalid0_L2.value0 0000000040098003
4K_TTBR1_invalid0_L2.table1 0000000040098000
4K_TTBR1_invalid0_L2.value1 000000004009c003
4K_TTBR1_invalid0_L2.table2 000000004009c000
4K_TTBR1_invalid0_L2.value2 0000000000000000
4K_TTBR1_invalid0_L2.table3 00000000400a0000
4K_TTBR1_invalid0_L2.value3 0000000000000000
4K_TTBR1_invalid0_L2 000000000000080d
4K_TTBR1_invalid1_L2.ttbr0 0000000040094000
4K_TTBR1_invalid1_L2.ttbr1 0000000040094000
4K_TTBR1_invalid1_L2.tcr 0000000080100010
4K_TTBR1_invalid1_L2.va ffff000000000234
4K_TTBR1_invalid1_L2.access 0000000000000000
4K_TTBR1_invalid1_L2.table0 0000000040094000
4K_TTBR1_invalid1_L2.value0 0000000040098003
4K_TTBR1_invalid1_L2.table1 0000000040098000
4K_TTBR1_invalid1_L2.value1 000000004009c003
4K_TTBR1_invalid1_L2.table2 000000004009c000
4K_TTBR1_invalid1_L2.value2 0000000000000002
4K_TTBR1_invalid1_L2.table3 00000000400a0000
4K_TTBR1_invalid1_L2.value3 0000000000000000
4K_TTBR1_invalid1_L2 000000000000080d
4K_table_PA32_L2.ttbr0 0000000040094000
4K_table_PA32_L2.ttbr1 0000000040094000
4K_table_PA32_L2.tcr 0000000080100010
4K_table_PA32_L2.va 0000000000000234
4K_table_PA32_L2.access 0000000000000000
4K_table_PA32_L2.table0 0000000040094000
4K_table_PA32_L2.value0 0000000040098003
4K_table_PA32_L2.table1 0000000040098000
4K_table_PA32_L2.value1 000000004009c003
4K_table_PA32_L2.table2 000000004009c000
4K_table_PA32_L2.value2 0000000100000003
4K_table_PA32_L2.table3 00000000400a0000
4K_table_PA32_L2.value3 0000000000000000
4K_table_PA32_L2 0000000000000805
4K_TTBR0_invalid0_L3.ttbr0 0000000040094000
4K_TTBR0_invalid0_L3.ttbr1 0000000040094000
4K_TTBR0_invalid0_L3.tcr 0000000080100010
4K_TTBR0_invalid0_L3.va 0000000000000234
4K_TTBR0_invalid0_L3.access 0000000000000000
4K_TTBR0_invalid0_L3.table0 0000000040094000
4K_TTBR0_invalid0_L3.value0 0000000040098003
4K_TTBR0_invalid0_L3.table1 0000000040098000
4K_TTBR0_invalid0_L3.value1 000000004009c003
4K_TTBR0_invalid0_L3.table2 000000004009c000
4K_TTBR0_invalid0_L3.value2 00000000400a0003
4K_TTBR0_invalid0_L3.table3 00000000400a0000
4K_TTBR0_invalid0_L3.value3 0000000000000000
4K_TTBR0_invalid0_L3 000000000000080f
4K_TTBR0_invalid1_L3.ttbr0 0000000040094000
4K_TTBR0_invalid1_L3.ttbr1 0000000040094000
4K_TTBR0_invalid1_L3.tcr 0000000080100010
4K_TTBR0_invalid1_L3.va 0000000000000234
4K_TTBR0_invalid1_L3.access 0000000000000000
4K_TTBR0_invalid1_L3.table0 0000000040094000
4K_TTBR0_invalid1_L3.value0 0000000040098003
4K_TTBR0_invalid1_L3.table1 0000000040098000
4K_TTBR0_invalid1_L3.value1 000000004009c003
4K_TTBR0_invalid1_L3.table2 000000004009c000
4K_TTBR0_invalid1_L3.value2 00000000400a0003
4K_TTBR0_invalid1_L3.table3 00000000400a0000
4K_TTBR0_invalid1_L3.value3 0000000000000002
4K_TTBR0_invalid1_L3 000000000000080f
4K_TTBR1_invalid0_L3.ttbr0 0000000040094000
4K_TTBR1_invalid0_L3.ttbr1 0000000040094000
4K_TTBR1_invalid0_L3.tcr 0000000080100010
4K_TTBR1_invalid0_L3.va ffff000000000234
4K_TTBR1_invalid0_L3.access 0000000000000000
4K_TTBR1_invalid0_L3.table0 0000000040094000
4K_TTBR1_invalid0_L3.value0 0000000040098003
4K_TTBR1_invalid0_L3.table1 0000000040098000
4K_TTBR1_invalid0_L3.value1 000000004009c003
4K_TTBR1_invalid0_L3.table2 000000004009c000
4K_TTBR1_invalid0_L3.value2 00000000400a0003
4K_TTBR1_invalid0_L3.table3 00000000400a0000
4K_TTBR1_invalid0_L3.value3 0000000000000000
4K_TTBR1_invalid0_L3 000000000000080f
4K_TTBR1_invalid1_L3.ttbr0 0000000040094000
4K_TTBR1_invalid1_L3.ttbr1 0000000040094000
4K_TTBR1_invalid1_L3.tcr 0000000080100010
4K_TTBR1_invalid1_L3.va ffff000000000234
4K_TTBR1_invalid1_L3.access 0000000000000000
4K_TTBR1_invalid1_L3.table0 0000000040094000
4K_TTBR1_invalid1_L3.value0 0000000040098003
4K_TTBR1_invalid1_L3.table1 0000000040098000
4K_TTBR1_invalid1_L3.value1 000000004009c003
4K_TTBR1_invalid1_L3.table2 000000004009c000
4K_TTBR1_invalid1_L3.value2 00000000400a0003
4K_TTBR1_invalid1_L3.table3 00000000400a0000
4K_TTBR1_invalid1_L3.value3 0000000000000002
4K_TTBR1_invalid1_L3 000000000000080f
4K_reserved_block_L3.ttbr0 0000000040094000
4K_reserved_block_L3.ttbr1 0000000040094000
4K_reserved_block_L3.tcr 0000000080100010
4K_reserved_block_L3.va 0000000000000234
4K_reserved_block_L3.access 0000000000000000
4K_reserved_block_L3.table0 0000000040094000
4K_reserved_block_L3.value0 0000000040098003
4K_reserved_block_L3.table1 0000000040098000
4K_reserved_block_L3.value1 000000004009c003
4K_reserved_block_L3.table2 000000004009c000
4K_reserved_block_L3.value2 00000000400a0003
4K_reserved_block_L3.table3 00000000400a0000
4K_reserved_block_L3.value3 0000000000000401
4K_reserved_block_L3 000000000000080f
4K_leaf_kind3_L1.ttbr0 0000000040094000
4K_leaf_kind3_L1.ttbr1 0000000040094000
4K_leaf_kind3_L1.tcr 0000000080100010
4K_leaf_kind3_L1.va 0000000000000234
4K_leaf_kind3_L1.access 0000000000000000
4K_leaf_kind3_L1.table0 0000000040094000
4K_leaf_kind3_L1.value0 0000000040098003
4K_leaf_kind3_L1.table1 0000000040098000
4K_leaf_kind3_L1.value1 0000000040000001
4K_leaf_kind3_L1.table2 000000004009c000
4K_leaf_kind3_L1.value2 00000000400a0003
4K_leaf_kind3_L1.table3 00000000400a0000
4K_leaf_kind3_L1.value3 0000000000000000
4K_leaf_kind3_L1 0000000000000813
4K_leaf_kind4_L1.ttbr0 0000000040094000
4K_leaf_kind4_L1.ttbr1 0000000040094000
4K_leaf_kind4_L1.tcr 0000000080100010
4K_leaf_kind4_L1.va 0000000000000234
4K_leaf_kind4_L1.access 0000000000000001
4K_leaf_kind4_L1.table0 0000000040094000
4K_leaf_kind4_L1.value0 0000000040098003
4K_leaf_kind4_L1.table1 0000000040098000
4K_leaf_kind4_L1.value1 0000000040000481
4K_leaf_kind4_L1.table2 000000004009c000
4K_leaf_kind4_L1.value2 00000000400a0003
4K_leaf_kind4_L1.table3 00000000400a0000
4K_leaf_kind4_L1.value3 0000000000000000
4K_leaf_kind4_L1 000000000000081b
4K_leaf_kind5_L1.ttbr0 0000000040094000
4K_leaf_kind5_L1.ttbr1 0000000040094000
4K_leaf_kind5_L1.tcr 0000000080100010
4K_leaf_kind5_L1.va 0000000000000234
4K_leaf_kind5_L1.access 0000000000000000
4K_leaf_kind5_L1.table0 0000000040094000
4K_leaf_kind5_L1.value0 0000000040098003
4K_leaf_kind5_L1.table1 0000000040098000
4K_leaf_kind5_L1.value1 0000000100000401
4K_leaf_kind5_L1.table2 000000004009c000
4K_leaf_kind5_L1.value2 00000000400a0003
4K_leaf_kind5_L1.table3 00000000400a0000
4K_leaf_kind5_L1.value3 0000000000000000
4K_leaf_kind5_L1 0000000000000803
4K_leaf_success_L1.ttbr0 0000000040094000
4K_leaf_success_L1.ttbr1 0000000040094000
4K_leaf_success_L1.tcr 0000000080100010
4K_leaf_success_L1.va 0000000000000234
4K_leaf_success_L1.access 0000000000000000
4K_leaf_success_L1.table0 0000000040094000
4K_leaf_success_L1.value0 0000000040098003
4K_leaf_success_L1.table1 0000000040098000
4K_leaf_success_L1.value1 0000000040000401
4K_leaf_success_L1.table2 000000004009c000
4K_leaf_success_L1.value2 00000000400a0003
4K_leaf_success_L1.table3 00000000400a0000
4K_leaf_success_L1.value3 0000000000000000
4K_leaf_success_L1 ff00000040000a00
4K_leaf_PA36_L1.ttbr0 0000000040094000
4K_leaf_PA36_L1.ttbr1 0000000040094000
4K_leaf_PA36_L1.tcr 0000000180100010
4K_leaf_PA36_L1.va 0000000000000234
4K_leaf_PA36_L1.access 0000000000000000
4K_leaf_PA36_L1.table0 0000000040094000
4K_leaf_PA36_L1.value0 0000000040098003
4K_leaf_PA36_L1.table1 0000000040098000
4K_leaf_PA36_L1.value1 0000000100000401
4K_leaf_PA36_L1.table2 000000004009c000
4K_leaf_PA36_L1.value2 00000000400a0003
4K_leaf_PA36_L1.table3 00000000400a0000
4K_leaf_PA36_L1.value3 0000000000000000
4K_leaf_PA36_L1 ff00000100000a00
4K_leaf_kind3_L2.ttbr0 0000000040094000
4K_leaf_kind3_L2.ttbr1 0000000040094000
4K_leaf_kind3_L2.tcr 0000000080100010
4K_leaf_kind3_L2.va 0000000000000234
4K_leaf_kind3_L2.access 0000000000000000
4K_leaf_kind3_L2.table0 0000000040094000
4K_leaf_kind3_L2.value0 0000000040098003
4K_leaf_kind3_L2.table1 0000000040098000
4K_leaf_kind3_L2.value1 000000004009c003
4K_leaf_kind3_L2.table2 000000004009c000
4K_leaf_kind3_L2.value2 0000000040000001
4K_leaf_kind3_L2.table3 00000000400a0000
4K_leaf_kind3_L2.value3 0000000000000000
4K_leaf_kind3_L2 0000000000000815
4K_leaf_kind4_L2.ttbr0 0000000040094000
4K_leaf_kind4_L2.ttbr1 0000000040094000
4K_leaf_kind4_L2.tcr 0000000080100010
4K_leaf_kind4_L2.va 0000000000000234
4K_leaf_kind4_L2.access 0000000000000001
4K_leaf_kind4_L2.table0 0000000040094000
4K_leaf_kind4_L2.value0 0000000040098003
4K_leaf_kind4_L2.table1 0000000040098000
4K_leaf_kind4_L2.value1 000000004009c003
4K_leaf_kind4_L2.table2 000000004009c000
4K_leaf_kind4_L2.value2 0000000040000481
4K_leaf_kind4_L2.table3 00000000400a0000
4K_leaf_kind4_L2.value3 0000000000000000
4K_leaf_kind4_L2 000000000000081d
4K_leaf_kind5_L2.ttbr0 0000000040094000
4K_leaf_kind5_L2.ttbr1 0000000040094000
4K_leaf_kind5_L2.tcr 0000000080100010
4K_leaf_kind5_L2.va 0000000000000234
4K_leaf_kind5_L2.access 0000000000000000
4K_leaf_kind5_L2.table0 0000000040094000
4K_leaf_kind5_L2.value0 0000000040098003
4K_leaf_kind5_L2.table1 0000000040098000
4K_leaf_kind5_L2.value1 000000004009c003
4K_leaf_kind5_L2.table2 000000004009c000
4K_leaf_kind5_L2.value2 0000000100000401
4K_leaf_kind5_L2.table3 00000000400a0000
4K_leaf_kind5_L2.value3 0000000000000000
4K_leaf_kind5_L2 0000000000000805
4K_leaf_success_L2.ttbr0 0000000040094000
4K_leaf_success_L2.ttbr1 0000000040094000
4K_leaf_success_L2.tcr 0000000080100010
4K_leaf_success_L2.va 0000000000000234
4K_leaf_success_L2.access 0000000000000000
4K_leaf_success_L2.table0 0000000040094000
4K_leaf_success_L2.value0 0000000040098003
4K_leaf_success_L2.table1 0000000040098000
4K_leaf_success_L2.value1 000000004009c003
4K_leaf_success_L2.table2 000000004009c000
4K_leaf_success_L2.value2 0000000040000401
4K_leaf_success_L2.table3 00000000400a0000
4K_leaf_success_L2.value3 0000000000000000
4K_leaf_success_L2 ff00000040000a00
4K_leaf_PA36_L2.ttbr0 0000000040094000
4K_leaf_PA36_L2.ttbr1 0000000040094000
4K_leaf_PA36_L2.tcr 0000000180100010
4K_leaf_PA36_L2.va 0000000000000234
4K_leaf_PA36_L2.access 0000000000000000
4K_leaf_PA36_L2.table0 0000000040094000
4K_leaf_PA36_L2.value0 0000000040098003
4K_leaf_PA36_L2.table1 0000000040098000
4K_leaf_PA36_L2.value1 000000004009c003
4K_leaf_PA36_L2.table2 000000004009c000
4K_leaf_PA36_L2.value2 0000000100000401
4K_leaf_PA36_L2.table3 00000000400a0000
4K_leaf_PA36_L2.value3 0000000000000000
4K_leaf_PA36_L2 ff00000100000a00
4K_leaf_kind3_L3.ttbr0 0000000040094000
4K_leaf_kind3_L3.ttbr1 0000000040094000
4K_leaf_kind3_L3.tcr 0000000080100010
4K_leaf_kind3_L3.va 0000000000000234
4K_leaf_kind3_L3.access 0000000000000000
4K_leaf_kind3_L3.table0 0000000040094000
4K_leaf_kind3_L3.value0 0000000040098003
4K_leaf_kind3_L3.table1 0000000040098000
4K_leaf_kind3_L3.value1 000000004009c003
4K_leaf_kind3_L3.table2 000000004009c000
4K_leaf_kind3_L3.value2 00000000400a0003
4K_leaf_kind3_L3.table3 00000000400a0000
4K_leaf_kind3_L3.value3 0000000040000003
4K_leaf_kind3_L3 0000000000000817
4K_leaf_kind4_L3.ttbr0 0000000040094000
4K_leaf_kind4_L3.ttbr1 0000000040094000
4K_leaf_kind4_L3.tcr 0000000080100010
4K_leaf_kind4_L3.va 0000000000000234
4K_leaf_kind4_L3.access 0000000000000001
4K_leaf_kind4_L3.table0 0000000040094000
4K_leaf_kind4_L3.value0 0000000040098003
4K_leaf_kind4_L3.table1 0000000040098000
4K_leaf_kind4_L3.value1 000000004009c003
4K_leaf_kind4_L3.table2 000000004009c000
4K_leaf_kind4_L3.value2 00000000400a0003
4K_leaf_kind4_L3.table3 00000000400a0000
4K_leaf_kind4_L3.value3 0000000040000483
4K_leaf_kind4_L3 000000000000081f
4K_leaf_kind5_L3.ttbr0 0000000040094000
4K_leaf_kind5_L3.ttbr1 0000000040094000
4K_leaf_kind5_L3.tcr 0000000080100010
4K_leaf_kind5_L3.va 0000000000000234
4K_leaf_kind5_L3.access 0000000000000000
4K_leaf_kind5_L3.table0 0000000040094000
4K_leaf_kind5_L3.value0 0000000040098003
4K_leaf_kind5_L3.table1 0000000040098000
4K_leaf_kind5_L3.value1 000000004009c003
4K_leaf_kind5_L3.table2 000000004009c000
4K_leaf_kind5_L3.value2 00000000400a0003
4K_leaf_kind5_L3.table3 00000000400a0000
4K_leaf_kind5_L3.value3 0000000100000403
4K_leaf_kind5_L3 0000000000000807
4K_leaf_success_L3.ttbr0 0000000040094000
4K_leaf_success_L3.ttbr1 0000000040094000
4K_leaf_success_L3.tcr 0000000080100010
4K_leaf_success_L3.va 0000000000000234
4K_leaf_success_L3.access 0000000000000000
4K_leaf_success_L3.table0 0000000040094000
4K_leaf_success_L3.value0 0000000040098003
4K_leaf_success_L3.table1 0000000040098000
4K_leaf_success_L3.value1 000000004009c003
4K_leaf_success_L3.table2 000000004009c000
4K_leaf_success_L3.value2 00000000400a0003
4K_leaf_success_L3.table3 00000000400a0000
4K_leaf_success_L3.value3 0000000040000403
4K_leaf_success_L3 ff00000040000a00
4K_leaf_PA36_L3.ttbr0 0000000040094000
4K_leaf_PA36_L3.ttbr1 0000000040094000
4K_leaf_PA36_L3.tcr 0000000180100010
4K_leaf_PA36_L3.va 0000000000000234
4K_leaf_PA36_L3.access 0000000000000000
4K_leaf_PA36_L3.table0 0000000040094000
4K_leaf_PA36_L3.value0 0000000040098003
4K_leaf_PA36_L3.table1 0000000040098000
4K_leaf_PA36_L3.value1 000000004009c003
4K_leaf_PA36_L3.table2 000000004009c000
4K_leaf_PA36_L3.value2 00000000400a0003
4K_leaf_PA36_L3.table3 00000000400a0000
4K_leaf_PA36_L3.value3 0000000100000403
4K_leaf_PA36_L3 ff00000100000a00
4K_root_PA32_start0_tsz16_T0.ttbr0 0000000100000000
4K_root_PA32_start0_tsz16_T0.ttbr1 0000000100000000
4K_root_PA32_start0_tsz16_T0.tcr 0000000080100010
4K_root_PA32_start0_tsz16_T0.va 0000000000000234
4K_root_PA32_start0_tsz16_T0.access 0000000000000000
4K_root_PA32_start0_tsz16_T0.table0 0000000040094000
4K_root_PA32_start0_tsz16_T0.value0 0000000040098003
4K_root_PA32_start0_tsz16_T0.table1 0000000040098000
4K_root_PA32_start0_tsz16_T0.value1 000000004009c003
4K_root_PA32_start0_tsz16_T0.table2 000000004009c000
4K_root_PA32_start0_tsz16_T0.value2 00000000400a0003
4K_root_PA32_start0_tsz16_T0.table3 00000000400a0000
4K_root_PA32_start0_tsz16_T0.value3 0000000040000403
4K_root_PA32_start0_tsz16_T0 0000000000000801
4K_EPD_start0_tsz16_T0.ttbr0 0000000040094000
4K_EPD_start0_tsz16_T0.ttbr1 0000000040094000
4K_EPD_start0_tsz16_T0.tcr 0000000080100090
4K_EPD_start0_tsz16_T0.va 0000000000000234
4K_EPD_start0_tsz16_T0.access 0000000000000000
4K_EPD_start0_tsz16_T0.table0 0000000040094000
4K_EPD_start0_tsz16_T0.value0 0000000040098003
4K_EPD_start0_tsz16_T0.table1 0000000040098000
4K_EPD_start0_tsz16_T0.value1 000000004009c003
4K_EPD_start0_tsz16_T0.table2 000000004009c000
4K_EPD_start0_tsz16_T0.value2 00000000400a0003
4K_EPD_start0_tsz16_T0.table3 00000000400a0000
4K_EPD_start0_tsz16_T0.value3 0000000040000403
4K_EPD_start0_tsz16_T0 0000000000000809
4K_invalid_start0_tsz16_T0.ttbr0 0000000040094000
4K_invalid_start0_tsz16_T0.ttbr1 0000000040094000
4K_invalid_start0_tsz16_T0.tcr 0000000080100010
4K_invalid_start0_tsz16_T0.va 0000000000000234
4K_invalid_start0_tsz16_T0.access 0000000000000000
4K_invalid_start0_tsz16_T0.table0 0000000040094000
4K_invalid_start0_tsz16_T0.value0 0000000000000000
4K_invalid_start0_tsz16_T0.table1 0000000040098000
4K_invalid_start0_tsz16_T0.value1 000000004009c003
4K_invalid_start0_tsz16_T0.table2 000000004009c000
4K_invalid_start0_tsz16_T0.value2 00000000400a0003
4K_invalid_start0_tsz16_T0.table3 00000000400a0000
4K_invalid_start0_tsz16_T0.value3 0000000000000000
4K_invalid_start0_tsz16_T0 0000000000000809
4K_root_PA32_start0_tsz16_T1.ttbr0 0000000100000000
4K_root_PA32_start0_tsz16_T1.ttbr1 0000000100000000
4K_root_PA32_start0_tsz16_T1.tcr 0000000080100010
4K_root_PA32_start0_tsz16_T1.va ffff000000000234
4K_root_PA32_start0_tsz16_T1.access 0000000000000000
4K_root_PA32_start0_tsz16_T1.table0 0000000040094000
4K_root_PA32_start0_tsz16_T1.value0 0000000040098003
4K_root_PA32_start0_tsz16_T1.table1 0000000040098000
4K_root_PA32_start0_tsz16_T1.value1 000000004009c003
4K_root_PA32_start0_tsz16_T1.table2 000000004009c000
4K_root_PA32_start0_tsz16_T1.value2 00000000400a0003
4K_root_PA32_start0_tsz16_T1.table3 00000000400a0000
4K_root_PA32_start0_tsz16_T1.value3 0000000040000403
4K_root_PA32_start0_tsz16_T1 0000000000000801
4K_EPD_start0_tsz16_T1.ttbr0 0000000040094000
4K_EPD_start0_tsz16_T1.ttbr1 0000000040094000
4K_EPD_start0_tsz16_T1.tcr 0000000080900010
4K_EPD_start0_tsz16_T1.va ffff000000000234
4K_EPD_start0_tsz16_T1.access 0000000000000000
4K_EPD_start0_tsz16_T1.table0 0000000040094000
4K_EPD_start0_tsz16_T1.value0 0000000040098003
4K_EPD_start0_tsz16_T1.table1 0000000040098000
4K_EPD_start0_tsz16_T1.value1 000000004009c003
4K_EPD_start0_tsz16_T1.table2 000000004009c000
4K_EPD_start0_tsz16_T1.value2 00000000400a0003
4K_EPD_start0_tsz16_T1.table3 00000000400a0000
4K_EPD_start0_tsz16_T1.value3 0000000040000403
4K_EPD_start0_tsz16_T1 0000000000000809
4K_invalid_start0_tsz16_T1.ttbr0 0000000040094000
4K_invalid_start0_tsz16_T1.ttbr1 0000000040094000
4K_invalid_start0_tsz16_T1.tcr 0000000080100010
4K_invalid_start0_tsz16_T1.va ffff000000000234
4K_invalid_start0_tsz16_T1.access 0000000000000000
4K_invalid_start0_tsz16_T1.table0 0000000040094000
4K_invalid_start0_tsz16_T1.value0 0000000000000000
4K_invalid_start0_tsz16_T1.table1 0000000040098000
4K_invalid_start0_tsz16_T1.value1 000000004009c003
4K_invalid_start0_tsz16_T1.table2 000000004009c000
4K_invalid_start0_tsz16_T1.value2 00000000400a0003
4K_invalid_start0_tsz16_T1.table3 00000000400a0000
4K_invalid_start0_tsz16_T1.value3 0000000000000000
4K_invalid_start0_tsz16_T1 0000000000000809
4K_noncanonical_tsz16.ttbr0 0000000040094000
4K_noncanonical_tsz16.ttbr1 0000000040094000
4K_noncanonical_tsz16.tcr 0000000080100010
4K_noncanonical_tsz16.va 0001000000000000
4K_noncanonical_tsz16.access 0000000000000000
4K_noncanonical_tsz16.table0 0000000040094000
4K_noncanonical_tsz16.value0 0000000040098003
4K_noncanonical_tsz16.table1 0000000040098000
4K_noncanonical_tsz16.value1 000000004009c003
4K_noncanonical_tsz16.table2 000000004009c000
4K_noncanonical_tsz16.value2 00000000400a0003
4K_noncanonical_tsz16.table3 00000000400a0000
4K_noncanonical_tsz16.value3 0000000040000403
4K_noncanonical_tsz16 0000000000000809
4K_root_PA32_start1_tsz25_T0.ttbr0 0000000100000000
4K_root_PA32_start1_tsz25_T0.ttbr1 0000000100000000
4K_root_PA32_start1_tsz25_T0.tcr 0000000080190019
4K_root_PA32_start1_tsz25_T0.va 0000000000000234
4K_root_PA32_start1_tsz25_T0.access 0000000000000000
4K_root_PA32_start1_tsz25_T0.table0 0000000040094000
4K_root_PA32_start1_tsz25_T0.value0 0000000000000000
4K_root_PA32_start1_tsz25_T0.table1 0000000040098000
4K_root_PA32_start1_tsz25_T0.value1 000000004009c003
4K_root_PA32_start1_tsz25_T0.table2 000000004009c000
4K_root_PA32_start1_tsz25_T0.value2 00000000400a0003
4K_root_PA32_start1_tsz25_T0.table3 00000000400a0000
4K_root_PA32_start1_tsz25_T0.value3 0000000040000403
4K_root_PA32_start1_tsz25_T0 0000000000000801
4K_EPD_start1_tsz25_T0.ttbr0 0000000040098000
4K_EPD_start1_tsz25_T0.ttbr1 0000000040098000
4K_EPD_start1_tsz25_T0.tcr 0000000080190099
4K_EPD_start1_tsz25_T0.va 0000000000000234
4K_EPD_start1_tsz25_T0.access 0000000000000000
4K_EPD_start1_tsz25_T0.table0 0000000040094000
4K_EPD_start1_tsz25_T0.value0 0000000000000000
4K_EPD_start1_tsz25_T0.table1 0000000040098000
4K_EPD_start1_tsz25_T0.value1 000000004009c003
4K_EPD_start1_tsz25_T0.table2 000000004009c000
4K_EPD_start1_tsz25_T0.value2 00000000400a0003
4K_EPD_start1_tsz25_T0.table3 00000000400a0000
4K_EPD_start1_tsz25_T0.value3 0000000040000403
4K_EPD_start1_tsz25_T0 0000000000000809
4K_invalid_start1_tsz25_T0.ttbr0 0000000040098000
4K_invalid_start1_tsz25_T0.ttbr1 0000000040098000
4K_invalid_start1_tsz25_T0.tcr 0000000080190019
4K_invalid_start1_tsz25_T0.va 0000000000000234
4K_invalid_start1_tsz25_T0.access 0000000000000000
4K_invalid_start1_tsz25_T0.table0 0000000040094000
4K_invalid_start1_tsz25_T0.value0 0000000000000000
4K_invalid_start1_tsz25_T0.table1 0000000040098000
4K_invalid_start1_tsz25_T0.value1 0000000000000000
4K_invalid_start1_tsz25_T0.table2 000000004009c000
4K_invalid_start1_tsz25_T0.value2 00000000400a0003
4K_invalid_start1_tsz25_T0.table3 00000000400a0000
4K_invalid_start1_tsz25_T0.value3 0000000000000000
4K_invalid_start1_tsz25_T0 000000000000080b
4K_root_PA32_start1_tsz25_T1.ttbr0 0000000100000000
4K_root_PA32_start1_tsz25_T1.ttbr1 0000000100000000
4K_root_PA32_start1_tsz25_T1.tcr 0000000080190019
4K_root_PA32_start1_tsz25_T1.va ffffff8000000234
4K_root_PA32_start1_tsz25_T1.access 0000000000000000
4K_root_PA32_start1_tsz25_T1.table0 0000000040094000
4K_root_PA32_start1_tsz25_T1.value0 0000000000000000
4K_root_PA32_start1_tsz25_T1.table1 0000000040098000
4K_root_PA32_start1_tsz25_T1.value1 000000004009c003
4K_root_PA32_start1_tsz25_T1.table2 000000004009c000
4K_root_PA32_start1_tsz25_T1.value2 00000000400a0003
4K_root_PA32_start1_tsz25_T1.table3 00000000400a0000
4K_root_PA32_start1_tsz25_T1.value3 0000000040000403
4K_root_PA32_start1_tsz25_T1 0000000000000801
4K_EPD_start1_tsz25_T1.ttbr0 0000000040098000
4K_EPD_start1_tsz25_T1.ttbr1 0000000040098000
4K_EPD_start1_tsz25_T1.tcr 0000000080990019
4K_EPD_start1_tsz25_T1.va ffffff8000000234
4K_EPD_start1_tsz25_T1.access 0000000000000000
4K_EPD_start1_tsz25_T1.table0 0000000040094000
4K_EPD_start1_tsz25_T1.value0 0000000000000000
4K_EPD_start1_tsz25_T1.table1 0000000040098000
4K_EPD_start1_tsz25_T1.value1 000000004009c003
4K_EPD_start1_tsz25_T1.table2 000000004009c000
4K_EPD_start1_tsz25_T1.value2 00000000400a0003
4K_EPD_start1_tsz25_T1.table3 00000000400a0000
4K_EPD_start1_tsz25_T1.value3 0000000040000403
4K_EPD_start1_tsz25_T1 0000000000000809
4K_invalid_start1_tsz25_T1.ttbr0 0000000040098000
4K_invalid_start1_tsz25_T1.ttbr1 0000000040098000
4K_invalid_start1_tsz25_T1.tcr 0000000080190019
4K_invalid_start1_tsz25_T1.va ffffff8000000234
4K_invalid_start1_tsz25_T1.access 0000000000000000
4K_invalid_start1_tsz25_T1.table0 0000000040094000
4K_invalid_start1_tsz25_T1.value0 0000000000000000
4K_invalid_start1_tsz25_T1.table1 0000000040098000
4K_invalid_start1_tsz25_T1.value1 0000000000000000
4K_invalid_start1_tsz25_T1.table2 000000004009c000
4K_invalid_start1_tsz25_T1.value2 00000000400a0003
4K_invalid_start1_tsz25_T1.table3 00000000400a0000
4K_invalid_start1_tsz25_T1.value3 0000000000000000
4K_invalid_start1_tsz25_T1 000000000000080b
4K_noncanonical_tsz25.ttbr0 0000000040098000
4K_noncanonical_tsz25.ttbr1 0000000040098000
4K_noncanonical_tsz25.tcr 0000000080190019
4K_noncanonical_tsz25.va 0000008000000000
4K_noncanonical_tsz25.access 0000000000000000
4K_noncanonical_tsz25.table0 0000000040094000
4K_noncanonical_tsz25.value0 0000000000000000
4K_noncanonical_tsz25.table1 0000000040098000
4K_noncanonical_tsz25.value1 000000004009c003
4K_noncanonical_tsz25.table2 000000004009c000
4K_noncanonical_tsz25.value2 00000000400a0003
4K_noncanonical_tsz25.table3 00000000400a0000
4K_noncanonical_tsz25.value3 0000000040000403
4K_noncanonical_tsz25 0000000000000809
4K_root_PA32_start2_tsz34_T0.ttbr0 0000000100000000
4K_root_PA32_start2_tsz34_T0.ttbr1 0000000100000000
4K_root_PA32_start2_tsz34_T0.tcr 0000000080220022
4K_root_PA32_start2_tsz34_T0.va 0000000000000234
4K_root_PA32_start2_tsz34_T0.access 0000000000000000
4K_root_PA32_start2_tsz34_T0.table0 0000000040094000
4K_root_PA32_start2_tsz34_T0.value0 0000000000000000
4K_root_PA32_start2_tsz34_T0.table1 0000000040098000
4K_root_PA32_start2_tsz34_T0.value1 0000000000000000
4K_root_PA32_start2_tsz34_T0.table2 000000004009c000
4K_root_PA32_start2_tsz34_T0.value2 00000000400a0003
4K_root_PA32_start2_tsz34_T0.table3 00000000400a0000
4K_root_PA32_start2_tsz34_T0.value3 0000000040000403
4K_root_PA32_start2_tsz34_T0 0000000000000801
4K_EPD_start2_tsz34_T0.ttbr0 000000004009c000
4K_EPD_start2_tsz34_T0.ttbr1 000000004009c000
4K_EPD_start2_tsz34_T0.tcr 00000000802200a2
4K_EPD_start2_tsz34_T0.va 0000000000000234
4K_EPD_start2_tsz34_T0.access 0000000000000000
4K_EPD_start2_tsz34_T0.table0 0000000040094000
4K_EPD_start2_tsz34_T0.value0 0000000000000000
4K_EPD_start2_tsz34_T0.table1 0000000040098000
4K_EPD_start2_tsz34_T0.value1 0000000000000000
4K_EPD_start2_tsz34_T0.table2 000000004009c000
4K_EPD_start2_tsz34_T0.value2 00000000400a0003
4K_EPD_start2_tsz34_T0.table3 00000000400a0000
4K_EPD_start2_tsz34_T0.value3 0000000040000403
4K_EPD_start2_tsz34_T0 0000000000000809
4K_invalid_start2_tsz34_T0.ttbr0 000000004009c000
4K_invalid_start2_tsz34_T0.ttbr1 000000004009c000
4K_invalid_start2_tsz34_T0.tcr 0000000080220022
4K_invalid_start2_tsz34_T0.va 0000000000000234
4K_invalid_start2_tsz34_T0.access 0000000000000000
4K_invalid_start2_tsz34_T0.table0 0000000040094000
4K_invalid_start2_tsz34_T0.value0 0000000000000000
4K_invalid_start2_tsz34_T0.table1 0000000040098000
4K_invalid_start2_tsz34_T0.value1 0000000000000000
4K_invalid_start2_tsz34_T0.table2 000000004009c000
4K_invalid_start2_tsz34_T0.value2 0000000000000000
4K_invalid_start2_tsz34_T0.table3 00000000400a0000
4K_invalid_start2_tsz34_T0.value3 0000000000000000
4K_invalid_start2_tsz34_T0 000000000000080d
4K_root_PA32_start2_tsz34_T1.ttbr0 0000000100000000
4K_root_PA32_start2_tsz34_T1.ttbr1 0000000100000000
4K_root_PA32_start2_tsz34_T1.tcr 0000000080220022
4K_root_PA32_start2_tsz34_T1.va ffffffffc0000234
4K_root_PA32_start2_tsz34_T1.access 0000000000000000
4K_root_PA32_start2_tsz34_T1.table0 0000000040094000
4K_root_PA32_start2_tsz34_T1.value0 0000000000000000
4K_root_PA32_start2_tsz34_T1.table1 0000000040098000
4K_root_PA32_start2_tsz34_T1.value1 0000000000000000
4K_root_PA32_start2_tsz34_T1.table2 000000004009c000
4K_root_PA32_start2_tsz34_T1.value2 00000000400a0003
4K_root_PA32_start2_tsz34_T1.table3 00000000400a0000
4K_root_PA32_start2_tsz34_T1.value3 0000000040000403
4K_root_PA32_start2_tsz34_T1 0000000000000801
4K_EPD_start2_tsz34_T1.ttbr0 000000004009c000
4K_EPD_start2_tsz34_T1.ttbr1 000000004009c000
4K_EPD_start2_tsz34_T1.tcr 0000000080a20022
4K_EPD_start2_tsz34_T1.va ffffffffc0000234
4K_EPD_start2_tsz34_T1.access 0000000000000000
4K_EPD_start2_tsz34_T1.table0 0000000040094000
4K_EPD_start2_tsz34_T1.value0 0000000000000000
4K_EPD_start2_tsz34_T1.table1 0000000040098000
4K_EPD_start2_tsz34_T1.value1 0000000000000000
4K_EPD_start2_tsz34_T1.table2 000000004009c000
4K_EPD_start2_tsz34_T1.value2 00000000400a0003
4K_EPD_start2_tsz34_T1.table3 00000000400a0000
4K_EPD_start2_tsz34_T1.value3 0000000040000403
4K_EPD_start2_tsz34_T1 0000000000000809
4K_invalid_start2_tsz34_T1.ttbr0 000000004009c000
4K_invalid_start2_tsz34_T1.ttbr1 000000004009c000
4K_invalid_start2_tsz34_T1.tcr 0000000080220022
4K_invalid_start2_tsz34_T1.va ffffffffc0000234
4K_invalid_start2_tsz34_T1.access 0000000000000000
4K_invalid_start2_tsz34_T1.table0 0000000040094000
4K_invalid_start2_tsz34_T1.value0 0000000000000000
4K_invalid_start2_tsz34_T1.table1 0000000040098000
4K_invalid_start2_tsz34_T1.value1 0000000000000000
4K_invalid_start2_tsz34_T1.table2 000000004009c000
4K_invalid_start2_tsz34_T1.value2 0000000000000000
4K_invalid_start2_tsz34_T1.table3 00000000400a0000
4K_invalid_start2_tsz34_T1.value3 0000000000000000
4K_invalid_start2_tsz34_T1 000000000000080d
4K_noncanonical_tsz34.ttbr0 000000004009c000
4K_noncanonical_tsz34.ttbr1 000000004009c000
4K_noncanonical_tsz34.tcr 0000000080220022
4K_noncanonical_tsz34.va 0000000040000000
4K_noncanonical_tsz34.access 0000000000000000
4K_noncanonical_tsz34.table0 0000000040094000
4K_noncanonical_tsz34.value0 0000000000000000
4K_noncanonical_tsz34.table1 0000000040098000
4K_noncanonical_tsz34.value1 0000000000000000
4K_noncanonical_tsz34.table2 000000004009c000
4K_noncanonical_tsz34.value2 00000000400a0003
4K_noncanonical_tsz34.table3 00000000400a0000
4K_noncanonical_tsz34.value3 0000000040000403
4K_noncanonical_tsz34 0000000000000809
4K_root_PA32_start2_tsz39_T0.ttbr0 0000000100000000
4K_root_PA32_start2_tsz39_T0.ttbr1 0000000100000000
4K_root_PA32_start2_tsz39_T0.tcr 0000000080270027
4K_root_PA32_start2_tsz39_T0.va 0000000000000234
4K_root_PA32_start2_tsz39_T0.access 0000000000000000
4K_root_PA32_start2_tsz39_T0.table0 0000000040094000
4K_root_PA32_start2_tsz39_T0.value0 0000000000000000
4K_root_PA32_start2_tsz39_T0.table1 0000000040098000
4K_root_PA32_start2_tsz39_T0.value1 0000000000000000
4K_root_PA32_start2_tsz39_T0.table2 000000004009c000
4K_root_PA32_start2_tsz39_T0.value2 00000000400a0003
4K_root_PA32_start2_tsz39_T0.table3 00000000400a0000
4K_root_PA32_start2_tsz39_T0.value3 0000000040000403
4K_root_PA32_start2_tsz39_T0 0000000000000801
4K_EPD_start2_tsz39_T0.ttbr0 000000004009c000
4K_EPD_start2_tsz39_T0.ttbr1 000000004009c000
4K_EPD_start2_tsz39_T0.tcr 00000000802700a7
4K_EPD_start2_tsz39_T0.va 0000000000000234
4K_EPD_start2_tsz39_T0.access 0000000000000000
4K_EPD_start2_tsz39_T0.table0 0000000040094000
4K_EPD_start2_tsz39_T0.value0 0000000000000000
4K_EPD_start2_tsz39_T0.table1 0000000040098000
4K_EPD_start2_tsz39_T0.value1 0000000000000000
4K_EPD_start2_tsz39_T0.table2 000000004009c000
4K_EPD_start2_tsz39_T0.value2 00000000400a0003
4K_EPD_start2_tsz39_T0.table3 00000000400a0000
4K_EPD_start2_tsz39_T0.value3 0000000040000403
4K_EPD_start2_tsz39_T0 0000000000000809
4K_invalid_start2_tsz39_T0.ttbr0 000000004009c000
4K_invalid_start2_tsz39_T0.ttbr1 000000004009c000
4K_invalid_start2_tsz39_T0.tcr 0000000080270027
4K_invalid_start2_tsz39_T0.va 0000000000000234
4K_invalid_start2_tsz39_T0.access 0000000000000000
4K_invalid_start2_tsz39_T0.table0 0000000040094000
4K_invalid_start2_tsz39_T0.value0 0000000000000000
4K_invalid_start2_tsz39_T0.table1 0000000040098000
4K_invalid_start2_tsz39_T0.value1 0000000000000000
4K_invalid_start2_tsz39_T0.table2 000000004009c000
4K_invalid_start2_tsz39_T0.value2 0000000000000000
4K_invalid_start2_tsz39_T0.table3 00000000400a0000
4K_invalid_start2_tsz39_T0.value3 0000000000000000
4K_invalid_start2_tsz39_T0 000000000000080d
4K_root_PA32_start2_tsz39_T1.ttbr0 0000000100000000
4K_root_PA32_start2_tsz39_T1.ttbr1 0000000100000000
4K_root_PA32_start2_tsz39_T1.tcr 0000000080270027
4K_root_PA32_start2_tsz39_T1.va fffffffffe000234
4K_root_PA32_start2_tsz39_T1.access 0000000000000000
4K_root_PA32_start2_tsz39_T1.table0 0000000040094000
4K_root_PA32_start2_tsz39_T1.value0 0000000000000000
4K_root_PA32_start2_tsz39_T1.table1 0000000040098000
4K_root_PA32_start2_tsz39_T1.value1 0000000000000000
4K_root_PA32_start2_tsz39_T1.table2 000000004009c000
4K_root_PA32_start2_tsz39_T1.value2 00000000400a0003
4K_root_PA32_start2_tsz39_T1.table3 00000000400a0000
4K_root_PA32_start2_tsz39_T1.value3 0000000040000403
4K_root_PA32_start2_tsz39_T1 0000000000000801
4K_EPD_start2_tsz39_T1.ttbr0 000000004009c000
4K_EPD_start2_tsz39_T1.ttbr1 000000004009c000
4K_EPD_start2_tsz39_T1.tcr 0000000080a70027
4K_EPD_start2_tsz39_T1.va fffffffffe000234
4K_EPD_start2_tsz39_T1.access 0000000000000000
4K_EPD_start2_tsz39_T1.table0 0000000040094000
4K_EPD_start2_tsz39_T1.value0 0000000000000000
4K_EPD_start2_tsz39_T1.table1 0000000040098000
4K_EPD_start2_tsz39_T1.value1 0000000000000000
4K_EPD_start2_tsz39_T1.table2 000000004009c000
4K_EPD_start2_tsz39_T1.value2 00000000400a0003
4K_EPD_start2_tsz39_T1.table3 00000000400a0000
4K_EPD_start2_tsz39_T1.value3 0000000040000403
4K_EPD_start2_tsz39_T1 0000000000000809
4K_invalid_start2_tsz39_T1.ttbr0 000000004009c000
4K_invalid_start2_tsz39_T1.ttbr1 000000004009c000
4K_invalid_start2_tsz39_T1.tcr 0000000080270027
4K_invalid_start2_tsz39_T1.va fffffffffe000234
4K_invalid_start2_tsz39_T1.access 0000000000000000
4K_invalid_start2_tsz39_T1.table0 0000000040094000
4K_invalid_start2_tsz39_T1.value0 0000000000000000
4K_invalid_start2_tsz39_T1.table1 0000000040098000
4K_invalid_start2_tsz39_T1.value1 0000000000000000
4K_invalid_start2_tsz39_T1.table2 000000004009c000
4K_invalid_start2_tsz39_T1.value2 0000000000000000
4K_invalid_start2_tsz39_T1.table3 00000000400a0000
4K_invalid_start2_tsz39_T1.value3 0000000000000000
4K_invalid_start2_tsz39_T1 000000000000080d
4K_noncanonical_tsz39.ttbr0 000000004009c000
4K_noncanonical_tsz39.ttbr1 000000004009c000
4K_noncanonical_tsz39.tcr 0000000080270027
4K_noncanonical_tsz39.va 0000000002000000
4K_noncanonical_tsz39.access 0000000000000000
4K_noncanonical_tsz39.table0 0000000040094000
4K_noncanonical_tsz39.value0 0000000000000000
4K_noncanonical_tsz39.table1 0000000040098000
4K_noncanonical_tsz39.value1 0000000000000000
4K_noncanonical_tsz39.table2 000000004009c000
4K_noncanonical_tsz39.value2 00000000400a0003
4K_noncanonical_tsz39.table3 00000000400a0000
4K_noncanonical_tsz39.value3 0000000040000403
4K_noncanonical_tsz39 0000000000000809
16K_TTBR0_invalid0_L1.ttbr0 0000000040098000
16K_TTBR0_invalid0_L1.ttbr1 0000000040098000
16K_TTBR0_invalid0_L1.tcr 0000000040118011
16K_TTBR0_invalid0_L1.va 0000000000000234
16K_TTBR0_invalid0_L1.access 0000000000000000
16K_TTBR0_invalid0_L1.table0 0000000040094000
16K_TTBR0_invalid0_L1.value0 0000000000000000
16K_TTBR0_invalid0_L1.table1 0000000040098000
16K_TTBR0_invalid0_L1.value1 0000000000000000
16K_TTBR0_invalid0_L1.table2 000000004009c000
16K_TTBR0_invalid0_L1.value2 00000000400a0003
16K_TTBR0_invalid0_L1.table3 00000000400a0000
16K_TTBR0_invalid0_L1.value3 0000000000000000
16K_TTBR0_invalid0_L1 000000000000080b
16K_TTBR0_invalid1_L1.ttbr0 0000000040098000
16K_TTBR0_invalid1_L1.ttbr1 0000000040098000
16K_TTBR0_invalid1_L1.tcr 0000000040118011
16K_TTBR0_invalid1_L1.va 0000000000000234
16K_TTBR0_invalid1_L1.access 0000000000000000
16K_TTBR0_invalid1_L1.table0 0000000040094000
16K_TTBR0_invalid1_L1.value0 0000000000000000
16K_TTBR0_invalid1_L1.table1 0000000040098000
16K_TTBR0_invalid1_L1.value1 0000000000000002
16K_TTBR0_invalid1_L1.table2 000000004009c000
16K_TTBR0_invalid1_L1.value2 00000000400a0003
16K_TTBR0_invalid1_L1.table3 00000000400a0000
16K_TTBR0_invalid1_L1.value3 0000000000000000
16K_TTBR0_invalid1_L1 000000000000080b
16K_TTBR1_invalid0_L1.ttbr0 0000000040098000
16K_TTBR1_invalid0_L1.ttbr1 0000000040098000
16K_TTBR1_invalid0_L1.tcr 0000000040118011
16K_TTBR1_invalid0_L1.va ffff800000000234
16K_TTBR1_invalid0_L1.access 0000000000000000
16K_TTBR1_invalid0_L1.table0 0000000040094000
16K_TTBR1_invalid0_L1.value0 0000000000000000
16K_TTBR1_invalid0_L1.table1 0000000040098000
16K_TTBR1_invalid0_L1.value1 0000000000000000
16K_TTBR1_invalid0_L1.table2 000000004009c000
16K_TTBR1_invalid0_L1.value2 00000000400a0003
16K_TTBR1_invalid0_L1.table3 00000000400a0000
16K_TTBR1_invalid0_L1.value3 0000000000000000
16K_TTBR1_invalid0_L1 000000000000080b
16K_TTBR1_invalid1_L1.ttbr0 0000000040098000
16K_TTBR1_invalid1_L1.ttbr1 0000000040098000
16K_TTBR1_invalid1_L1.tcr 0000000040118011
16K_TTBR1_invalid1_L1.va ffff800000000234
16K_TTBR1_invalid1_L1.access 0000000000000000
16K_TTBR1_invalid1_L1.table0 0000000040094000
16K_TTBR1_invalid1_L1.value0 0000000000000000
16K_TTBR1_invalid1_L1.table1 0000000040098000
16K_TTBR1_invalid1_L1.value1 0000000000000002
16K_TTBR1_invalid1_L1.table2 000000004009c000
16K_TTBR1_invalid1_L1.value2 00000000400a0003
16K_TTBR1_invalid1_L1.table3 00000000400a0000
16K_TTBR1_invalid1_L1.value3 0000000000000000
16K_TTBR1_invalid1_L1 000000000000080b
16K_reserved_block_L1.ttbr0 0000000040098000
16K_reserved_block_L1.ttbr1 0000000040098000
16K_reserved_block_L1.tcr 0000000040118011
16K_reserved_block_L1.va 0000000000000234
16K_reserved_block_L1.access 0000000000000000
16K_reserved_block_L1.table0 0000000040094000
16K_reserved_block_L1.value0 0000000000000000
16K_reserved_block_L1.table1 0000000040098000
16K_reserved_block_L1.value1 0000000000000401
16K_reserved_block_L1.table2 000000004009c000
16K_reserved_block_L1.value2 00000000400a0003
16K_reserved_block_L1.table3 00000000400a0000
16K_reserved_block_L1.value3 0000000000000000
16K_reserved_block_L1 000000000000080b
16K_table_PA32_L1.ttbr0 0000000040098000
16K_table_PA32_L1.ttbr1 0000000040098000
16K_table_PA32_L1.tcr 0000000040118011
16K_table_PA32_L1.va 0000000000000234
16K_table_PA32_L1.access 0000000000000000
16K_table_PA32_L1.table0 0000000040094000
16K_table_PA32_L1.value0 0000000000000000
16K_table_PA32_L1.table1 0000000040098000
16K_table_PA32_L1.value1 0000000100000003
16K_table_PA32_L1.table2 000000004009c000
16K_table_PA32_L1.value2 00000000400a0003
16K_table_PA32_L1.table3 00000000400a0000
16K_table_PA32_L1.value3 0000000000000000
16K_table_PA32_L1 0000000000000803
16K_TTBR0_invalid0_L2.ttbr0 0000000040098000
16K_TTBR0_invalid0_L2.ttbr1 0000000040098000
16K_TTBR0_invalid0_L2.tcr 0000000040118011
16K_TTBR0_invalid0_L2.va 0000000000000234
16K_TTBR0_invalid0_L2.access 0000000000000000
16K_TTBR0_invalid0_L2.table0 0000000040094000
16K_TTBR0_invalid0_L2.value0 0000000000000000
16K_TTBR0_invalid0_L2.table1 0000000040098000
16K_TTBR0_invalid0_L2.value1 000000004009c003
16K_TTBR0_invalid0_L2.table2 000000004009c000
16K_TTBR0_invalid0_L2.value2 0000000000000000
16K_TTBR0_invalid0_L2.table3 00000000400a0000
16K_TTBR0_invalid0_L2.value3 0000000000000000
16K_TTBR0_invalid0_L2 000000000000080d
16K_TTBR0_invalid1_L2.ttbr0 0000000040098000
16K_TTBR0_invalid1_L2.ttbr1 0000000040098000
16K_TTBR0_invalid1_L2.tcr 0000000040118011
16K_TTBR0_invalid1_L2.va 0000000000000234
16K_TTBR0_invalid1_L2.access 0000000000000000
16K_TTBR0_invalid1_L2.table0 0000000040094000
16K_TTBR0_invalid1_L2.value0 0000000000000000
16K_TTBR0_invalid1_L2.table1 0000000040098000
16K_TTBR0_invalid1_L2.value1 000000004009c003
16K_TTBR0_invalid1_L2.table2 000000004009c000
16K_TTBR0_invalid1_L2.value2 0000000000000002
16K_TTBR0_invalid1_L2.table3 00000000400a0000
16K_TTBR0_invalid1_L2.value3 0000000000000000
16K_TTBR0_invalid1_L2 000000000000080d
16K_TTBR1_invalid0_L2.ttbr0 0000000040098000
16K_TTBR1_invalid0_L2.ttbr1 0000000040098000
16K_TTBR1_invalid0_L2.tcr 0000000040118011
16K_TTBR1_invalid0_L2.va ffff800000000234
16K_TTBR1_invalid0_L2.access 0000000000000000
16K_TTBR1_invalid0_L2.table0 0000000040094000
16K_TTBR1_invalid0_L2.value0 0000000000000000
16K_TTBR1_invalid0_L2.table1 0000000040098000
16K_TTBR1_invalid0_L2.value1 000000004009c003
16K_TTBR1_invalid0_L2.table2 000000004009c000
16K_TTBR1_invalid0_L2.value2 0000000000000000
16K_TTBR1_invalid0_L2.table3 00000000400a0000
16K_TTBR1_invalid0_L2.value3 0000000000000000
16K_TTBR1_invalid0_L2 000000000000080d
16K_TTBR1_invalid1_L2.ttbr0 0000000040098000
16K_TTBR1_invalid1_L2.ttbr1 0000000040098000
16K_TTBR1_invalid1_L2.tcr 0000000040118011
16K_TTBR1_invalid1_L2.va ffff800000000234
16K_TTBR1_invalid1_L2.access 0000000000000000
16K_TTBR1_invalid1_L2.table0 0000000040094000
16K_TTBR1_invalid1_L2.value0 0000000000000000
16K_TTBR1_invalid1_L2.table1 0000000040098000
16K_TTBR1_invalid1_L2.value1 000000004009c003
16K_TTBR1_invalid1_L2.table2 000000004009c000
16K_TTBR1_invalid1_L2.value2 0000000000000002
16K_TTBR1_invalid1_L2.table3 00000000400a0000
16K_TTBR1_invalid1_L2.value3 0000000000000000
16K_TTBR1_invalid1_L2 000000000000080d
16K_table_PA32_L2.ttbr0 0000000040098000
16K_table_PA32_L2.ttbr1 0000000040098000
16K_table_PA32_L2.tcr 0000000040118011
16K_table_PA32_L2.va 0000000000000234
16K_table_PA32_L2.access 0000000000000000
16K_table_PA32_L2.table0 0000000040094000
16K_table_PA32_L2.value0 0000000000000000
16K_table_PA32_L2.table1 0000000040098000
16K_table_PA32_L2.value1 000000004009c003
16K_table_PA32_L2.table2 000000004009c000
16K_table_PA32_L2.value2 0000000100000003
16K_table_PA32_L2.table3 00000000400a0000
16K_table_PA32_L2.value3 0000000000000000
16K_table_PA32_L2 0000000000000805
16K_TTBR0_invalid0_L3.ttbr0 0000000040098000
16K_TTBR0_invalid0_L3.ttbr1 0000000040098000
16K_TTBR0_invalid0_L3.tcr 0000000040118011
16K_TTBR0_invalid0_L3.va 0000000000000234
16K_TTBR0_invalid0_L3.access 0000000000000000
16K_TTBR0_invalid0_L3.table0 0000000040094000
16K_TTBR0_invalid0_L3.value0 0000000000000000
16K_TTBR0_invalid0_L3.table1 0000000040098000
16K_TTBR0_invalid0_L3.value1 000000004009c003
16K_TTBR0_invalid0_L3.table2 000000004009c000
16K_TTBR0_invalid0_L3.value2 00000000400a0003
16K_TTBR0_invalid0_L3.table3 00000000400a0000
16K_TTBR0_invalid0_L3.value3 0000000000000000
16K_TTBR0_invalid0_L3 000000000000080f
16K_TTBR0_invalid1_L3.ttbr0 0000000040098000
16K_TTBR0_invalid1_L3.ttbr1 0000000040098000
16K_TTBR0_invalid1_L3.tcr 0000000040118011
16K_TTBR0_invalid1_L3.va 0000000000000234
16K_TTBR0_invalid1_L3.access 0000000000000000
16K_TTBR0_invalid1_L3.table0 0000000040094000
16K_TTBR0_invalid1_L3.value0 0000000000000000
16K_TTBR0_invalid1_L3.table1 0000000040098000
16K_TTBR0_invalid1_L3.value1 000000004009c003
16K_TTBR0_invalid1_L3.table2 000000004009c000
16K_TTBR0_invalid1_L3.value2 00000000400a0003
16K_TTBR0_invalid1_L3.table3 00000000400a0000
16K_TTBR0_invalid1_L3.value3 0000000000000002
16K_TTBR0_invalid1_L3 000000000000080f
16K_TTBR1_invalid0_L3.ttbr0 0000000040098000
16K_TTBR1_invalid0_L3.ttbr1 0000000040098000
16K_TTBR1_invalid0_L3.tcr 0000000040118011
16K_TTBR1_invalid0_L3.va ffff800000000234
16K_TTBR1_invalid0_L3.access 0000000000000000
16K_TTBR1_invalid0_L3.table0 0000000040094000
16K_TTBR1_invalid0_L3.value0 0000000000000000
16K_TTBR1_invalid0_L3.table1 0000000040098000
16K_TTBR1_invalid0_L3.value1 000000004009c003
16K_TTBR1_invalid0_L3.table2 000000004009c000
16K_TTBR1_invalid0_L3.value2 00000000400a0003
16K_TTBR1_invalid0_L3.table3 00000000400a0000
16K_TTBR1_invalid0_L3.value3 0000000000000000
16K_TTBR1_invalid0_L3 000000000000080f
16K_TTBR1_invalid1_L3.ttbr0 0000000040098000
16K_TTBR1_invalid1_L3.ttbr1 0000000040098000
16K_TTBR1_invalid1_L3.tcr 0000000040118011
16K_TTBR1_invalid1_L3.va ffff800000000234
16K_TTBR1_invalid1_L3.access 0000000000000000
16K_TTBR1_invalid1_L3.table0 0000000040094000
16K_TTBR1_invalid1_L3.value0 0000000000000000
16K_TTBR1_invalid1_L3.table1 0000000040098000
16K_TTBR1_invalid1_L3.value1 000000004009c003
16K_TTBR1_invalid1_L3.table2 000000004009c000
16K_TTBR1_invalid1_L3.value2 00000000400a0003
16K_TTBR1_invalid1_L3.table3 00000000400a0000
16K_TTBR1_invalid1_L3.value3 0000000000000002
16K_TTBR1_invalid1_L3 000000000000080f
16K_reserved_block_L3.ttbr0 0000000040098000
16K_reserved_block_L3.ttbr1 0000000040098000
16K_reserved_block_L3.tcr 0000000040118011
16K_reserved_block_L3.va 0000000000000234
16K_reserved_block_L3.access 0000000000000000
16K_reserved_block_L3.table0 0000000040094000
16K_reserved_block_L3.value0 0000000000000000
16K_reserved_block_L3.table1 0000000040098000
16K_reserved_block_L3.value1 000000004009c003
16K_reserved_block_L3.table2 000000004009c000
16K_reserved_block_L3.value2 00000000400a0003
16K_reserved_block_L3.table3 00000000400a0000
16K_reserved_block_L3.value3 0000000000000401
16K_reserved_block_L3 000000000000080f
16K_leaf_kind3_L2.ttbr0 0000000040098000
16K_leaf_kind3_L2.ttbr1 0000000040098000
16K_leaf_kind3_L2.tcr 0000000040118011
16K_leaf_kind3_L2.va 0000000000000234
16K_leaf_kind3_L2.access 0000000000000000
16K_leaf_kind3_L2.table0 0000000040094000
16K_leaf_kind3_L2.value0 0000000000000000
16K_leaf_kind3_L2.table1 0000000040098000
16K_leaf_kind3_L2.value1 000000004009c003
16K_leaf_kind3_L2.table2 000000004009c000
16K_leaf_kind3_L2.value2 0000000040000001
16K_leaf_kind3_L2.table3 00000000400a0000
16K_leaf_kind3_L2.value3 0000000000000000
16K_leaf_kind3_L2 0000000000000815
16K_leaf_kind4_L2.ttbr0 0000000040098000
16K_leaf_kind4_L2.ttbr1 0000000040098000
16K_leaf_kind4_L2.tcr 0000000040118011
16K_leaf_kind4_L2.va 0000000000000234
16K_leaf_kind4_L2.access 0000000000000001
16K_leaf_kind4_L2.table0 0000000040094000
16K_leaf_kind4_L2.value0 0000000000000000
16K_leaf_kind4_L2.table1 0000000040098000
16K_leaf_kind4_L2.value1 000000004009c003
16K_leaf_kind4_L2.table2 000000004009c000
16K_leaf_kind4_L2.value2 0000000040000481
16K_leaf_kind4_L2.table3 00000000400a0000
16K_leaf_kind4_L2.value3 0000000000000000
16K_leaf_kind4_L2 000000000000081d
16K_leaf_kind5_L2.ttbr0 0000000040098000
16K_leaf_kind5_L2.ttbr1 0000000040098000
16K_leaf_kind5_L2.tcr 0000000040118011
16K_leaf_kind5_L2.va 0000000000000234
16K_leaf_kind5_L2.access 0000000000000000
16K_leaf_kind5_L2.table0 0000000040094000
16K_leaf_kind5_L2.value0 0000000000000000
16K_leaf_kind5_L2.table1 0000000040098000
16K_leaf_kind5_L2.value1 000000004009c003
16K_leaf_kind5_L2.table2 000000004009c000
16K_leaf_kind5_L2.value2 0000000100000401
16K_leaf_kind5_L2.table3 00000000400a0000
16K_leaf_kind5_L2.value3 0000000000000000
16K_leaf_kind5_L2 0000000000000805
16K_leaf_success_L2.ttbr0 0000000040098000
16K_leaf_success_L2.ttbr1 0000000040098000
16K_leaf_success_L2.tcr 0000000040118011
16K_leaf_success_L2.va 0000000000000234
16K_leaf_success_L2.access 0000000000000000
16K_leaf_success_L2.table0 0000000040094000
16K_leaf_success_L2.value0 0000000000000000
16K_leaf_success_L2.table1 0000000040098000
16K_leaf_success_L2.value1 000000004009c003
16K_leaf_success_L2.table2 000000004009c000
16K_leaf_success_L2.value2 0000000040000401
16K_leaf_success_L2.table3 00000000400a0000
16K_leaf_success_L2.value3 0000000000000000
16K_leaf_success_L2 ff00000040000a00
16K_leaf_PA36_L2.ttbr0 0000000040098000
16K_leaf_PA36_L2.ttbr1 0000000040098000
16K_leaf_PA36_L2.tcr 0000000140118011
16K_leaf_PA36_L2.va 0000000000000234
16K_leaf_PA36_L2.access 0000000000000000
16K_leaf_PA36_L2.table0 0000000040094000
16K_leaf_PA36_L2.value0 0000000000000000
16K_leaf_PA36_L2.table1 0000000040098000
16K_leaf_PA36_L2.value1 000000004009c003
16K_leaf_PA36_L2.table2 000000004009c000
16K_leaf_PA36_L2.value2 0000000100000401
16K_leaf_PA36_L2.table3 00000000400a0000
16K_leaf_PA36_L2.value3 0000000000000000
16K_leaf_PA36_L2 ff00000100000a00
16K_leaf_kind3_L3.ttbr0 0000000040098000
16K_leaf_kind3_L3.ttbr1 0000000040098000
16K_leaf_kind3_L3.tcr 0000000040118011
16K_leaf_kind3_L3.va 0000000000000234
16K_leaf_kind3_L3.access 0000000000000000
16K_leaf_kind3_L3.table0 0000000040094000
16K_leaf_kind3_L3.value0 0000000000000000
16K_leaf_kind3_L3.table1 0000000040098000
16K_leaf_kind3_L3.value1 000000004009c003
16K_leaf_kind3_L3.table2 000000004009c000
16K_leaf_kind3_L3.value2 00000000400a0003
16K_leaf_kind3_L3.table3 00000000400a0000
16K_leaf_kind3_L3.value3 0000000040000003
16K_leaf_kind3_L3 0000000000000817
16K_leaf_kind4_L3.ttbr0 0000000040098000
16K_leaf_kind4_L3.ttbr1 0000000040098000
16K_leaf_kind4_L3.tcr 0000000040118011
16K_leaf_kind4_L3.va 0000000000000234
16K_leaf_kind4_L3.access 0000000000000001
16K_leaf_kind4_L3.table0 0000000040094000
16K_leaf_kind4_L3.value0 0000000000000000
16K_leaf_kind4_L3.table1 0000000040098000
16K_leaf_kind4_L3.value1 000000004009c003
16K_leaf_kind4_L3.table2 000000004009c000
16K_leaf_kind4_L3.value2 00000000400a0003
16K_leaf_kind4_L3.table3 00000000400a0000
16K_leaf_kind4_L3.value3 0000000040000483
16K_leaf_kind4_L3 000000000000081f
16K_leaf_kind5_L3.ttbr0 0000000040098000
16K_leaf_kind5_L3.ttbr1 0000000040098000
16K_leaf_kind5_L3.tcr 0000000040118011
16K_leaf_kind5_L3.va 0000000000000234
16K_leaf_kind5_L3.access 0000000000000000
16K_leaf_kind5_L3.table0 0000000040094000
16K_leaf_kind5_L3.value0 0000000000000000
16K_leaf_kind5_L3.table1 0000000040098000
16K_leaf_kind5_L3.value1 000000004009c003
16K_leaf_kind5_L3.table2 000000004009c000
16K_leaf_kind5_L3.value2 00000000400a0003
16K_leaf_kind5_L3.table3 00000000400a0000
16K_leaf_kind5_L3.value3 0000000100000403
16K_leaf_kind5_L3 0000000000000807
16K_leaf_success_L3.ttbr0 0000000040098000
16K_leaf_success_L3.ttbr1 0000000040098000
16K_leaf_success_L3.tcr 0000000040118011
16K_leaf_success_L3.va 0000000000000234
16K_leaf_success_L3.access 0000000000000000
16K_leaf_success_L3.table0 0000000040094000
16K_leaf_success_L3.value0 0000000000000000
16K_leaf_success_L3.table1 0000000040098000
16K_leaf_success_L3.value1 000000004009c003
16K_leaf_success_L3.table2 000000004009c000
16K_leaf_success_L3.value2 00000000400a0003
16K_leaf_success_L3.table3 00000000400a0000
16K_leaf_success_L3.value3 0000000040000403
16K_leaf_success_L3 ff00000040000a00
16K_leaf_PA36_L3.ttbr0 0000000040098000
16K_leaf_PA36_L3.ttbr1 0000000040098000
16K_leaf_PA36_L3.tcr 0000000140118011
16K_leaf_PA36_L3.va 0000000000000234
16K_leaf_PA36_L3.access 0000000000000000
16K_leaf_PA36_L3.table0 0000000040094000
16K_leaf_PA36_L3.value0 0000000000000000
16K_leaf_PA36_L3.table1 0000000040098000
16K_leaf_PA36_L3.value1 000000004009c003
16K_leaf_PA36_L3.table2 000000004009c000
16K_leaf_PA36_L3.value2 00000000400a0003
16K_leaf_PA36_L3.table3 00000000400a0000
16K_leaf_PA36_L3.value3 0000000100000403
16K_leaf_PA36_L3 ff00000100000a00
16K_root_PA32_start1_tsz17_T0.ttbr0 0000000100000000
16K_root_PA32_start1_tsz17_T0.ttbr1 0000000100000000
16K_root_PA32_start1_tsz17_T0.tcr 0000000040118011
16K_root_PA32_start1_tsz17_T0.va 0000000000000234
16K_root_PA32_start1_tsz17_T0.access 0000000000000000
16K_root_PA32_start1_tsz17_T0.table0 0000000040094000
16K_root_PA32_start1_tsz17_T0.value0 0000000000000000
16K_root_PA32_start1_tsz17_T0.table1 0000000040098000
16K_root_PA32_start1_tsz17_T0.value1 000000004009c003
16K_root_PA32_start1_tsz17_T0.table2 000000004009c000
16K_root_PA32_start1_tsz17_T0.value2 00000000400a0003
16K_root_PA32_start1_tsz17_T0.table3 00000000400a0000
16K_root_PA32_start1_tsz17_T0.value3 0000000040000403
16K_root_PA32_start1_tsz17_T0 0000000000000801
16K_EPD_start1_tsz17_T0.ttbr0 0000000040098000
16K_EPD_start1_tsz17_T0.ttbr1 0000000040098000
16K_EPD_start1_tsz17_T0.tcr 0000000040118091
16K_EPD_start1_tsz17_T0.va 0000000000000234
16K_EPD_start1_tsz17_T0.access 0000000000000000
16K_EPD_start1_tsz17_T0.table0 0000000040094000
16K_EPD_start1_tsz17_T0.value0 0000000000000000
16K_EPD_start1_tsz17_T0.table1 0000000040098000
16K_EPD_start1_tsz17_T0.value1 000000004009c003
16K_EPD_start1_tsz17_T0.table2 000000004009c000
16K_EPD_start1_tsz17_T0.value2 00000000400a0003
16K_EPD_start1_tsz17_T0.table3 00000000400a0000
16K_EPD_start1_tsz17_T0.value3 0000000040000403
16K_EPD_start1_tsz17_T0 0000000000000809
16K_invalid_start1_tsz17_T0.ttbr0 0000000040098000
16K_invalid_start1_tsz17_T0.ttbr1 0000000040098000
16K_invalid_start1_tsz17_T0.tcr 0000000040118011
16K_invalid_start1_tsz17_T0.va 0000000000000234
16K_invalid_start1_tsz17_T0.access 0000000000000000
16K_invalid_start1_tsz17_T0.table0 0000000040094000
16K_invalid_start1_tsz17_T0.value0 0000000000000000
16K_invalid_start1_tsz17_T0.table1 0000000040098000
16K_invalid_start1_tsz17_T0.value1 0000000000000000
16K_invalid_start1_tsz17_T0.table2 000000004009c000
16K_invalid_start1_tsz17_T0.value2 00000000400a0003
16K_invalid_start1_tsz17_T0.table3 00000000400a0000
16K_invalid_start1_tsz17_T0.value3 0000000000000000
16K_invalid_start1_tsz17_T0 000000000000080b
16K_root_PA32_start1_tsz17_T1.ttbr0 0000000100000000
16K_root_PA32_start1_tsz17_T1.ttbr1 0000000100000000
16K_root_PA32_start1_tsz17_T1.tcr 0000000040118011
16K_root_PA32_start1_tsz17_T1.va ffff800000000234
16K_root_PA32_start1_tsz17_T1.access 0000000000000000
16K_root_PA32_start1_tsz17_T1.table0 0000000040094000
16K_root_PA32_start1_tsz17_T1.value0 0000000000000000
16K_root_PA32_start1_tsz17_T1.table1 0000000040098000
16K_root_PA32_start1_tsz17_T1.value1 000000004009c003
16K_root_PA32_start1_tsz17_T1.table2 000000004009c000
16K_root_PA32_start1_tsz17_T1.value2 00000000400a0003
16K_root_PA32_start1_tsz17_T1.table3 00000000400a0000
16K_root_PA32_start1_tsz17_T1.value3 0000000040000403
16K_root_PA32_start1_tsz17_T1 0000000000000801
16K_EPD_start1_tsz17_T1.ttbr0 0000000040098000
16K_EPD_start1_tsz17_T1.ttbr1 0000000040098000
16K_EPD_start1_tsz17_T1.tcr 0000000040918011
16K_EPD_start1_tsz17_T1.va ffff800000000234
16K_EPD_start1_tsz17_T1.access 0000000000000000
16K_EPD_start1_tsz17_T1.table0 0000000040094000
16K_EPD_start1_tsz17_T1.value0 0000000000000000
16K_EPD_start1_tsz17_T1.table1 0000000040098000
16K_EPD_start1_tsz17_T1.value1 000000004009c003
16K_EPD_start1_tsz17_T1.table2 000000004009c000
16K_EPD_start1_tsz17_T1.value2 00000000400a0003
16K_EPD_start1_tsz17_T1.table3 00000000400a0000
16K_EPD_start1_tsz17_T1.value3 0000000040000403
16K_EPD_start1_tsz17_T1 0000000000000809
16K_invalid_start1_tsz17_T1.ttbr0 0000000040098000
16K_invalid_start1_tsz17_T1.ttbr1 0000000040098000
16K_invalid_start1_tsz17_T1.tcr 0000000040118011
16K_invalid_start1_tsz17_T1.va ffff800000000234
16K_invalid_start1_tsz17_T1.access 0000000000000000
16K_invalid_start1_tsz17_T1.table0 0000000040094000
16K_invalid_start1_tsz17_T1.value0 0000000000000000
16K_invalid_start1_tsz17_T1.table1 0000000040098000
16K_invalid_start1_tsz17_T1.value1 0000000000000000
16K_invalid_start1_tsz17_T1.table2 000000004009c000
16K_invalid_start1_tsz17_T1.value2 00000000400a0003
16K_invalid_start1_tsz17_T1.table3 00000000400a0000
16K_invalid_start1_tsz17_T1.value3 0000000000000000
16K_invalid_start1_tsz17_T1 000000000000080b
16K_noncanonical_tsz17.ttbr0 0000000040098000
16K_noncanonical_tsz17.ttbr1 0000000040098000
16K_noncanonical_tsz17.tcr 0000000040118011
16K_noncanonical_tsz17.va 0000800000000000
16K_noncanonical_tsz17.access 0000000000000000
16K_noncanonical_tsz17.table0 0000000040094000
16K_noncanonical_tsz17.value0 0000000000000000
16K_noncanonical_tsz17.table1 0000000040098000
16K_noncanonical_tsz17.value1 000000004009c003
16K_noncanonical_tsz17.table2 000000004009c000
16K_noncanonical_tsz17.value2 00000000400a0003
16K_noncanonical_tsz17.table3 00000000400a0000
16K_noncanonical_tsz17.value3 0000000040000403
16K_noncanonical_tsz17 0000000000000809
16K_root_PA32_start2_tsz28_T0.ttbr0 0000000100000000
16K_root_PA32_start2_tsz28_T0.ttbr1 0000000100000000
16K_root_PA32_start2_tsz28_T0.tcr 00000000401c801c
16K_root_PA32_start2_tsz28_T0.va 0000000000000234
16K_root_PA32_start2_tsz28_T0.access 0000000000000000
16K_root_PA32_start2_tsz28_T0.table0 0000000040094000
16K_root_PA32_start2_tsz28_T0.value0 0000000000000000
16K_root_PA32_start2_tsz28_T0.table1 0000000040098000
16K_root_PA32_start2_tsz28_T0.value1 0000000000000000
16K_root_PA32_start2_tsz28_T0.table2 000000004009c000
16K_root_PA32_start2_tsz28_T0.value2 00000000400a0003
16K_root_PA32_start2_tsz28_T0.table3 00000000400a0000
16K_root_PA32_start2_tsz28_T0.value3 0000000040000403
16K_root_PA32_start2_tsz28_T0 0000000000000801
16K_EPD_start2_tsz28_T0.ttbr0 000000004009c000
16K_EPD_start2_tsz28_T0.ttbr1 000000004009c000
16K_EPD_start2_tsz28_T0.tcr 00000000401c809c
16K_EPD_start2_tsz28_T0.va 0000000000000234
16K_EPD_start2_tsz28_T0.access 0000000000000000
16K_EPD_start2_tsz28_T0.table0 0000000040094000
16K_EPD_start2_tsz28_T0.value0 0000000000000000
16K_EPD_start2_tsz28_T0.table1 0000000040098000
16K_EPD_start2_tsz28_T0.value1 0000000000000000
16K_EPD_start2_tsz28_T0.table2 000000004009c000
16K_EPD_start2_tsz28_T0.value2 00000000400a0003
16K_EPD_start2_tsz28_T0.table3 00000000400a0000
16K_EPD_start2_tsz28_T0.value3 0000000040000403
16K_EPD_start2_tsz28_T0 0000000000000809
16K_invalid_start2_tsz28_T0.ttbr0 000000004009c000
16K_invalid_start2_tsz28_T0.ttbr1 000000004009c000
16K_invalid_start2_tsz28_T0.tcr 00000000401c801c
16K_invalid_start2_tsz28_T0.va 0000000000000234
16K_invalid_start2_tsz28_T0.access 0000000000000000
16K_invalid_start2_tsz28_T0.table0 0000000040094000
16K_invalid_start2_tsz28_T0.value0 0000000000000000
16K_invalid_start2_tsz28_T0.table1 0000000040098000
16K_invalid_start2_tsz28_T0.value1 0000000000000000
16K_invalid_start2_tsz28_T0.table2 000000004009c000
16K_invalid_start2_tsz28_T0.value2 0000000000000000
16K_invalid_start2_tsz28_T0.table3 00000000400a0000
16K_invalid_start2_tsz28_T0.value3 0000000000000000
16K_invalid_start2_tsz28_T0 000000000000080d
16K_root_PA32_start2_tsz28_T1.ttbr0 0000000100000000
16K_root_PA32_start2_tsz28_T1.ttbr1 0000000100000000
16K_root_PA32_start2_tsz28_T1.tcr 00000000401c801c
16K_root_PA32_start2_tsz28_T1.va fffffff000000234
16K_root_PA32_start2_tsz28_T1.access 0000000000000000
16K_root_PA32_start2_tsz28_T1.table0 0000000040094000
16K_root_PA32_start2_tsz28_T1.value0 0000000000000000
16K_root_PA32_start2_tsz28_T1.table1 0000000040098000
16K_root_PA32_start2_tsz28_T1.value1 0000000000000000
16K_root_PA32_start2_tsz28_T1.table2 000000004009c000
16K_root_PA32_start2_tsz28_T1.value2 00000000400a0003
16K_root_PA32_start2_tsz28_T1.table3 00000000400a0000
16K_root_PA32_start2_tsz28_T1.value3 0000000040000403
16K_root_PA32_start2_tsz28_T1 0000000000000801
16K_EPD_start2_tsz28_T1.ttbr0 000000004009c000
16K_EPD_start2_tsz28_T1.ttbr1 000000004009c000
16K_EPD_start2_tsz28_T1.tcr 00000000409c801c
16K_EPD_start2_tsz28_T1.va fffffff000000234
16K_EPD_start2_tsz28_T1.access 0000000000000000
16K_EPD_start2_tsz28_T1.table0 0000000040094000
16K_EPD_start2_tsz28_T1.value0 0000000000000000
16K_EPD_start2_tsz28_T1.table1 0000000040098000
16K_EPD_start2_tsz28_T1.value1 0000000000000000
16K_EPD_start2_tsz28_T1.table2 000000004009c000
16K_EPD_start2_tsz28_T1.value2 00000000400a0003
16K_EPD_start2_tsz28_T1.table3 00000000400a0000
16K_EPD_start2_tsz28_T1.value3 0000000040000403
16K_EPD_start2_tsz28_T1 0000000000000809
16K_invalid_start2_tsz28_T1.ttbr0 000000004009c000
16K_invalid_start2_tsz28_T1.ttbr1 000000004009c000
16K_invalid_start2_tsz28_T1.tcr 00000000401c801c
16K_invalid_start2_tsz28_T1.va fffffff000000234
16K_invalid_start2_tsz28_T1.access 0000000000000000
16K_invalid_start2_tsz28_T1.table0 0000000040094000
16K_invalid_start2_tsz28_T1.value0 0000000000000000
16K_invalid_start2_tsz28_T1.table1 0000000040098000
16K_invalid_start2_tsz28_T1.value1 0000000000000000
16K_invalid_start2_tsz28_T1.table2 000000004009c000
16K_invalid_start2_tsz28_T1.value2 0000000000000000
16K_invalid_start2_tsz28_T1.table3 00000000400a0000
16K_invalid_start2_tsz28_T1.value3 0000000000000000
16K_invalid_start2_tsz28_T1 000000000000080d
16K_noncanonical_tsz28.ttbr0 000000004009c000
16K_noncanonical_tsz28.ttbr1 000000004009c000
16K_noncanonical_tsz28.tcr 00000000401c801c
16K_noncanonical_tsz28.va 0000001000000000
16K_noncanonical_tsz28.access 0000000000000000
16K_noncanonical_tsz28.table0 0000000040094000
16K_noncanonical_tsz28.value0 0000000000000000
16K_noncanonical_tsz28.table1 0000000040098000
16K_noncanonical_tsz28.value1 0000000000000000
16K_noncanonical_tsz28.table2 000000004009c000
16K_noncanonical_tsz28.value2 00000000400a0003
16K_noncanonical_tsz28.table3 00000000400a0000
16K_noncanonical_tsz28.value3 0000000040000403
16K_noncanonical_tsz28 0000000000000809
16K_root_PA32_start3_tsz39_T0.ttbr0 0000000100000000
16K_root_PA32_start3_tsz39_T0.ttbr1 0000000100000000
16K_root_PA32_start3_tsz39_T0.tcr 0000000040278027
16K_root_PA32_start3_tsz39_T0.va 0000000000000234
16K_root_PA32_start3_tsz39_T0.access 0000000000000000
16K_root_PA32_start3_tsz39_T0.table0 0000000040094000
16K_root_PA32_start3_tsz39_T0.value0 0000000000000000
16K_root_PA32_start3_tsz39_T0.table1 0000000040098000
16K_root_PA32_start3_tsz39_T0.value1 0000000000000000
16K_root_PA32_start3_tsz39_T0.table2 000000004009c000
16K_root_PA32_start3_tsz39_T0.value2 0000000000000000
16K_root_PA32_start3_tsz39_T0.table3 00000000400a0000
16K_root_PA32_start3_tsz39_T0.value3 0000000040000403
16K_root_PA32_start3_tsz39_T0 0000000000000801
16K_EPD_start3_tsz39_T0.ttbr0 00000000400a0000
16K_EPD_start3_tsz39_T0.ttbr1 00000000400a0000
16K_EPD_start3_tsz39_T0.tcr 00000000402780a7
16K_EPD_start3_tsz39_T0.va 0000000000000234
16K_EPD_start3_tsz39_T0.access 0000000000000000
16K_EPD_start3_tsz39_T0.table0 0000000040094000
16K_EPD_start3_tsz39_T0.value0 0000000000000000
16K_EPD_start3_tsz39_T0.table1 0000000040098000
16K_EPD_start3_tsz39_T0.value1 0000000000000000
16K_EPD_start3_tsz39_T0.table2 000000004009c000
16K_EPD_start3_tsz39_T0.value2 0000000000000000
16K_EPD_start3_tsz39_T0.table3 00000000400a0000
16K_EPD_start3_tsz39_T0.value3 0000000040000403
16K_EPD_start3_tsz39_T0 0000000000000809
16K_invalid_start3_tsz39_T0.ttbr0 00000000400a0000
16K_invalid_start3_tsz39_T0.ttbr1 00000000400a0000
16K_invalid_start3_tsz39_T0.tcr 0000000040278027
16K_invalid_start3_tsz39_T0.va 0000000000000234
16K_invalid_start3_tsz39_T0.access 0000000000000000
16K_invalid_start3_tsz39_T0.table0 0000000040094000
16K_invalid_start3_tsz39_T0.value0 0000000000000000
16K_invalid_start3_tsz39_T0.table1 0000000040098000
16K_invalid_start3_tsz39_T0.value1 0000000000000000
16K_invalid_start3_tsz39_T0.table2 000000004009c000
16K_invalid_start3_tsz39_T0.value2 0000000000000000
16K_invalid_start3_tsz39_T0.table3 00000000400a0000
16K_invalid_start3_tsz39_T0.value3 0000000000000000
16K_invalid_start3_tsz39_T0 000000000000080f
16K_root_PA32_start3_tsz39_T1.ttbr0 0000000100000000
16K_root_PA32_start3_tsz39_T1.ttbr1 0000000100000000
16K_root_PA32_start3_tsz39_T1.tcr 0000000040278027
16K_root_PA32_start3_tsz39_T1.va fffffffffe000234
16K_root_PA32_start3_tsz39_T1.access 0000000000000000
16K_root_PA32_start3_tsz39_T1.table0 0000000040094000
16K_root_PA32_start3_tsz39_T1.value0 0000000000000000
16K_root_PA32_start3_tsz39_T1.table1 0000000040098000
16K_root_PA32_start3_tsz39_T1.value1 0000000000000000
16K_root_PA32_start3_tsz39_T1.table2 000000004009c000
16K_root_PA32_start3_tsz39_T1.value2 0000000000000000
16K_root_PA32_start3_tsz39_T1.table3 00000000400a0000
16K_root_PA32_start3_tsz39_T1.value3 0000000040000403
16K_root_PA32_start3_tsz39_T1 0000000000000801
16K_EPD_start3_tsz39_T1.ttbr0 00000000400a0000
16K_EPD_start3_tsz39_T1.ttbr1 00000000400a0000
16K_EPD_start3_tsz39_T1.tcr 0000000040a78027
16K_EPD_start3_tsz39_T1.va fffffffffe000234
16K_EPD_start3_tsz39_T1.access 0000000000000000
16K_EPD_start3_tsz39_T1.table0 0000000040094000
16K_EPD_start3_tsz39_T1.value0 0000000000000000
16K_EPD_start3_tsz39_T1.table1 0000000040098000
16K_EPD_start3_tsz39_T1.value1 0000000000000000
16K_EPD_start3_tsz39_T1.table2 000000004009c000
16K_EPD_start3_tsz39_T1.value2 0000000000000000
16K_EPD_start3_tsz39_T1.table3 00000000400a0000
16K_EPD_start3_tsz39_T1.value3 0000000040000403
16K_EPD_start3_tsz39_T1 0000000000000809
16K_invalid_start3_tsz39_T1.ttbr0 00000000400a0000
16K_invalid_start3_tsz39_T1.ttbr1 00000000400a0000
16K_invalid_start3_tsz39_T1.tcr 0000000040278027
16K_invalid_start3_tsz39_T1.va fffffffffe000234
16K_invalid_start3_tsz39_T1.access 0000000000000000
16K_invalid_start3_tsz39_T1.table0 0000000040094000
16K_invalid_start3_tsz39_T1.value0 0000000000000000
16K_invalid_start3_tsz39_T1.table1 0000000040098000
16K_invalid_start3_tsz39_T1.value1 0000000000000000
16K_invalid_start3_tsz39_T1.table2 000000004009c000
16K_invalid_start3_tsz39_T1.value2 0000000000000000
16K_invalid_start3_tsz39_T1.table3 00000000400a0000
16K_invalid_start3_tsz39_T1.value3 0000000000000000
16K_invalid_start3_tsz39_T1 000000000000080f
16K_noncanonical_tsz39.ttbr0 00000000400a0000
16K_noncanonical_tsz39.ttbr1 00000000400a0000
16K_noncanonical_tsz39.tcr 0000000040278027
16K_noncanonical_tsz39.va 0000000002000000
16K_noncanonical_tsz39.access 0000000000000000
16K_noncanonical_tsz39.table0 0000000040094000
16K_noncanonical_tsz39.value0 0000000000000000
16K_noncanonical_tsz39.table1 0000000040098000
16K_noncanonical_tsz39.value1 0000000000000000
16K_noncanonical_tsz39.table2 000000004009c000
16K_noncanonical_tsz39.value2 0000000000000000
16K_noncanonical_tsz39.table3 00000000400a0000
16K_noncanonical_tsz39.value3 0000000040000403
16K_noncanonical_tsz39 0000000000000809
16K_root_PA32_start3_tsz47_T0.ttbr0 0000000100000000
16K_root_PA32_start3_tsz47_T0.ttbr1 0000000100000000
16K_root_PA32_start3_tsz47_T0.tcr 00000000402f802f
16K_root_PA32_start3_tsz47_T0.va 0000000000000234
16K_root_PA32_start3_tsz47_T0.access 0000000000000000
16K_root_PA32_start3_tsz47_T0.table0 0000000040094000
16K_root_PA32_start3_tsz47_T0.value0 0000000000000000
16K_root_PA32_start3_tsz47_T0.table1 0000000040098000
16K_root_PA32_start3_tsz47_T0.value1 0000000000000000
16K_root_PA32_start3_tsz47_T0.table2 000000004009c000
16K_root_PA32_start3_tsz47_T0.value2 0000000000000000
16K_root_PA32_start3_tsz47_T0.table3 00000000400a0000
16K_root_PA32_start3_tsz47_T0.value3 0000000040000403
16K_root_PA32_start3_tsz47_T0 0000000000000801
16K_EPD_start3_tsz47_T0.ttbr0 00000000400a0000
16K_EPD_start3_tsz47_T0.ttbr1 00000000400a0000
16K_EPD_start3_tsz47_T0.tcr 00000000402f80af
16K_EPD_start3_tsz47_T0.va 0000000000000234
16K_EPD_start3_tsz47_T0.access 0000000000000000
16K_EPD_start3_tsz47_T0.table0 0000000040094000
16K_EPD_start3_tsz47_T0.value0 0000000000000000
16K_EPD_start3_tsz47_T0.table1 0000000040098000
16K_EPD_start3_tsz47_T0.value1 0000000000000000
16K_EPD_start3_tsz47_T0.table2 000000004009c000
16K_EPD_start3_tsz47_T0.value2 0000000000000000
16K_EPD_start3_tsz47_T0.table3 00000000400a0000
16K_EPD_start3_tsz47_T0.value3 0000000040000403
16K_EPD_start3_tsz47_T0 0000000000000809
16K_invalid_start3_tsz47_T0.ttbr0 00000000400a0000
16K_invalid_start3_tsz47_T0.ttbr1 00000000400a0000
16K_invalid_start3_tsz47_T0.tcr 00000000402f802f
16K_invalid_start3_tsz47_T0.va 0000000000000234
16K_invalid_start3_tsz47_T0.access 0000000000000000
16K_invalid_start3_tsz47_T0.table0 0000000040094000
16K_invalid_start3_tsz47_T0.value0 0000000000000000
16K_invalid_start3_tsz47_T0.table1 0000000040098000
16K_invalid_start3_tsz47_T0.value1 0000000000000000
16K_invalid_start3_tsz47_T0.table2 000000004009c000
16K_invalid_start3_tsz47_T0.value2 0000000000000000
16K_invalid_start3_tsz47_T0.table3 00000000400a0000
16K_invalid_start3_tsz47_T0.value3 0000000000000000
16K_invalid_start3_tsz47_T0 000000000000080f
16K_root_PA32_start3_tsz47_T1.ttbr0 0000000100000000
16K_root_PA32_start3_tsz47_T1.ttbr1 0000000100000000
16K_root_PA32_start3_tsz47_T1.tcr 00000000402f802f
16K_root_PA32_start3_tsz47_T1.va fffffffffffe0234
16K_root_PA32_start3_tsz47_T1.access 0000000000000000
16K_root_PA32_start3_tsz47_T1.table0 0000000040094000
16K_root_PA32_start3_tsz47_T1.value0 0000000000000000
16K_root_PA32_start3_tsz47_T1.table1 0000000040098000
16K_root_PA32_start3_tsz47_T1.value1 0000000000000000
16K_root_PA32_start3_tsz47_T1.table2 000000004009c000
16K_root_PA32_start3_tsz47_T1.value2 0000000000000000
16K_root_PA32_start3_tsz47_T1.table3 00000000400a0000
16K_root_PA32_start3_tsz47_T1.value3 0000000040000403
16K_root_PA32_start3_tsz47_T1 0000000000000801
16K_EPD_start3_tsz47_T1.ttbr0 00000000400a0000
16K_EPD_start3_tsz47_T1.ttbr1 00000000400a0000
16K_EPD_start3_tsz47_T1.tcr 0000000040af802f
16K_EPD_start3_tsz47_T1.va fffffffffffe0234
16K_EPD_start3_tsz47_T1.access 0000000000000000
16K_EPD_start3_tsz47_T1.table0 0000000040094000
16K_EPD_start3_tsz47_T1.value0 0000000000000000
16K_EPD_start3_tsz47_T1.table1 0000000040098000
16K_EPD_start3_tsz47_T1.value1 0000000000000000
16K_EPD_start3_tsz47_T1.table2 000000004009c000
16K_EPD_start3_tsz47_T1.value2 0000000000000000
16K_EPD_start3_tsz47_T1.table3 00000000400a0000
16K_EPD_start3_tsz47_T1.value3 0000000040000403
16K_EPD_start3_tsz47_T1 0000000000000809
16K_invalid_start3_tsz47_T1.ttbr0 00000000400a0000
16K_invalid_start3_tsz47_T1.ttbr1 00000000400a0000
16K_invalid_start3_tsz47_T1.tcr 00000000402f802f
16K_invalid_start3_tsz47_T1.va fffffffffffe0234
16K_invalid_start3_tsz47_T1.access 0000000000000000
16K_invalid_start3_tsz47_T1.table0 0000000040094000
16K_invalid_start3_tsz47_T1.value0 0000000000000000
16K_invalid_start3_tsz47_T1.table1 0000000040098000
16K_invalid_start3_tsz47_T1.value1 0000000000000000
16K_invalid_start3_tsz47_T1.table2 000000004009c000
16K_invalid_start3_tsz47_T1.value2 0000000000000000
16K_invalid_start3_tsz47_T1.table3 00000000400a0000
16K_invalid_start3_tsz47_T1.value3 0000000000000000
16K_invalid_start3_tsz47_T1 000000000000080f
16K_noncanonical_tsz47.ttbr0 00000000400a0000
16K_noncanonical_tsz47.ttbr1 00000000400a0000
16K_noncanonical_tsz47.tcr 00000000402f802f
16K_noncanonical_tsz47.va 0000000000020000
16K_noncanonical_tsz47.access 0000000000000000
16K_noncanonical_tsz47.table0 0000000040094000
16K_noncanonical_tsz47.value0 0000000000000000
16K_noncanonical_tsz47.table1 0000000040098000
16K_noncanonical_tsz47.value1 0000000000000000
16K_noncanonical_tsz47.table2 000000004009c000
16K_noncanonical_tsz47.value2 0000000000000000
16K_noncanonical_tsz47.table3 00000000400a0000
16K_noncanonical_tsz47.value3 0000000040000403
16K_noncanonical_tsz47 0000000000000809
