[2J[01;01H[=3h[2J[01;01H[2J[01;01H[=3h[2J[01;01H[2J[01;01H[=3h[2J[01;01HBdsDxe: loading Boot0001 "UEFI QEMU HARDDISK QM00001 " from PciRoot(0x0)/Pci(0x1F,0x2)/Sata(0x0,0xFFFF,0x0)
BdsDxe: starting Boot0001 "UEFI QEMU HARDDISK QM00001 " from PciRoot(0x0)/Pci(0x1F,0x2)/Sata(0x0,0xFFFF,0x0)
NextCore
NextCore
NEXTCORE: EFI_ENTRY
NEXTCORE: CONFIG_READ bytes=583
NEXTCORE: CONFIG_PARSED
NEXTCORE: IMAGE_LOAD_BEGIN
NEXTCORE: CONSOLE_INSTALLED text_mode=2 columns=100 rows=31 system_graphics=true
NEXTCORE: IMAGE_START
NXAPFS: EFI_ENTRY
NXAPFS: EXTRACT_OK bytes=29696 block_size=4096 extents=2 readback=true
NXAPFS: DRIVER_START
NXTEST: EFI_ENTRY
NXTEST: OPTIONS_EMPTY
NEXTCORE: IMAGE_EXIT_DATA bytes=0 copied=0 pointer=null
NXAPFS: DRIVER_RETURN status=SUCCESS
NXAPFS: DRIVER_RESIDENT
NXAPFS: CONNECT status=NOT_FOUND
NXAPFS: RESULT status=NOT_FOUND
NEXTCORE: IMAGE_EXIT_DATA bytes=0 copied=0 pointer=null
NEXTCORE: CONSOLE_UNINSTALL status=SUCCESS
NEXTCORE: CONSOLE_RELEASE reused=false removed=true storage_freed=true
NEXTCORE: IMAGE_RETURN status=NOT_FOUND
