[2J[01;01H[=3h[2J[01;01H[2J[01;01H[=3h[2J[01;01H[2J[01;01H[=3h[2J[01;01HBdsDxe: loading Boot0001 "UEFI QEMU HARDDISK QM00001 " from PciRoot(0x0)/Pci(0x1F,0x2)/Sata(0x0,0xFFFF,0x0)
BdsDxe: starting Boot0001 "UEFI QEMU HARDDISK QM00001 " from PciRoot(0x0)/Pci(0x1F,0x2)/Sata(0x0,0xFFFF,0x0)
NextCore
NextCore
NEXTCORE: EFI_ENTRY
NEXTCORE: CONFIG_READ bytes=762
NEXTCORE: CONFIG_PARSED
NEXTCORE: PICKER_BEGIN entries=2
NEXTCORE: PICKER_READY renderer=GOP selected=0
NEXTCORE: PICKER_BOOT index=0
NEXTCORE: IMAGE_LOAD_BEGIN
NEXTCORE: IMAGE_START
NXTEST: EFI_ENTRY
NXTEST: OPTIONS_OK
NEXTCORE: IMAGE_EXIT_DATA bytes=0 copied=0 pointer=null
NEXTCORE: IMAGE_RETURN status=ABORTED
NEXTCORE: BOOT_FAILED index=0 status=ABORTED
Boot failed. Press any key to return to the boot menu.
NEXTCORE: PICKER_RETRY
NEXTCORE: PICKER_BEGIN entries=2
NEXTCORE: PICKER_READY renderer=GOP selected=0
NEXTCORE: PICKER_READY renderer=GOP selected=1
NEXTCORE: PICKER_BOOT index=1
NEXTCORE: IMAGE_LOAD_BEGIN
NEXTCORE: IMAGE_START
NXTEST: EFI_ENTRY
NXTEST: OPTIONS_EMPTY
NEXTCORE: IMAGE_EXIT_DATA bytes=0 copied=0 pointer=null
NEXTCORE: IMAGE_RETURN status=SUCCESS
